Archive member included to satisfy reference by file (symbol)

C:/Program Files/SEGGER/SEGGER Embedded Studio for ARM 7.22/lib/libc_v7em_fpv4_sp_d16_hard_t_le_eabi_balanced.a(intasmops_arm.o)
                              build/beaconing_nrf52840_xxAA_s140_7.2.0_Release/obj/simple_hal.o (__aeabi_ldivmod)
C:/Program Files/SEGGER/SEGGER Embedded Studio for ARM 7.22/lib/libc_v7em_fpv4_sp_d16_hard_t_le_eabi_balanced.a(__SEGGER_RTL_vfprintf_int.o)
                              (__SEGGER_RTL_vfprintf_int)
C:/Program Files/SEGGER/SEGGER Embedded Studio for ARM 7.22/lib/libc_v7em_fpv4_sp_d16_hard_t_le_eabi_balanced.a(__SEGGER_RTL_vfscanf_int.o)
                              (__SEGGER_RTL_vfscanf_int)
C:/Program Files/SEGGER/SEGGER Embedded Studio for ARM 7.22/lib/libc_v7em_fpv4_sp_d16_hard_t_le_eabi_balanced.a(mbops.o)
                              C:/Program Files/SEGGER/SEGGER Embedded Studio for ARM 7.22/lib/libc_v7em_fpv4_sp_d16_hard_t_le_eabi_balanced.a(__SEGGER_RTL_vfscanf_int.o) (isdigit)
C:/Program Files/SEGGER/SEGGER Embedded Studio for ARM 7.22/lib/libc_v7em_fpv4_sp_d16_hard_t_le_eabi_balanced.a(sortops.o)
                              C:/Program Files/SEGGER/SEGGER Embedded Studio for ARM 7.22/lib/libc_v7em_fpv4_sp_d16_hard_t_le_eabi_balanced.a(mbops.o) (bsearch)
C:/Program Files/SEGGER/SEGGER Embedded Studio for ARM 7.22/lib/libc_v7em_fpv4_sp_d16_hard_t_le_eabi_balanced.a(timeops.o)
                              C:/Program Files/SEGGER/SEGGER Embedded Studio for ARM 7.22/lib/libc_v7em_fpv4_sp_d16_hard_t_le_eabi_balanced.a(mbops.o) (__SEGGER_RTL_string_list_encode)
C:/Program Files/SEGGER/SEGGER Embedded Studio for ARM 7.22/lib/libc_v7em_fpv4_sp_d16_hard_t_le_eabi_balanced.a(utilops.o)
                              C:/Program Files/SEGGER/SEGGER Embedded Studio for ARM 7.22/lib/libc_v7em_fpv4_sp_d16_hard_t_le_eabi_balanced.a(__SEGGER_RTL_vfscanf_int.o) (__SEGGER_RTL_digit)
C:/Program Files/SEGGER/SEGGER Embedded Studio for ARM 7.22/lib/libc_v7em_fpv4_sp_d16_hard_t_le_eabi_balanced.a(floatasmops_arm.o)
                              C:/Program Files/SEGGER/SEGGER Embedded Studio for ARM 7.22/lib/libc_v7em_fpv4_sp_d16_hard_t_le_eabi_balanced.a(utilops.o) (__aeabi_dmul)
C:/Program Files/SEGGER/SEGGER Embedded Studio for ARM 7.22/lib/libc_v7em_fpv4_sp_d16_hard_t_le_eabi_balanced.a(prinops.o)
                              C:/Program Files/SEGGER/SEGGER Embedded Studio for ARM 7.22/lib/libc_v7em_fpv4_sp_d16_hard_t_le_eabi_balanced.a(__SEGGER_RTL_vfprintf_int.o) (__SEGGER_RTL_putc)
C:/Program Files/SEGGER/SEGGER Embedded Studio for ARM 7.22/lib/libc_v7em_fpv4_sp_d16_hard_t_le_eabi_balanced.a(errno.o)
                              C:/Program Files/SEGGER/SEGGER Embedded Studio for ARM 7.22/lib/libc_v7em_fpv4_sp_d16_hard_t_le_eabi_balanced.a(mbops.o) (__aeabi_errno_addr)
C:/Program Files/SEGGER/SEGGER Embedded Studio for ARM 7.22/lib/libc_v7em_fpv4_sp_d16_hard_t_le_eabi_balanced.a(fileops.o)
                              C:/Program Files/SEGGER/SEGGER Embedded Studio for ARM 7.22/lib/libc_v7em_fpv4_sp_d16_hard_t_le_eabi_balanced.a(prinops.o) (fwrite)
C:/Program Files/SEGGER/SEGGER Embedded Studio for ARM 7.22/lib/libc_v7em_fpv4_sp_d16_hard_t_le_eabi_balanced.a(intops.o)
                              C:/Program Files/SEGGER/SEGGER Embedded Studio for ARM 7.22/lib/libc_v7em_fpv4_sp_d16_hard_t_le_eabi_balanced.a(timeops.o) (div)
C:/Program Files/SEGGER/SEGGER Embedded Studio for ARM 7.22/lib/heapops_disable_interrupts_locking_v7em_fpv4_sp_d16_hard_t_le_eabi_balanced.a(heapops.o)
                              build/beaconing_nrf52840_xxAA_s140_7.2.0_Release/obj/mesh_mem_stdlib.o (malloc)
C:/Program Files/SEGGER/SEGGER Embedded Studio for ARM 7.22/lib/strops_unaligned_v7em_fpv4_sp_d16_hard_t_le_eabi_balanced.a(strops.o)
                              build/beaconing_nrf52840_xxAA_s140_7.2.0_Release/obj/cache.o (memcmp)
C:/Program Files/SEGGER/SEGGER Embedded Studio for ARM 7.22/lib/strops_unaligned_v7em_fpv4_sp_d16_hard_t_le_eabi_balanced.a(strasmops_arm.o)
                              C:/Program Files/SEGGER/SEGGER Embedded Studio for ARM 7.22/lib/libc_v7em_fpv4_sp_d16_hard_t_le_eabi_balanced.a(timeops.o) (strcmp)
C:/Program Files/SEGGER/SEGGER Embedded Studio for ARM 7.22/lib/libc_v7em_fpv4_sp_d16_hard_t_le_eabi_balanced.a(execops.o)
                              C:/Program Files/SEGGER/SEGGER Embedded Studio for ARM 7.22/lib/strops_unaligned_v7em_fpv4_sp_d16_hard_t_le_eabi_balanced.a(strops.o) (__SEGGER_RTL_constraint_violation)
C:/Program Files/SEGGER/SEGGER Embedded Studio for ARM 7.22/lib/libc_v7em_fpv4_sp_d16_hard_t_le_eabi_balanced.a(execops_arm.o)
                              C:/Program Files/SEGGER/SEGGER Embedded Studio for ARM 7.22/lib/libc_v7em_fpv4_sp_d16_hard_t_le_eabi_balanced.a(execops.o) (__aeabi_SIGABRT)
C:/Program Files/SEGGER/SEGGER Embedded Studio for ARM 7.22/lib/libc_v7em_fpv4_sp_d16_hard_t_le_eabi_balanced.a(convops.o)
[...]
Memory Configuration

Name             Origin             Length             Attributes
UNPLACED_SECTIONS 0x0000000100000000 0x0000000000000000 xw
RAM1             0x0000000020000000 0x000000000003f000 xw
FLASH            0x0000000000000000 0x00000000000f8000 xw
*default*        0x0000000000000000 0xffffffffffffffff

Linker script and memory map

                0x0000000020000000                __RAM1_segment_start__ = 0x20000000
                0x000000002003f000                __RAM1_segment_end__ = 0x2003f000
                0x000000000003f000                __RAM1_segment_size__ = 0x3f000
                0x0000000000000000                __FLASH_segment_start__ = 0x0
                0x00000000000f8000                __FLASH_segment_end__ = 0xf8000
                0x00000000000f8000                __FLASH_segment_size__ = 0xf8000
                0x0000000000000400                __HEAPSIZE__ = 0x400
                0x0000000000000000                __SEGGER_RTL_vfprintf = __SEGGER_RTL_vfprintf_int
                0x0000000000000000                __SEGGER_RTL_vfscanf = __SEGGER_RTL_vfscanf_int
                0x0000000000000000                __STACKSIZE_PROCESS__ = 0x0
                0x0000000000000800                __STACKSIZE__ = 0x800
                0x0000000020000000                __reserved_ram_load_start__ = 0x20000000

.reserved_ram   0x0000000020000000     0x2e00
                0x0000000020000000                __reserved_ram_start__ = .
 *(.reserved_ram .reserved_ram.*)
                0x0000000020002e00                . = MAX (((__reserved_ram_start__ + 0x20002e00) - 0x20000000), .)
 *fill*         0x0000000020000000     0x2e00 
                0x0000000020002e00                __reserved_ram_end__ = (__reserved_ram_start__ + SIZEOF (.reserved_ram))
                0x0000000000002e00                __reserved_ram_size__ = SIZEOF (.reserved_ram)
                0x0000000020002e00                __reserved_ram_load_end__ = __reserved_ram_end__
                0x0000000000000001                . = ASSERT (((__reserved_ram_start__ == __reserved_ram_end__) || ((__reserved_ram_end__ - __RAM1_segment_start__) <= __RAM1_segment_size__)), error: .reserved_ram is too large to fit in RAM1 memory segment)
                0x0000000000000001                . = ASSERT ((__reserved_ram_size__ <= 0x2e00), error: .reserved_ram section is larger than specified size)
                0x0000000020002e00                __vectors_ram_load_start__ = 0x20002e00

.vectors_ram    0x0000000020002e00        0x0
                0x0000000020002e00                __vectors_ram_start__ = .
                0x0000000020002e00                __app_ram_start__ = __vectors_ram_start__
 *(.vectors_ram .vectors_ram.*)
                0x0000000020002e00                __vectors_ram_end__ = (__vectors_ram_start__ + SIZEOF (.vectors_ram))
                0x0000000000000000                __vectors_ram_size__ = SIZEOF (.vectors_ram)
                0x0000000020002e00                __vectors_ram_load_end__ = __vectors_ram_end__
                0x0000000000000001                . = ASSERT (((__vectors_ram_start__ == __vectors_ram_end__) || ((__vectors_ram_end__ - __RAM1_segment_start__) <= __RAM1_segment_size__)), error: .vectors_ram is too large to fit in RAM1 memory segment)
                0x0000000000000001                . = ASSERT ((__reserved_ram_end__ <= __vectors_ram_start__), error: section .reserved_ram overlaps absolute placed section .vectors_ram)
                0x0000000020002e00                __nrf_sections_run_load_start__ = ALIGN (__vectors_ram_end__, 0x4)

.nrf_sections_run
                0x0000000020002e00        0x0
                0x0000000020002e00                __nrf_sections_run_start__ = .
                0x0000000020002e00                __start_nrf_sections_run = __nrf_sections_run_start__
 *(.nrf_sections_run .nrf_sections_run.*)
                0x0000000020002e00                __nrf_sections_run_end__ = (__nrf_sections_run_start__ + SIZEOF (.nrf_sections_run))
                0x0000000000000000                __nrf_sections_run_size__ = SIZEOF (.nrf_sections_run)
                0x0000000020002e00                __nrf_sections_run_load_end__ = __nrf_sections_run_end__
                0x0000000000000001                . = ASSERT (((__nrf_sections_run_start__ == __nrf_sections_run_end__) || ((__nrf_sections_run_end__ - __RAM1_segment_start__) <= __RAM1_segment_size__)), error: .nrf_sections_run is too large to fit in RAM1 memory segment)
                0x0000000000000000                __reserved_flash_load_start__ = 0x0

.reserved_flash
                0x0000000000000000    0x27000
                0x0000000000000000                __reserved_flash_start__ = .
 *(.reserved_flash .reserved_flash.*)
                0x0000000000027000                . = MAX (((__reserved_flash_start__ + 0x27000) - 0x0), .)
 *fill*         0x0000000000000000    0x27000 
                0x0000000000027000                __reserved_flash_end__ = (__reserved_flash_start__ + SIZEOF (.reserved_flash))
                0x0000000000027000                __reserved_flash_size__ = SIZEOF (.reserved_flash)
                0x0000000000027000                __reserved_flash_load_end__ = __reserved_flash_end__
                0x0000000000000001                . = ASSERT (((__reserved_flash_start__ == __reserved_flash_end__) || ((__reserved_flash_end__ - __FLASH_segment_start__) <= __FLASH_segment_size__)), error: .reserved_flash is too large to fit in FLASH memory segment)
                0x0000000000000001                . = ASSERT ((__reserved_flash_size__ <= 0x27000), error: .reserved_flash section is larger than specified size)
                0x0000000000027000                __vectors_load_start__ = 0x27000

.vectors        0x0000000000027000      0x200
                0x0000000000027000                __vectors_start__ = .
 *(.vectors .vectors.*)
 .vectors       0x0000000000027000      0x200 build/beaconing_nrf52840_xxAA_s140_7.2.0_Release/obj/ses_startup_nrf52840.o
                0x0000000000027000                _vectors
                0x0000000000027200                __vectors_end__ = (__vectors_start__ + SIZEOF (.vectors))
                0x0000000000000200                __vectors_size__ = SIZEOF (.vectors)
                0x0000000000027200                __vectors_load_end__ = __vectors_end__
                0x0000000000000001                . = ASSERT (((__vectors_start__ == __vectors_end__) || ((__vectors_end__ - __FLASH_segment_start__) <= __FLASH_segment_size__)), error: .vectors is too large to fit in FLASH memory segment)
                0x0000000000000001                . = ASSERT ((__reserved_flash_end__ <= __vectors_start__), error: section .reserved_flash overlaps absolute placed section .vectors)
                0x0000000000027200                __init_load_start__ = ALIGN (__vectors_end__, 0x4)

.init           0x0000000000027200      0x1a0
                0x0000000000027200                __init_start__ = .
 *(.init .init.*)
 .init          0x0000000000027200      0x154 build/beaconing_nrf52840_xxAA_s140_7.2.0_Release/obj/thumb_crt0.o
                0x0000000000027200                _start
                0x00000000000272b0                exit
 .init          0x0000000000027354       0x18 build/beaconing_nrf52840_xxAA_s140_7.2.0_Release/obj/ses_startup_nrf52840.o
                0x0000000000027354                NMI_Handler
                0x0000000000027356                HardFault_Handler
                0x0000000000027358                MemoryManagement_Handler
                0x000000000002735a                BusFault_Handler
                0x000000000002735c                UsageFault_Handler
                0x000000000002735e                SVC_Handler
                0x0000000000027360                DebugMon_Handler
                0x0000000000027362                PendSV_Handler
                0x0000000000027364                SysTick_Handler
                0x0000000000027366                RADIO_IRQHandler
                0x0000000000027366                PDM_IRQHandler
                0x0000000000027366                TEMP_IRQHandler
                0x0000000000027366                TIMER3_IRQHandler
                0x0000000000027366                PWM3_IRQHandler
                0x0000000000027366                POWER_CLOCK_IRQHandler
                0x0000000000027366                USBD_IRQHandler
                0x0000000000027366                PWM1_IRQHandler
                0x0000000000027366                UARTE0_UART0_IRQHandler
                0x0000000000027366                TIMER4_IRQHandler
                0x0000000000027366                CRYPTOCELL_IRQHandler
                0x0000000000027366                I2S_IRQHandler
                0x0000000000027366                FPU_IRQHandler
                0x0000000000027366                TIMER0_IRQHandler
                0x0000000000027366                UARTE1_IRQHandler
                0x0000000000027366                Dummy_Handler
                0x0000000000027366                TIMER1_IRQHandler
                0x0000000000027366                SPIM3_IRQHandler
                0x0000000000027366                PWM2_IRQHandler
                0x0000000000027366                ECB_IRQHandler
                0x0000000000027366                SAADC_IRQHandler
                0x0000000000027366                CCM_AAR_IRQHandler
                0x0000000000027366                WDT_IRQHandler
                0x0000000000027366                QSPI_IRQHandler
                0x0000000000027366                SWI5_EGU5_IRQHandler
                0x0000000000027366                RNG_IRQHandler
                0x0000000000027366                RTC2_IRQHandler
                0x0000000000027366                PWM0_IRQHandler
                0x0000000000027366                SWI3_EGU3_IRQHandler
                0x0000000000027366                SWI1_EGU1_IRQHandler
                0x0000000000027366                NFCT_IRQHandler
                0x0000000000027366                RTC0_IRQHandler
                0x0000000000027366                MWU_IRQHandler
                0x0000000000027366                SWI4_EGU4_IRQHandler
                0x0000000000027366                COMP_LPCOMP_IRQHandler
                0x0000000000027368                nRFInitialize
 .init          0x000000000002736c       0x34 build/beaconing_nrf52840_xxAA_s140_7.2.0_Release/obj/ses_startup_nrf_common.o
                0x000000000002736c                Reset_Handler
                0x0000000000027370                afterInitialize
                0x00000000000273a0                __init_end__ = (__init_start__ + SIZEOF (.init))
                0x00000000000001a0                __init_size__ = SIZEOF (.init)
                0x00000000000273a0                __init_load_end__ = __init_end__
                0x0000000000000001                . = ASSERT (((__init_start__ == __init_end__) || ((__init_end__ - __FLASH_segment_start__) <= __FLASH_segment_size__)), error: .init is too large to fit in FLASH memory segment)
                0x00000000000273a0                __init_rodata_load_start__ = ALIGN (__init_end__, 0x4)

.init_rodata    0x00000000000273a0        0x0
                0x00000000000273a0                __init_rodata_start__ = .
 *(.init_rodata .init_rodata.*)
                0x00000000000273a0                __init_rodata_end__ = (__init_rodata_start__ + SIZEOF (.init_rodata))
                0x0000000000000000                __init_rodata_size__ = SIZEOF (.init_rodata)
                0x00000000000273a0                __init_rodata_load_end__ = __init_rodata_end__
                0x0000000000000001                . = ASSERT (((__init_rodata_start__ == __init_rodata_end__) || ((__init_rodata_end__ - __FLASH_segment_start__) <= __FLASH_segment_size__)), error: .init_rodata is too large to fit in FLASH memory segment)
                0x00000000000273a0                __text_load_start__ = ALIGN (__init_rodata_end__, 0x4)

.text           0x00000000000273a0    0x12db8
                0x00000000000273a0                __text_start__ = .
 *(.text .text.* .gnu.linkonce.t.* .glue_7t .glue_7 .gcc_except_table .ARM.extab* .gnu.linkonce.armextab.*)
 .glue_7        0x00000000000273a0        0x0 linker stubs
 .glue_7t       0x00000000000273a0        0x0 linker stubs
 .text.sd_app_evt_wait
                0x00000000000273a0        0x4 build/beaconing_nrf52840_xxAA_s140_7.2.0_Release/obj/main.o
 .text.rx_cb    0x00000000000273a4       0xe8 build/beaconing_nrf52840_xxAA_s140_7.2.0_Release/obj/main.o
                0x00000000000273a4                rx_cb
 .text.send2bearer
                0x000000000002748c       0x44 build/beaconing_nrf52840_xxAA_s140_7.2.0_Release/obj/main.o
                0x000000000002748c                send2bearer
 .text.send_datagram_start
                0x00000000000274d0       0x10 build/beaconing_nrf52840_xxAA_s140_7.2.0_Release/obj/main.o
                0x00000000000274d0                send_datagram_start
 .text.adv_init
                0x00000000000274e0       0x14 build/beaconing_nrf52840_xxAA_s140_7.2.0_Release/obj/main.o
                0x00000000000274e0                adv_init
 .text.node_reset
                0x00000000000274f4       0x50 build/beaconing_nrf52840_xxAA_s140_7.2.0_Release/obj/main.o
                0x00000000000274f4                node_reset
 .text.config_server_evt_cb
                0x0000000000027544        0xc build/beaconing_nrf52840_xxAA_s140_7.2.0_Release/obj/main.o
                0x0000000000027544                config_server_evt_cb
 .text.mesh_init
                0x0000000000027550       0xb0 build/beaconing_nrf52840_xxAA_s140_7.2.0_Release/obj/main.o
                0x0000000000027550                mesh_init
 .text.initialize
                0x0000000000027600       0x70 build/beaconing_nrf52840_xxAA_s140_7.2.0_Release/obj/main.o
                0x0000000000027600                initialize
 .text.start    0x0000000000027670       0x38 build/beaconing_nrf52840_xxAA_s140_7.2.0_Release/obj/main.o
                0x0000000000027670                start
 .text.startup.main
                0x00000000000276a8        0xe build/beaconing_nrf52840_xxAA_s140_7.2.0_Release/obj/main.o
                0x00000000000276a8                main
 .text.sd_app_evt_wait
                0x00000000000276b6        0x4 build/beaconing_nrf52840_xxAA_s140_7.2.0_Release/obj/spis.o
 .text.check_completeness
                0x00000000000276ba       0x66 build/beaconing_nrf52840_xxAA_s140_7.2.0_Release/obj/spis.o
                0x00000000000276ba                check_completeness
 .text.spis_event_handler
                0x0000000000027720       0x8c build/beaconing_nrf52840_xxAA_s140_7.2.0_Release/obj/spis.o
                0x0000000000027720                spis_event_handler
 .text.spis_start
                0x00000000000277ac       0xb4 build/beaconing_nrf52840_xxAA_s140_7.2.0_Release/obj/spis.o
                0x00000000000277ac                spis_start
 .text.receiveData_sendout
                0x0000000000027860       0x48 build/beaconing_nrf52840_xxAA_s140_7.2.0_Release/obj/m2s.o
                0x0000000000027860                receiveData_sendout
 .text.crcInit  0x00000000000278a8       0x3c build/beaconing_nrf52840_xxAA_s140_7.2.0_Release/obj/crc.o
                0x00000000000278a8                crcInit
 .text.crcFast  0x00000000000278e4       0x60 build/beaconing_nrf52840_xxAA_s140_7.2.0_Release/obj/crc.o
                0x00000000000278e4                crcFast
 .text.spis_setfrom_slave
                0x0000000000027944        0xc build/beaconing_nrf52840_xxAA_s140_7.2.0_Release/obj/spis_data.o
                0x0000000000027944                spis_setfrom_slave
 .text.hal_led_pin_get
                0x0000000000027950       0x24 build/beaconing_nrf52840_xxAA_s140_7.2.0_Release/obj/simple_hal.o
                0x0000000000027950                hal_led_pin_get
 .text.hal_led_pin_set
                0x0000000000027974        0xa build/beaconing_nrf52840_xxAA_s140_7.2.0_Release/obj/simple_hal.o
                0x0000000000027974                hal_led_pin_set
 *fill*         0x000000000002797e        0x2 
 .text.led_timeout_handler
                0x0000000000027980       0x90 build/beaconing_nrf52840_xxAA_s140_7.2.0_Release/obj/simple_hal.o
 .text.hal_led_mask_set
                0x0000000000027a10       0x2c build/beaconing_nrf52840_xxAA_s140_7.2.0_Release/obj/simple_hal.o
                0x0000000000027a10                hal_led_mask_set
 .text.hal_led_blink_ms
                0x0000000000027a3c       0x8c build/beaconing_nrf52840_xxAA_s140_7.2.0_Release/obj/simple_hal.o
                0x0000000000027a3c                hal_led_blink_ms
 .text.hal_leds_init
                0x0000000000027ac8       0x5c build/beaconing_nrf52840_xxAA_s140_7.2.0_Release/obj/simple_hal.o
                0x0000000000027ac8                hal_leds_init
 .text.sd_ble_enable
                0x0000000000027b24        0x4 build/beaconing_nrf52840_xxAA_s140_7.2.0_Release/obj/ble_softdevice_support.o
 .text.sd_ble_cfg_set
                0x0000000000027b28        0x4 build/beaconing_nrf52840_xxAA_s140_7.2.0_Release/obj/ble_softdevice_support.o
 .text.on_sd_evt
                0x0000000000027b2c        0x4 build/beaconing_nrf52840_xxAA_s140_7.2.0_Release/obj/ble_softdevice_support.o
 .text.ble_stack_init
                0x0000000000027b30       0xa0 build/beaconing_nrf52840_xxAA_s140_7.2.0_Release/obj/ble_softdevice_support.o
                0x0000000000027b30                ble_stack_init
 .text._weak_handler
                0x0000000000027bd0        0x4 build/beaconing_nrf52840_xxAA_s140_7.2.0_Release/obj/nrf_mesh_weak.o
                0x0000000000027bd0                nrf_mesh_dfu_init
                0x0000000000027bd0                nrf_mesh_dfu_jump_to_bootloader
                0x0000000000027bd0                nrf_mesh_dfu_rx
                0x0000000000027bd0                prov_provisioner_provision
                0x0000000000027bd0                nrf_mesh_dfu_bank_info_get
                0x0000000000027bd0                prov_provisioner_oob_pubkey
                0x0000000000027bd0                nrf_mesh_dfu_request
                0x0000000000027bd0                nrf_mesh_dfu_bank_flash
                0x0000000000027bd0                nrf_mesh_dfu_enable
                0x0000000000027bd0                _weak_handler
                0x0000000000027bd0                nrf_mesh_dfu_relay
                0x0000000000027bd0                nrf_mesh_dfu_abort
                0x0000000000027bd0                mesh_flash_op_execute
                0x0000000000027bd0                prov_provisionee_init
                0x0000000000027bd0                nrf_mesh_dfu_state_get
                0x0000000000027bd0                prov_provisioner_shared_secret
                0x0000000000027bd0                prov_provisioner_auth_data
                0x0000000000027bd0                prov_bearer_adv_packet_in
                0x0000000000027bd0                prov_provisioner_oob_use
 .text.app_error_fault_handler
                0x0000000000027bd4      0x140 build/beaconing_nrf52840_xxAA_s140_7.2.0_Release/obj/app_error_weak.o
                0x0000000000027bd4                app_error_fault_handler
 .text.mesh_assertion_handler
                0x0000000000027d14       0x20 build/beaconing_nrf52840_xxAA_s140_7.2.0_Release/obj/assertion_handler_weak.o
                0x0000000000027d14                mesh_assertion_handler
 .text.nrf_mesh_configure_device_uuid_set
                0x0000000000027d34       0x18 build/beaconing_nrf52840_xxAA_s140_7.2.0_Release/obj/nrf_mesh_configure.o
                0x0000000000027d34                nrf_mesh_configure_device_uuid_set
 .text.nrf_mesh_configure_device_uuid_reset
                0x0000000000027d4c       0x38 build/beaconing_nrf52840_xxAA_s140_7.2.0_Release/obj/nrf_mesh_configure.o
                0x0000000000027d4c                nrf_mesh_configure_device_uuid_reset
 .text.nrf_mesh_configure_device_uuid_get
                0x0000000000027d84        0x8 build/beaconing_nrf52840_xxAA_s140_7.2.0_Release/obj/nrf_mesh_configure.o
                0x0000000000027d84                nrf_mesh_configure_device_uuid_get
 .text.msg_cache_init
                0x0000000000027d8c       0x24 build/beaconing_nrf52840_xxAA_s140_7.2.0_Release/obj/msg_cache.o
                0x0000000000027d8c                msg_cache_init
 .text.msg_cache_entry_exists
                0x0000000000027db0       0x3c build/beaconing_nrf52840_xxAA_s140_7.2.0_Release/obj/msg_cache.o
                0x0000000000027db0                msg_cache_entry_exists
 .text.msg_cache_entry_add
                0x0000000000027dec       0x30 build/beaconing_nrf52840_xxAA_s140_7.2.0_Release/obj/msg_cache.o
                0x0000000000027dec                msg_cache_entry_add
 .text.transport_sar_first_seq_num_get
                0x0000000000027e1c       0x12 build/beaconing_nrf52840_xxAA_s140_7.2.0_Release/obj/transport.o
 .text.trs_packet_header_build
                0x0000000000027e2e       0x6a build/beaconing_nrf52840_xxAA_s140_7.2.0_Release/obj/transport.o
 .text.control_packet_callback_get
                0x0000000000027e98       0x40 build/beaconing_nrf52840_xxAA_s140_7.2.0_Release/obj/transport.o
 .text.tx_complete
                0x0000000000027ed8       0x2c build/beaconing_nrf52840_xxAA_s140_7.2.0_Release/obj/transport.o
 .text.block_ack_full
                0x0000000000027f04       0x1a build/beaconing_nrf52840_xxAA_s140_7.2.0_Release/obj/transport.o
 .text.upper_trs_packet_encrypt
                0x0000000000027f1e       0x86 build/beaconing_nrf52840_xxAA_s140_7.2.0_Release/obj/transport.o
 .text.trs_sar_packet_out
                0x0000000000027fa4      0x10c build/beaconing_nrf52840_xxAA_s140_7.2.0_Release/obj/transport.o
 .text.transport_metadata_validate
                0x00000000000280b0       0x54 build/beaconing_nrf52840_xxAA_s140_7.2.0_Release/obj/transport.o
 .text.sar_ctx_alloc
                0x0000000000028104       0xcc build/beaconing_nrf52840_xxAA_s140_7.2.0_Release/obj/transport.o
 .text.sar_ctx_free
                0x00000000000281d0       0x36 build/beaconing_nrf52840_xxAA_s140_7.2.0_Release/obj/transport.o
 .text.sar_ctx_tx_complete
                0x0000000000028206       0x34 build/beaconing_nrf52840_xxAA_s140_7.2.0_Release/obj/transport.o
 *fill*         0x000000000002823a        0x2 
 .text.sar_ctx_cancel
                0x000000000002823c       0xc0 build/beaconing_nrf52840_xxAA_s140_7.2.0_Release/obj/transport.o
 .text.abort_timeout
                0x00000000000282fc        0x8 build/beaconing_nrf52840_xxAA_s140_7.2.0_Release/obj/transport.o
 .text.retry_timeout
                0x0000000000028304       0x4c build/beaconing_nrf52840_xxAA_s140_7.2.0_Release/obj/transport.o
 .text.test_transport_decrypt
                0x0000000000028350       0x64 build/beaconing_nrf52840_xxAA_s140_7.2.0_Release/obj/transport.o
 .text.replay_list_add
                0x00000000000283b4       0x50 build/beaconing_nrf52840_xxAA_s140_7.2.0_Release/obj/transport.o
 .text.upper_transport_access_packet_in
                0x0000000000028404      0x19c build/beaconing_nrf52840_xxAA_s140_7.2.0_Release/obj/transport.o
 .text.tx_retry_timer_reset
                0x00000000000285a0       0x3c build/beaconing_nrf52840_xxAA_s140_7.2.0_Release/obj/transport.o
 .text.segmented_packet_tx
                0x00000000000285dc      0x124 build/beaconing_nrf52840_xxAA_s140_7.2.0_Release/obj/transport.o
 .text.upper_transport_packet_in
                0x0000000000028700      0x1b0 build/beaconing_nrf52840_xxAA_s140_7.2.0_Release/obj/transport.o
 .text.upper_transport_tx
                0x00000000000288b0       0x90 build/beaconing_nrf52840_xxAA_s140_7.2.0_Release/obj/transport.o
 .text.transport_init
                0x0000000000028940       0x84 build/beaconing_nrf52840_xxAA_s140_7.2.0_Release/obj/transport.o
                0x0000000000028940                transport_init
 .text.transport_enable
                0x00000000000289c4        0x4 build/beaconing_nrf52840_xxAA_s140_7.2.0_Release/obj/transport.o
                0x00000000000289c4                transport_enable
 .text.transport_tx
                0x00000000000289c8       0xd4 build/beaconing_nrf52840_xxAA_s140_7.2.0_Release/obj/transport.o
                0x00000000000289c8                transport_tx
 .text.transport_control_tx
                0x0000000000028a9c       0xc0 build/beaconing_nrf52840_xxAA_s140_7.2.0_Release/obj/transport.o
                0x0000000000028a9c                transport_control_tx
 .text.sar_ack_send
                0x0000000000028b5c       0xec build/beaconing_nrf52840_xxAA_s140_7.2.0_Release/obj/transport.o
 .text.ack_timeout
                0x0000000000028c48       0x30 build/beaconing_nrf52840_xxAA_s140_7.2.0_Release/obj/transport.o
 .text.transport_packet_in
                0x0000000000028c78      0x428 build/beaconing_nrf52840_xxAA_s140_7.2.0_Release/obj/transport.o
                0x0000000000028c78                transport_packet_in
 .text.transport_sar_process
                0x00000000000290a0       0x68 build/beaconing_nrf52840_xxAA_s140_7.2.0_Release/obj/transport.o
 .text.transport_control_packet_consumer_add
                0x0000000000029108       0x68 build/beaconing_nrf52840_xxAA_s140_7.2.0_Release/obj/transport.o
                0x0000000000029108                transport_control_packet_consumer_add
 .text.event_handle
                0x0000000000029170       0x58 build/beaconing_nrf52840_xxAA_s140_7.2.0_Release/obj/event.o
                0x0000000000029170                event_handle
 .text.event_handler_add
                0x00000000000291c8       0x20 build/beaconing_nrf52840_xxAA_s140_7.2.0_Release/obj/event.o
                0x00000000000291c8                event_handler_add
 .text.event_handler_remove
                0x00000000000291e8       0x34 build/beaconing_nrf52840_xxAA_s140_7.2.0_Release/obj/event.o
                0x00000000000291e8                event_handler_remove
 .text.m_index_increment
                0x000000000002921c       0x1e build/beaconing_nrf52840_xxAA_s140_7.2.0_Release/obj/packet_buffer.o
 .text.m_get_next_packet
                0x000000000002923a       0x1e build/beaconing_nrf52840_xxAA_s140_7.2.0_Release/obj/packet_buffer.o
 .text.packet_buffer_init
                0x0000000000029258       0xa8 build/beaconing_nrf52840_xxAA_s140_7.2.0_Release/obj/packet_buffer.o
                0x0000000000029258                packet_buffer_init
 .text.packet_buffer_flush
                0x0000000000029300       0x50 build/beaconing_nrf52840_xxAA_s140_7.2.0_Release/obj/packet_buffer.o
                0x0000000000029300                packet_buffer_flush
 .text.packet_buffer_reserve
                0x0000000000029350       0xa2 build/beaconing_nrf52840_xxAA_s140_7.2.0_Release/obj/packet_buffer.o
                0x0000000000029350                packet_buffer_reserve
 .text.packet_buffer_commit
                0x00000000000293f2       0x62 build/beaconing_nrf52840_xxAA_s140_7.2.0_Release/obj/packet_buffer.o
                0x00000000000293f2                packet_buffer_commit
 .text.packet_buffer_pop
                0x0000000000029454       0x5a build/beaconing_nrf52840_xxAA_s140_7.2.0_Release/obj/packet_buffer.o
                0x0000000000029454                packet_buffer_pop
 .text.packet_buffer_can_pop
                0x00000000000294ae       0x34 build/beaconing_nrf52840_xxAA_s140_7.2.0_Release/obj/packet_buffer.o
                0x00000000000294ae                packet_buffer_can_pop
 .text.packet_buffer_packets_ready_to_pop
                0x00000000000294e2       0x36 build/beaconing_nrf52840_xxAA_s140_7.2.0_Release/obj/packet_buffer.o
                0x00000000000294e2                packet_buffer_packets_ready_to_pop
 .text.packet_buffer_free
                0x0000000000029518       0x74 build/beaconing_nrf52840_xxAA_s140_7.2.0_Release/obj/packet_buffer.o
                0x0000000000029518                packet_buffer_free
 .text.packet_buffer_is_empty
                0x000000000002958c       0x28 build/beaconing_nrf52840_xxAA_s140_7.2.0_Release/obj/packet_buffer.o
                0x000000000002958c                packet_buffer_is_empty
 .text.get_last_page
                0x00000000000295b4       0x14 build/beaconing_nrf52840_xxAA_s140_7.2.0_Release/obj/flash_manager_defrag.o
 .text.freezing
                0x00000000000295c8       0x10 build/beaconing_nrf52840_xxAA_s140_7.2.0_Release/obj/flash_manager_defrag.o
 .text.defrag_on_end
                0x00000000000295d8       0x1c build/beaconing_nrf52840_xxAA_s140_7.2.0_Release/obj/flash_manager_defrag.o
 .text.execute_procedure_step
                0x00000000000295f4       0x70 build/beaconing_nrf52840_xxAA_s140_7.2.0_Release/obj/flash_manager_defrag.o
 .text.jump_to_step
                0x0000000000029664       0x28 build/beaconing_nrf52840_xxAA_s140_7.2.0_Release/obj/flash_manager_defrag.o
 .text.get_next_entry
                0x000000000002968c       0x38 build/beaconing_nrf52840_xxAA_s140_7.2.0_Release/obj/flash_manager_defrag.o
 .text.get_next_data_entry
                0x00000000000296c4       0x26 build/beaconing_nrf52840_xxAA_s140_7.2.0_Release/obj/flash_manager_defrag.o
 *fill*         0x00000000000296ea        0x2 
 .text.on_flash_op_end
                0x00000000000296ec       0x2c build/beaconing_nrf52840_xxAA_s140_7.2.0_Release/obj/flash_manager_defrag.o
 .text.check_for_invalid_entries
                0x0000000000029718       0x38 build/beaconing_nrf52840_xxAA_s140_7.2.0_Release/obj/flash_manager_defrag.o
 .text.erase_source
                0x0000000000029750       0x34 build/beaconing_nrf52840_xxAA_s140_7.2.0_Release/obj/flash_manager_defrag.o
 .text.flash.constprop.0
                0x0000000000029784       0x24 build/beaconing_nrf52840_xxAA_s140_7.2.0_Release/obj/flash_manager_defrag.o
 .text.invalidate_duplicate_entries
                0x00000000000297a8       0xa8 build/beaconing_nrf52840_xxAA_s140_7.2.0_Release/obj/flash_manager_defrag.o
 .text.seal_storage_page
                0x0000000000029850       0x50 build/beaconing_nrf52840_xxAA_s140_7.2.0_Release/obj/flash_manager_defrag.o
 .text.copy_metadata
                0x00000000000298a0       0x3c build/beaconing_nrf52840_xxAA_s140_7.2.0_Release/obj/flash_manager_defrag.o
 .text.write_defrag_start_pointer
                0x00000000000298dc       0x20 build/beaconing_nrf52840_xxAA_s140_7.2.0_Release/obj/flash_manager_defrag.o
 .text.write_back
                0x00000000000298fc       0x28 build/beaconing_nrf52840_xxAA_s140_7.2.0_Release/obj/flash_manager_defrag.o
 .text.post_process
                0x0000000000029924       0x40 build/beaconing_nrf52840_xxAA_s140_7.2.0_Release/obj/flash_manager_defrag.o
 .text.backup_entries
                0x0000000000029964       0xd8 build/beaconing_nrf52840_xxAA_s140_7.2.0_Release/obj/flash_manager_defrag.o
 .text.erase_recovery_area
                0x0000000000029a3c       0x34 build/beaconing_nrf52840_xxAA_s140_7.2.0_Release/obj/flash_manager_defrag.o
 .text.flash_manager_defrag_init
                0x0000000000029a70       0xd8 build/beaconing_nrf52840_xxAA_s140_7.2.0_Release/obj/flash_manager_defrag.o
                0x0000000000029a70                flash_manager_defrag_init
 .text.flash_manager_defragging
                0x0000000000029b48       0x38 build/beaconing_nrf52840_xxAA_s140_7.2.0_Release/obj/flash_manager_defrag.o
                0x0000000000029b48                flash_manager_defragging
 .text.flash_manager_defrag_is_running
                0x0000000000029b80       0x10 build/beaconing_nrf52840_xxAA_s140_7.2.0_Release/obj/flash_manager_defrag.o
                0x0000000000029b80                flash_manager_defrag_is_running
 .text.flash_manager_defrag
                0x0000000000029b90       0x54 build/beaconing_nrf52840_xxAA_s140_7.2.0_Release/obj/flash_manager_defrag.o
                0x0000000000029b90                flash_manager_defrag
 .text.flash_manager_defrag_recovery_page_get
                0x0000000000029be4        0xc build/beaconing_nrf52840_xxAA_s140_7.2.0_Release/obj/flash_manager_defrag.o
                0x0000000000029be4                flash_manager_defrag_recovery_page_get
 .text.fifo_init
                0x0000000000029bf0       0x34 build/beaconing_nrf52840_xxAA_s140_7.2.0_Release/obj/fifo.o
                0x0000000000029bf0                fifo_init
 .text.fifo_pop
                0x0000000000029c24       0x52 build/beaconing_nrf52840_xxAA_s140_7.2.0_Release/obj/fifo.o
                0x0000000000029c24                fifo_pop
 *fill*         0x0000000000029c76        0x2 
 .text.wait_for_ready
                0x0000000000029c78       0x10 build/beaconing_nrf52840_xxAA_s140_7.2.0_Release/obj/nrf_flash.o
 .text.nrf_flash_erase
                0x0000000000029c88       0x50 build/beaconing_nrf52840_xxAA_s140_7.2.0_Release/obj/nrf_flash.o
                0x0000000000029c88                nrf_flash_erase
 .text.nrf_flash_write
                0x0000000000029cd8       0x58 build/beaconing_nrf52840_xxAA_s140_7.2.0_Release/obj/nrf_flash.o
                0x0000000000029cd8                nrf_flash_write
 .text.iv_timeout_limit_passed
                0x0000000000029d30       0x18 build/beaconing_nrf52840_xxAA_s140_7.2.0_Release/obj/net_state.o
 .text.seqnum_block_legacy_setter
                0x0000000000029d48       0x3c build/beaconing_nrf52840_xxAA_s140_7.2.0_Release/obj/net_state.o
 .text.iv_index_legacy_setter
                0x0000000000029d84       0x3c build/beaconing_nrf52840_xxAA_s140_7.2.0_Release/obj/net_state.o
 .text.seqnum_block_getter
                0x0000000000029dc0       0x24 build/beaconing_nrf52840_xxAA_s140_7.2.0_Release/obj/net_state.o
 .text.seqnum_block_setter
                0x0000000000029de4       0x34 build/beaconing_nrf52840_xxAA_s140_7.2.0_Release/obj/net_state.o
 .text.iv_index_getter
                0x0000000000029e18       0x24 build/beaconing_nrf52840_xxAA_s140_7.2.0_Release/obj/net_state.o
 .text.iv_index_setter
                0x0000000000029e3c       0x34 build/beaconing_nrf52840_xxAA_s140_7.2.0_Release/obj/net_state.o
 .text.seqnum_block_deleter
                0x0000000000029e70       0x24 build/beaconing_nrf52840_xxAA_s140_7.2.0_Release/obj/net_state.o
 .text.iv_index_deleter
                0x0000000000029e94       0x24 build/beaconing_nrf52840_xxAA_s140_7.2.0_Release/obj/net_state.o
 .text.iv_index_notify
                0x0000000000029eb8       0x30 build/beaconing_nrf52840_xxAA_s140_7.2.0_Release/obj/net_state.o
 .text.persist_completed_notify
                0x0000000000029ee8       0x2c build/beaconing_nrf52840_xxAA_s140_7.2.0_Release/obj/net_state.o
 .text.seqnum_block_allocate
                0x0000000000029f14       0x60 build/beaconing_nrf52840_xxAA_s140_7.2.0_Release/obj/net_state.o
 .text.iv_index_store
                0x0000000000029f74       0x4c build/beaconing_nrf52840_xxAA_s140_7.2.0_Release/obj/net_state.o
 .text.net_state_reset
                0x0000000000029fc0       0x30 build/beaconing_nrf52840_xxAA_s140_7.2.0_Release/obj/net_state.o
                0x0000000000029fc0                net_state_reset
 .text.net_state_init
                0x0000000000029ff0       0x48 build/beaconing_nrf52840_xxAA_s140_7.2.0_Release/obj/net_state.o
                0x0000000000029ff0                net_state_init
 .text.net_state_enable
                0x000000000002a038       0xd8 build/beaconing_nrf52840_xxAA_s140_7.2.0_Release/obj/net_state.o
                0x000000000002a038                net_state_enable
 .text.net_state_is_seqnum_block_ready
                0x000000000002a110       0x14 build/beaconing_nrf52840_xxAA_s140_7.2.0_Release/obj/net_state.o
                0x000000000002a110                net_state_is_seqnum_block_ready
 .text.net_state_iv_update_start
                0x000000000002a124       0x40 build/beaconing_nrf52840_xxAA_s140_7.2.0_Release/obj/net_state.o
                0x000000000002a124                net_state_iv_update_start
 .text.iv_update_trigger_if_pending
                0x000000000002a164       0x5c build/beaconing_nrf52840_xxAA_s140_7.2.0_Release/obj/net_state.o
 .text.iv_update_timer_handler
                0x000000000002a1c0       0xa4 build/beaconing_nrf52840_xxAA_s140_7.2.0_Release/obj/net_state.o
 .text.mesh_evt_handler
                0x000000000002a264       0x88 build/beaconing_nrf52840_xxAA_s140_7.2.0_Release/obj/net_state.o
 .text.net_state_iv_index_lock
                0x000000000002a2ec       0x3c build/beaconing_nrf52840_xxAA_s140_7.2.0_Release/obj/net_state.o
                0x000000000002a2ec                net_state_iv_index_lock
 .text.net_state_key_refresh_phase_changed
                0x000000000002a328       0x20 build/beaconing_nrf52840_xxAA_s140_7.2.0_Release/obj/net_state.o
                0x000000000002a328                net_state_key_refresh_phase_changed
 .text.net_state_beacon_iv_index_get
                0x000000000002a348        0xc build/beaconing_nrf52840_xxAA_s140_7.2.0_Release/obj/net_state.o
                0x000000000002a348                net_state_beacon_iv_index_get
 .text.net_state_tx_iv_index_get
                0x000000000002a354       0x14 build/beaconing_nrf52840_xxAA_s140_7.2.0_Release/obj/net_state.o
                0x000000000002a354                net_state_tx_iv_index_get
 .text.net_state_iv_index_and_seqnum_alloc
                0x000000000002a368       0x7c build/beaconing_nrf52840_xxAA_s140_7.2.0_Release/obj/net_state.o
                0x000000000002a368                net_state_iv_index_and_seqnum_alloc
 .text.net_state_rx_iv_index_get
                0x000000000002a3e4       0x18 build/beaconing_nrf52840_xxAA_s140_7.2.0_Release/obj/net_state.o
                0x000000000002a3e4                net_state_rx_iv_index_get
 .text.net_state_iv_update_get
                0x000000000002a3fc        0xc build/beaconing_nrf52840_xxAA_s140_7.2.0_Release/obj/net_state.o
                0x000000000002a3fc                net_state_iv_update_get
 .text.send_end_events
                0x000000000002a408       0x84 build/beaconing_nrf52840_xxAA_s140_7.2.0_Release/obj/mesh_flash.o
 .text.flash_op_action_prepare
                0x000000000002a48c       0x74 build/beaconing_nrf52840_xxAA_s140_7.2.0_Release/obj/mesh_flash.o
 .text.flash_op_schedule
                0x000000000002a500       0x20 build/beaconing_nrf52840_xxAA_s140_7.2.0_Release/obj/mesh_flash.o
 .text.flash_op_start
                0x000000000002a520      0x138 build/beaconing_nrf52840_xxAA_s140_7.2.0_Release/obj/mesh_flash.o
 .text.mesh_flash_init
                0x000000000002a658       0x50 build/beaconing_nrf52840_xxAA_s140_7.2.0_Release/obj/mesh_flash.o
                0x000000000002a658                mesh_flash_init
 .text.mesh_flash_user_callback_set
                0x000000000002a6a8       0x20 build/beaconing_nrf52840_xxAA_s140_7.2.0_Release/obj/mesh_flash.o
                0x000000000002a6a8                mesh_flash_user_callback_set
 .text.mesh_flash_op_push
                0x000000000002a6c8      0x110 build/beaconing_nrf52840_xxAA_s140_7.2.0_Release/obj/mesh_flash.o
                0x000000000002a6c8                mesh_flash_op_push
 .text.mesh_flash_set_suspended
                0x000000000002a7d8       0x5c build/beaconing_nrf52840_xxAA_s140_7.2.0_Release/obj/mesh_flash.o
                0x000000000002a7d8                mesh_flash_set_suspended
 .text.nrf_mesh_address_type_get
                0x000000000002a834       0x10 build/beaconing_nrf52840_xxAA_s140_7.2.0_Release/obj/nrf_mesh_utils.o
                0x000000000002a834                nrf_mesh_address_type_get
 .text.sd_softdevice_is_enabled
                0x000000000002a844        0x4 build/beaconing_nrf52840_xxAA_s140_7.2.0_Release/obj/nrf_mesh.o
 .text.packet_in
                0x000000000002a848       0x48 build/beaconing_nrf52840_xxAA_s140_7.2.0_Release/obj/nrf_mesh.o
 .text.scanner_packet_process_cb
                0x000000000002a890       0x8c build/beaconing_nrf52840_xxAA_s140_7.2.0_Release/obj/nrf_mesh.o
 .text.nrf_mesh_enabled_be_cb
                0x000000000002a91c       0x50 build/beaconing_nrf52840_xxAA_s140_7.2.0_Release/obj/nrf_mesh.o
 .text.config_stable_catch
                0x000000000002a96c       0x24 build/beaconing_nrf52840_xxAA_s140_7.2.0_Release/obj/nrf_mesh.o
 .text.nrf_mesh_init
                0x000000000002a990       0xdc build/beaconing_nrf52840_xxAA_s140_7.2.0_Release/obj/nrf_mesh.o
                0x000000000002a990                nrf_mesh_init
 .text.nrf_mesh_enable
                0x000000000002aa6c       0x90 build/beaconing_nrf52840_xxAA_s140_7.2.0_Release/obj/nrf_mesh.o
                0x000000000002aa6c                nrf_mesh_enable
 .text.nrf_mesh_packet_send
                0x000000000002aafc        0x4 build/beaconing_nrf52840_xxAA_s140_7.2.0_Release/obj/nrf_mesh.o
                0x000000000002aafc                nrf_mesh_packet_send
 .text.nrf_mesh_evt_handler_add
                0x000000000002ab00        0x4 build/beaconing_nrf52840_xxAA_s140_7.2.0_Release/obj/nrf_mesh.o
                0x000000000002ab00                nrf_mesh_evt_handler_add
 .text.nrf_mesh_evt_handler_remove
                0x000000000002ab04        0x4 build/beaconing_nrf52840_xxAA_s140_7.2.0_Release/obj/nrf_mesh.o
                0x000000000002ab04                nrf_mesh_evt_handler_remove
 .text.nrf_mesh_on_sd_evt
                0x000000000002ab08        0xa build/beaconing_nrf52840_xxAA_s140_7.2.0_Release/obj/nrf_mesh.o
                0x000000000002ab08                nrf_mesh_on_sd_evt
 *fill*         0x000000000002ab12        0x2 
 .text.nrf_mesh_rx_cb_set
                0x000000000002ab14        0xc build/beaconing_nrf52840_xxAA_s140_7.2.0_Release/obj/nrf_mesh.o
                0x000000000002ab14                nrf_mesh_rx_cb_set
 .text.nrf_mesh_subnet_added
                0x000000000002ab20        0x2 build/beaconing_nrf52840_xxAA_s140_7.2.0_Release/obj/nrf_mesh.o
                0x000000000002ab20                nrf_mesh_subnet_added
 *fill*         0x000000000002ab22        0x2 
 .text.nrf_mesh_unique_token_get
                0x000000000002ab24       0x18 build/beaconing_nrf52840_xxAA_s140_7.2.0_Release/obj/nrf_mesh.o
                0x000000000002ab24                nrf_mesh_unique_token_get
 .text.queue_init
                0x000000000002ab3c       0x14 build/beaconing_nrf52840_xxAA_s140_7.2.0_Release/obj/queue.o
                0x000000000002ab3c                queue_init
 .text.queue_push
                0x000000000002ab50       0x34 build/beaconing_nrf52840_xxAA_s140_7.2.0_Release/obj/queue.o
                0x000000000002ab50                queue_push
 .text.queue_pop
                0x000000000002ab84       0x2a build/beaconing_nrf52840_xxAA_s140_7.2.0_Release/obj/queue.o
                0x000000000002ab84                queue_pop
 .text.queue_peek
                0x000000000002abae       0x10 build/beaconing_nrf52840_xxAA_s140_7.2.0_Release/obj/queue.o
                0x000000000002abae                queue_peek
 .text.sd_power_reset_reason_clr
                0x000000000002abbe        0x4 build/beaconing_nrf52840_xxAA_s140_7.2.0_Release/obj/hal.o
 *fill*         0x000000000002abc2        0x2 
 .text.hal_device_reset
                0x000000000002abc4       0x2c build/beaconing_nrf52840_xxAA_s140_7.2.0_Release/obj/hal.o
                0x000000000002abc4                hal_device_reset
 .text.hal_lfclk_ppm_get
                0x000000000002abf0       0x14 build/beaconing_nrf52840_xxAA_s140_7.2.0_Release/obj/hal.o
                0x000000000002abf0                hal_lfclk_ppm_get
 .text.hal_irq_active_get
                0x000000000002ac04       0x10 build/beaconing_nrf52840_xxAA_s140_7.2.0_Release/obj/hal.o
                0x000000000002ac04                hal_irq_active_get
 .text.hal_irq_is_enabled
                0x000000000002ac14       0x30 build/beaconing_nrf52840_xxAA_s140_7.2.0_Release/obj/hal.o
                0x000000000002ac14                hal_irq_is_enabled
 .text.sd_ecb_block_encrypt
                0x000000000002ac44        0x4 build/beaconing_nrf52840_xxAA_s140_7.2.0_Release/obj/aes_cmac.o
 .text.utils_xor.constprop.0
                0x000000000002ac48       0x20 build/beaconing_nrf52840_xxAA_s140_7.2.0_Release/obj/aes_cmac.o
 .text.aes_cmac
                0x000000000002ac68      0x126 build/beaconing_nrf52840_xxAA_s140_7.2.0_Release/obj/aes_cmac.o
                0x000000000002ac68                aes_cmac
 *fill*         0x000000000002ad8e        0x2 
 .text.add_evt  0x000000000002ad90       0x4c build/beaconing_nrf52840_xxAA_s140_7.2.0_Release/obj/timer_scheduler.o
 .text.remove_evt
                0x000000000002addc       0x44 build/beaconing_nrf52840_xxAA_s140_7.2.0_Release/obj/timer_scheduler.o
 .text.timer_cb
                0x000000000002ae20        0xc build/beaconing_nrf52840_xxAA_s140_7.2.0_Release/obj/timer_scheduler.o
 .text.setup_timeout.constprop.0
                0x000000000002ae2c       0x1c build/beaconing_nrf52840_xxAA_s140_7.2.0_Release/obj/timer_scheduler.o
 .text.flag_event_cb
                0x000000000002ae48       0x90 build/beaconing_nrf52840_xxAA_s140_7.2.0_Release/obj/timer_scheduler.o
 .text.timer_sch_init
                0x000000000002aed8       0x30 build/beaconing_nrf52840_xxAA_s140_7.2.0_Release/obj/timer_scheduler.o
                0x000000000002aed8                timer_sch_init
 .text.timer_sch_schedule
                0x000000000002af08       0x54 build/beaconing_nrf52840_xxAA_s140_7.2.0_Release/obj/timer_scheduler.o
                0x000000000002af08                timer_sch_schedule
 .text.timer_sch_abort
                0x000000000002af5c       0x2e build/beaconing_nrf52840_xxAA_s140_7.2.0_Release/obj/timer_scheduler.o
                0x000000000002af5c                timer_sch_abort
 *fill*         0x000000000002af8a        0x2 
 .text.timer_sch_reschedule
                0x000000000002af8c       0x80 build/beaconing_nrf52840_xxAA_s140_7.2.0_Release/obj/timer_scheduler.o
                0x000000000002af8c                timer_sch_reschedule
 .text.timer_init
                0x000000000002b00c       0x1a build/beaconing_nrf52840_xxAA_s140_7.2.0_Release/obj/timer.o
                0x000000000002b00c                timer_init
 *fill*         0x000000000002b026        0x2 
 .text.timer_now
                0x000000000002b028       0x48 build/beaconing_nrf52840_xxAA_s140_7.2.0_Release/obj/timer.o
                0x000000000002b028                timer_now
 .text.nrf_mesh_timer_tail_handle
                0x000000000002b070       0x34 build/beaconing_nrf52840_xxAA_s140_7.2.0_Release/obj/timer.o
                0x000000000002b070                nrf_mesh_timer_tail_handle
 .text.nrf_mesh_timer_ovfw_handle
                0x000000000002b0a4       0x94 build/beaconing_nrf52840_xxAA_s140_7.2.0_Release/obj/timer.o
                0x000000000002b0a4                nrf_mesh_timer_ovfw_handle
 .text.timer_start
                0x000000000002b138       0xb0 build/beaconing_nrf52840_xxAA_s140_7.2.0_Release/obj/timer.o
                0x000000000002b138                timer_start
 .text.timer_stop
                0x000000000002b1e8       0x30 build/beaconing_nrf52840_xxAA_s140_7.2.0_Release/obj/timer.o
                0x000000000002b1e8                timer_stop
 .text.sd_rand_application_bytes_available_get
                0x000000000002b218        0x4 build/beaconing_nrf52840_xxAA_s140_7.2.0_Release/obj/rand.o
 .text.sd_rand_application_vector_get
                0x000000000002b21c        0x4 build/beaconing_nrf52840_xxAA_s140_7.2.0_Release/obj/rand.o
 .text.rand_prng_get
                0x000000000002b220       0x24 build/beaconing_nrf52840_xxAA_s140_7.2.0_Release/obj/rand.o
                0x000000000002b220                rand_prng_get
 .text.rand_hw_rng_get
                0x000000000002b244       0x44 build/beaconing_nrf52840_xxAA_s140_7.2.0_Release/obj/rand.o
                0x000000000002b244                rand_hw_rng_get
 .text.rand_prng_seed
                0x000000000002b288       0x34 build/beaconing_nrf52840_xxAA_s140_7.2.0_Release/obj/rand.o
                0x000000000002b288                rand_prng_seed
 .text.mesh_opt_init
                0x000000000002b2bc        0x2 build/beaconing_nrf52840_xxAA_s140_7.2.0_Release/obj/mesh_opt.o
                0x000000000002b2bc                mesh_opt_init
 .text.mesh_opt_clear
                0x000000000002b2be        0x6 build/beaconing_nrf52840_xxAA_s140_7.2.0_Release/obj/mesh_opt.o
                0x000000000002b2be                mesh_opt_clear
 .text.sd_radio_session_open
                0x000000000002b2c4        0x4 build/beaconing_nrf52840_xxAA_s140_7.2.0_Release/obj/timeslot.o
 .text.sd_radio_session_close
                0x000000000002b2c8        0x4 build/beaconing_nrf52840_xxAA_s140_7.2.0_Release/obj/timeslot.o
 .text.sd_radio_request
                0x000000000002b2cc        0x4 build/beaconing_nrf52840_xxAA_s140_7.2.0_Release/obj/timeslot.o
 .text.end_timer_handler
                0x000000000002b2d0       0x28 build/beaconing_nrf52840_xxAA_s140_7.2.0_Release/obj/timeslot.o
 .text.get_end_time.constprop.0
                0x000000000002b2f8       0x28 build/beaconing_nrf52840_xxAA_s140_7.2.0_Release/obj/timeslot.o
 .text.on_ts_begin.constprop.0
                0x000000000002b320       0x44 build/beaconing_nrf52840_xxAA_s140_7.2.0_Release/obj/timeslot.o
 .text.handle_extend_end.constprop.0
                0x000000000002b364       0x88 build/beaconing_nrf52840_xxAA_s140_7.2.0_Release/obj/timeslot.o
 .text.radio_signal_callback
                0x000000000002b3ec      0x128 build/beaconing_nrf52840_xxAA_s140_7.2.0_Release/obj/timeslot.o
 .text.timeslot_sd_event_handler
                0x000000000002b514       0x60 build/beaconing_nrf52840_xxAA_s140_7.2.0_Release/obj/timeslot.o
                0x000000000002b514                timeslot_sd_event_handler
 .text.timeslot_init
                0x000000000002b574       0x50 build/beaconing_nrf52840_xxAA_s140_7.2.0_Release/obj/timeslot.o
                0x000000000002b574                timeslot_init
 .text.timeslot_start
                0x000000000002b5c4       0x44 build/beaconing_nrf52840_xxAA_s140_7.2.0_Release/obj/timeslot.o
                0x000000000002b5c4                timeslot_start
 .text.timeslot_end_is_pending
                0x000000000002b608       0x28 build/beaconing_nrf52840_xxAA_s140_7.2.0_Release/obj/timeslot.o
                0x000000000002b608                timeslot_end_is_pending
 .text.timeslot_length_get
                0x000000000002b630        0xc build/beaconing_nrf52840_xxAA_s140_7.2.0_Release/obj/timeslot.o
                0x000000000002b630                timeslot_length_get
 .text.timeslot_remaining_time_get
                0x000000000002b63c       0x20 build/beaconing_nrf52840_xxAA_s140_7.2.0_Release/obj/timeslot.o
                0x000000000002b63c                timeslot_remaining_time_get
 .text.timeslot_is_in_cb
                0x000000000002b65c        0xc build/beaconing_nrf52840_xxAA_s140_7.2.0_Release/obj/timeslot.o
                0x000000000002b65c                timeslot_is_in_cb
 .text.timeslot_trigger
                0x000000000002b668       0x24 build/beaconing_nrf52840_xxAA_s140_7.2.0_Release/obj/timeslot.o
                0x000000000002b668                timeslot_trigger
 .text.timeslot_stop
                0x000000000002b68c       0x1c build/beaconing_nrf52840_xxAA_s140_7.2.0_Release/obj/timeslot.o
                0x000000000002b68c                timeslot_stop
 .text.timeslot_restart
                0x000000000002b6a8       0x20 build/beaconing_nrf52840_xxAA_s140_7.2.0_Release/obj/timeslot.o
                0x000000000002b6a8                timeslot_restart
 .text.timeslot_state_lock
                0x000000000002b6c8       0x20 build/beaconing_nrf52840_xxAA_s140_7.2.0_Release/obj/timeslot.o
                0x000000000002b6c8                timeslot_state_lock
 .text.timer_mut_unlock
                0x000000000002b6e8       0x10 build/beaconing_nrf52840_xxAA_s140_7.2.0_Release/obj/timeslot_timer.o
 .text.ts_timer_order_cb
                0x000000000002b6f8       0x68 build/beaconing_nrf52840_xxAA_s140_7.2.0_Release/obj/timeslot_timer.o
                0x000000000002b6f8                ts_timer_order_cb
 .text.ts_timer_now
                0x000000000002b760       0x40 build/beaconing_nrf52840_xxAA_s140_7.2.0_Release/obj/timeslot_timer.o
                0x000000000002b760                ts_timer_now
 .text.ts_timer_event_handler
                0x000000000002b7a0       0x6c build/beaconing_nrf52840_xxAA_s140_7.2.0_Release/obj/timeslot_timer.o
                0x000000000002b7a0                ts_timer_event_handler
 .text.ts_timer_to_device_time
                0x000000000002b80c        0xc build/beaconing_nrf52840_xxAA_s140_7.2.0_Release/obj/timeslot_timer.o
                0x000000000002b80c                ts_timer_to_device_time
 .text.ts_timer_on_ts_begin
                0x000000000002b818       0x64 build/beaconing_nrf52840_xxAA_s140_7.2.0_Release/obj/timeslot_timer.o
                0x000000000002b818                ts_timer_on_ts_begin
 .text.ts_timer_on_ts_end
                0x000000000002b87c       0x48 build/beaconing_nrf52840_xxAA_s140_7.2.0_Release/obj/timeslot_timer.o
                0x000000000002b87c                ts_timer_on_ts_end
 .text.trigger_event_handler
                0x000000000002b8c4       0x1c build/beaconing_nrf52840_xxAA_s140_7.2.0_Release/obj/bearer_event.o
 .text.bearer_event_init
                0x000000000002b8e0       0x58 build/beaconing_nrf52840_xxAA_s140_7.2.0_Release/obj/bearer_event.o
                0x000000000002b8e0                bearer_event_init
 .text.bearer_event_start
                0x000000000002b938       0x44 build/beaconing_nrf52840_xxAA_s140_7.2.0_Release/obj/bearer_event.o
                0x000000000002b938                bearer_event_start
 .text.bearer_event_critical_section_begin
                0x000000000002b97c       0x80 build/beaconing_nrf52840_xxAA_s140_7.2.0_Release/obj/bearer_event.o
                0x000000000002b97c                bearer_event_critical_section_begin
 .text.bearer_event_critical_section_end
                0x000000000002b9fc       0x60 build/beaconing_nrf52840_xxAA_s140_7.2.0_Release/obj/bearer_event.o
                0x000000000002b9fc                bearer_event_critical_section_end
 .text.bearer_event_flag_add
                0x000000000002ba5c       0x3c build/beaconing_nrf52840_xxAA_s140_7.2.0_Release/obj/bearer_event.o
                0x000000000002ba5c                bearer_event_flag_add
 .text.bearer_event_flag_set
                0x000000000002ba98       0x44 build/beaconing_nrf52840_xxAA_s140_7.2.0_Release/obj/bearer_event.o
                0x000000000002ba98                bearer_event_flag_set
 .text.bearer_event_sequential_add
                0x000000000002badc       0x2e build/beaconing_nrf52840_xxAA_s140_7.2.0_Release/obj/bearer_event.o
                0x000000000002badc                bearer_event_sequential_add
 *fill*         0x000000000002bb0a        0x2 
 .text.bearer_event_sequential_post
                0x000000000002bb0c       0x44 build/beaconing_nrf52840_xxAA_s140_7.2.0_Release/obj/bearer_event.o
                0x000000000002bb0c                bearer_event_sequential_post
 .text.bearer_event_sequential_pending
                0x000000000002bb50       0x10 build/beaconing_nrf52840_xxAA_s140_7.2.0_Release/obj/bearer_event.o
                0x000000000002bb50                bearer_event_sequential_pending
 .text.bearer_event_handler
                0x000000000002bb60       0xec build/beaconing_nrf52840_xxAA_s140_7.2.0_Release/obj/bearer_event.o
                0x000000000002bb60                bearer_event_handler
 .text.QDEC_IRQHandler
                0x000000000002bc4c        0x4 build/beaconing_nrf52840_xxAA_s140_7.2.0_Release/obj/bearer_event.o
                0x000000000002bc4c                QDEC_IRQHandler
 .text.bearer_event_in_correct_irq_priority
                0x000000000002bc50       0x74 build/beaconing_nrf52840_xxAA_s140_7.2.0_Release/obj/bearer_event.o
                0x000000000002bc50                bearer_event_in_correct_irq_priority
 .text.sd_ecb_block_encrypt
                0x000000000002bcc4        0x4 build/beaconing_nrf52840_xxAA_s140_7.2.0_Release/obj/enc.o
 .text.enc_aes_encrypt
                0x000000000002bcc8       0x5a build/beaconing_nrf52840_xxAA_s140_7.2.0_Release/obj/enc.o
                0x000000000002bcc8                enc_aes_encrypt
 .text.enc_aes_cmac
                0x000000000002bd22        0x4 build/beaconing_nrf52840_xxAA_s140_7.2.0_Release/obj/enc.o
                0x000000000002bd22                enc_aes_cmac
 .text.enc_aes_ccm_encrypt
                0x000000000002bd26        0x4 build/beaconing_nrf52840_xxAA_s140_7.2.0_Release/obj/enc.o
                0x000000000002bd26                enc_aes_ccm_encrypt
 .text.enc_aes_ccm_decrypt
                0x000000000002bd2a        0x4 build/beaconing_nrf52840_xxAA_s140_7.2.0_Release/obj/enc.o
                0x000000000002bd2a                enc_aes_ccm_decrypt
 .text.enc_nonce_generate
                0x000000000002bd2e       0xb6 build/beaconing_nrf52840_xxAA_s140_7.2.0_Release/obj/enc.o
                0x000000000002bd2e                enc_nonce_generate
 .text.enc_s1   0x000000000002bde4       0x2c build/beaconing_nrf52840_xxAA_s140_7.2.0_Release/obj/enc.o
                0x000000000002bde4                enc_s1
 .text.enc_k1   0x000000000002be10       0x42 build/beaconing_nrf52840_xxAA_s140_7.2.0_Release/obj/enc.o
                0x000000000002be10                enc_k1
 *fill*         0x000000000002be52        0x2 
 .text.enc_k2   0x000000000002be54       0xc8 build/beaconing_nrf52840_xxAA_s140_7.2.0_Release/obj/enc.o
                0x000000000002be54                enc_k2
 .text.enc_k3   0x000000000002bf1c       0x5c build/beaconing_nrf52840_xxAA_s140_7.2.0_Release/obj/enc.o
                0x000000000002bf1c                enc_k3
 .text.enc_k4   0x000000000002bf78       0x54 build/beaconing_nrf52840_xxAA_s140_7.2.0_Release/obj/enc.o
                0x000000000002bf78                enc_k4
 .text.allocate_packet
                0x000000000002bfcc       0x6e build/beaconing_nrf52840_xxAA_s140_7.2.0_Release/obj/network.o
 *fill*         0x000000000002c03a        0x2 
 .text.network_init
                0x000000000002c03c       0x1c build/beaconing_nrf52840_xxAA_s140_7.2.0_Release/obj/network.o
                0x000000000002c03c                network_init
 .text.network_enable
                0x000000000002c058        0xe build/beaconing_nrf52840_xxAA_s140_7.2.0_Release/obj/network.o
                0x000000000002c058                network_enable
 .text.network_packet_alloc
                0x000000000002c066       0x42 build/beaconing_nrf52840_xxAA_s140_7.2.0_Release/obj/network.o
                0x000000000002c066                network_packet_alloc
 .text.network_packet_send
                0x000000000002c0a8       0xcc build/beaconing_nrf52840_xxAA_s140_7.2.0_Release/obj/network.o
                0x000000000002c0a8                network_packet_send
 .text.network_packet_in
                0x000000000002c174      0x250 build/beaconing_nrf52840_xxAA_s140_7.2.0_Release/obj/network.o
                0x000000000002c174                network_packet_in
 .text.nonce_type_get
                0x000000000002c3c4       0x16 build/beaconing_nrf52840_xxAA_s140_7.2.0_Release/obj/net_packet.o
 .text.header_transfuscate
                0x000000000002c3da       0x5a build/beaconing_nrf52840_xxAA_s140_7.2.0_Release/obj/net_packet.o
 .text.try_decrypt
                0x000000000002c434      0x168 build/beaconing_nrf52840_xxAA_s140_7.2.0_Release/obj/net_packet.o
 .text.net_packet_decrypt
                0x000000000002c59c       0x94 build/beaconing_nrf52840_xxAA_s140_7.2.0_Release/obj/net_packet.o
                0x000000000002c59c                net_packet_decrypt
 .text.net_packet_encrypt
                0x000000000002c630       0x7e build/beaconing_nrf52840_xxAA_s140_7.2.0_Release/obj/net_packet.o
                0x000000000002c630                net_packet_encrypt
 .text.net_packet_header_set
                0x000000000002c6ae       0x8c build/beaconing_nrf52840_xxAA_s140_7.2.0_Release/obj/net_packet.o
                0x000000000002c6ae                net_packet_header_set
 .text.net_packet_payload_len_get
                0x000000000002c73a       0x10 build/beaconing_nrf52840_xxAA_s140_7.2.0_Release/obj/net_packet.o
                0x000000000002c73a                net_packet_payload_len_get
 .text.net_packet_from_payload
                0x000000000002c74a        0x4 build/beaconing_nrf52840_xxAA_s140_7.2.0_Release/obj/net_packet.o
                0x000000000002c74a                net_packet_from_payload
 .text.net_packet_obfuscation_start_get
                0x000000000002c74e        0x4 build/beaconing_nrf52840_xxAA_s140_7.2.0_Release/obj/net_packet.o
                0x000000000002c74e                net_packet_obfuscation_start_get
 .text.stage_get_available
                0x000000000002c752       0x24 build/beaconing_nrf52840_xxAA_s140_7.2.0_Release/obj/msqueue.o
 .text.msq_get  0x000000000002c776       0x38 build/beaconing_nrf52840_xxAA_s140_7.2.0_Release/obj/msqueue.o
                0x000000000002c776                msq_get
 .text.msq_move
                0x000000000002c7ae       0x2e build/beaconing_nrf52840_xxAA_s140_7.2.0_Release/obj/msqueue.o
                0x000000000002c7ae                msq_move
 .text.msq_reset
                0x000000000002c7dc       0x20 build/beaconing_nrf52840_xxAA_s140_7.2.0_Release/obj/msqueue.o
                0x000000000002c7dc                msq_reset
 .text.msq_init
                0x000000000002c7fc       0x48 build/beaconing_nrf52840_xxAA_s140_7.2.0_Release/obj/msqueue.o
                0x000000000002c7fc                msq_init
 .text.msq_available
                0x000000000002c844       0x26 build/beaconing_nrf52840_xxAA_s140_7.2.0_Release/obj/msqueue.o
                0x000000000002c844                msq_available
 .text.nrf_mesh_keygen_aid
                0x000000000002c86a       0x12 build/beaconing_nrf52840_xxAA_s140_7.2.0_Release/obj/nrf_mesh_keygen.o
                0x000000000002c86a                nrf_mesh_keygen_aid
 .text.nrf_mesh_keygen_network_secmat
                0x000000000002c87c       0x22 build/beaconing_nrf52840_xxAA_s140_7.2.0_Release/obj/nrf_mesh_keygen.o
                0x000000000002c87c                nrf_mesh_keygen_network_secmat
 *fill*         0x000000000002c89e        0x2 
 .text.nrf_mesh_keygen_beacon_secmat
                0x000000000002c8a0       0x50 build/beaconing_nrf52840_xxAA_s140_7.2.0_Release/obj/nrf_mesh_keygen.o
                0x000000000002c8a0                nrf_mesh_keygen_beacon_secmat
 .text.nrf_mesh_keygen_virtual_address
                0x000000000002c8f0       0x50 build/beaconing_nrf52840_xxAA_s140_7.2.0_Release/obj/nrf_mesh_keygen.o
                0x000000000002c8f0                nrf_mesh_keygen_virtual_address
 .text.list_insert
                0x000000000002c940       0x1c build/beaconing_nrf52840_xxAA_s140_7.2.0_Release/obj/list.o
 .text.list_add
                0x000000000002c95c       0x42 build/beaconing_nrf52840_xxAA_s140_7.2.0_Release/obj/list.o
                0x000000000002c95c                list_add
 .text.list_remove
                0x000000000002c99e       0x3a build/beaconing_nrf52840_xxAA_s140_7.2.0_Release/obj/list.o
                0x000000000002c99e                list_remove
 .text.log_callback_rtt
                0x000000000002c9d8       0x2c build/beaconing_nrf52840_xxAA_s140_7.2.0_Release/obj/log.o
                0x000000000002c9d8                log_callback_rtt
 .text.log_init
                0x000000000002ca04       0x1c build/beaconing_nrf52840_xxAA_s140_7.2.0_Release/obj/log.o
                0x000000000002ca04                log_init
 .text.log_vprintf
                0x000000000002ca20       0x18 build/beaconing_nrf52840_xxAA_s140_7.2.0_Release/obj/log.o
                0x000000000002ca20                log_vprintf
 .text.log_printf
                0x000000000002ca38       0x18 build/beaconing_nrf52840_xxAA_s140_7.2.0_Release/obj/log.o
                0x000000000002ca38                log_printf
 .text.get_area_end
                0x000000000002ca50        0xc build/beaconing_nrf52840_xxAA_s140_7.2.0_Release/obj/flash_manager.o
 .text.handle_matches_filter
                0x000000000002ca5c       0x26 build/beaconing_nrf52840_xxAA_s140_7.2.0_Release/obj/flash_manager.o
 *fill*         0x000000000002ca82        0x2 
 .text.get_packet_buffer
                0x000000000002ca84       0x20 build/beaconing_nrf52840_xxAA_s140_7.2.0_Release/obj/flash_manager.o
 .text.flash    0x000000000002caa4       0x1c build/beaconing_nrf52840_xxAA_s140_7.2.0_Release/obj/flash_manager.o
 .text.free_packet_buffer
                0x000000000002cac0       0x3c build/beaconing_nrf52840_xxAA_s140_7.2.0_Release/obj/flash_manager.o
 .text.reserve_action_buffer
                0x000000000002cafc       0x24 build/beaconing_nrf52840_xxAA_s140_7.2.0_Release/obj/flash_manager.o
 .text.commit_action_buffer
                0x000000000002cb20       0x18 build/beaconing_nrf52840_xxAA_s140_7.2.0_Release/obj/flash_manager.o
 .text.schedule_processing
                0x000000000002cb38        0xc build/beaconing_nrf52840_xxAA_s140_7.2.0_Release/obj/flash_manager.o
 .text.get_next_entry
                0x000000000002cb44       0x38 build/beaconing_nrf52840_xxAA_s140_7.2.0_Release/obj/flash_manager.o
 .text.get_last_entry
                0x000000000002cb7c       0x30 build/beaconing_nrf52840_xxAA_s140_7.2.0_Release/obj/flash_manager.o
 .text.recover_seal
                0x000000000002cbac       0x56 build/beaconing_nrf52840_xxAA_s140_7.2.0_Release/obj/flash_manager.o
 *fill*         0x000000000002cc02        0x2 
 .text.process_action_queue
                0x000000000002cc04      0x3e0 build/beaconing_nrf52840_xxAA_s140_7.2.0_Release/obj/flash_manager.o
 .text.flash_op_ended_callback
                0x000000000002cfe4       0x24 build/beaconing_nrf52840_xxAA_s140_7.2.0_Release/obj/flash_manager.o
 .text.flash_manager_init
                0x000000000002d008       0x68 build/beaconing_nrf52840_xxAA_s140_7.2.0_Release/obj/flash_manager.o
                0x000000000002d008                flash_manager_init
 .text.flash_manager_remove
                0x000000000002d070       0x2e build/beaconing_nrf52840_xxAA_s140_7.2.0_Release/obj/flash_manager.o
                0x000000000002d070                flash_manager_remove
 .text.flash_manager_entries_read
                0x000000000002d09e       0xf6 build/beaconing_nrf52840_xxAA_s140_7.2.0_Release/obj/flash_manager.o
                0x000000000002d09e                flash_manager_entries_read
 .text.flash_manager_entry_count_get
                0x000000000002d194       0x20 build/beaconing_nrf52840_xxAA_s140_7.2.0_Release/obj/flash_manager.o
                0x000000000002d194                flash_manager_entry_count_get
 .text.flash_manager_entry_alloc
                0x000000000002d1b4       0x72 build/beaconing_nrf52840_xxAA_s140_7.2.0_Release/obj/flash_manager.o
                0x000000000002d1b4                flash_manager_entry_alloc
 *fill*         0x000000000002d226        0x2 
 .text.flash_manager_entry_commit
                0x000000000002d228       0x2c build/beaconing_nrf52840_xxAA_s140_7.2.0_Release/obj/flash_manager.o
                0x000000000002d228                flash_manager_entry_commit
 .text.flash_manager_entry_invalidate
                0x000000000002d254       0x4e build/beaconing_nrf52840_xxAA_s140_7.2.0_Release/obj/flash_manager.o
                0x000000000002d254                flash_manager_entry_invalidate
 *fill*         0x000000000002d2a2        0x2 
 .text.flash_manager_add
                0x000000000002d2a4      0x248 build/beaconing_nrf52840_xxAA_s140_7.2.0_Release/obj/flash_manager.o
                0x000000000002d2a4                flash_manager_add
 .text.flash_manager_mem_listener_register
                0x000000000002d4ec       0x30 build/beaconing_nrf52840_xxAA_s140_7.2.0_Release/obj/flash_manager.o
                0x000000000002d4ec                flash_manager_mem_listener_register
 .text.flash_manager_is_stable
                0x000000000002d51c       0x20 build/beaconing_nrf52840_xxAA_s140_7.2.0_Release/obj/flash_manager.o
                0x000000000002d51c                flash_manager_is_stable
 .text.flash_manager_on_defrag_end
                0x000000000002d53c       0x54 build/beaconing_nrf52840_xxAA_s140_7.2.0_Release/obj/flash_manager.o
                0x000000000002d53c                flash_manager_on_defrag_end
 .text.flash_manager_recovery_page_get
                0x000000000002d590        0x4 build/beaconing_nrf52840_xxAA_s140_7.2.0_Release/obj/flash_manager.o
                0x000000000002d590                flash_manager_recovery_page_get
 .text.flash_manager_action_queue_empty_cb_set
                0x000000000002d594       0x1c build/beaconing_nrf52840_xxAA_s140_7.2.0_Release/obj/flash_manager.o
                0x000000000002d594                flash_manager_action_queue_empty_cb_set
 .text.flash_manager_is_building
                0x000000000002d5b0        0xa build/beaconing_nrf52840_xxAA_s140_7.2.0_Release/obj/flash_manager.o
                0x000000000002d5b0                flash_manager_is_building
 .text.flash_manager_is_removing
                0x000000000002d5ba        0xa build/beaconing_nrf52840_xxAA_s140_7.2.0_Release/obj/flash_manager.o
                0x000000000002d5ba                flash_manager_is_removing
 .text.utils_xor
                0x000000000002d5c4       0x14 build/beaconing_nrf52840_xxAA_s140_7.2.0_Release/obj/ccm_soft.o
 .text.sd_ecb_block_encrypt
                0x000000000002d5d8        0x4 build/beaconing_nrf52840_xxAA_s140_7.2.0_Release/obj/ccm_soft.o
 .text.ccm_soft_crypt
                0x000000000002d5dc       0x4e build/beaconing_nrf52840_xxAA_s140_7.2.0_Release/obj/ccm_soft.o
 .text.ccm_soft_authenticate_blocks
                0x000000000002d62a       0x6a build/beaconing_nrf52840_xxAA_s140_7.2.0_Release/obj/ccm_soft.o
 .text.ccm_soft_authenticate
                0x000000000002d694       0x96 build/beaconing_nrf52840_xxAA_s140_7.2.0_Release/obj/ccm_soft.o
 .text.ccm_soft_encrypt
                0x000000000002d72a       0x74 build/beaconing_nrf52840_xxAA_s140_7.2.0_Release/obj/ccm_soft.o
                0x000000000002d72a                ccm_soft_encrypt
 .text.ccm_soft_decrypt
                0x000000000002d79e       0xc4 build/beaconing_nrf52840_xxAA_s140_7.2.0_Release/obj/ccm_soft.o
                0x000000000002d79e                ccm_soft_decrypt
 .text.transport_sar_first_seq_num_get
                0x000000000002d862       0x12 build/beaconing_nrf52840_xxAA_s140_7.2.0_Release/obj/replay_cache.o
 .text.seqzero_cache_getter
                0x000000000002d874       0x28 build/beaconing_nrf52840_xxAA_s140_7.2.0_Release/obj/replay_cache.o
 .text.seqzero_cache_setter
                0x000000000002d89c       0x2c build/beaconing_nrf52840_xxAA_s140_7.2.0_Release/obj/replay_cache.o
 .text.iv_index_get
                0x000000000002d8c8       0x34 build/beaconing_nrf52840_xxAA_s140_7.2.0_Release/obj/replay_cache.o
 .text.seqauth_is_new
                0x000000000002d8fc       0x60 build/beaconing_nrf52840_xxAA_s140_7.2.0_Release/obj/replay_cache.o
 .text.replay_cache_getter
                0x000000000002d95c       0x2c build/beaconing_nrf52840_xxAA_s140_7.2.0_Release/obj/replay_cache.o
 .text.entry_add
                0x000000000002d988       0xec build/beaconing_nrf52840_xxAA_s140_7.2.0_Release/obj/replay_cache.o
 .text.evt_handler
                0x000000000002da74       0xc0 build/beaconing_nrf52840_xxAA_s140_7.2.0_Release/obj/replay_cache.o
 .text.replay_cache_setter
                0x000000000002db34       0x44 build/beaconing_nrf52840_xxAA_s140_7.2.0_Release/obj/replay_cache.o
 .text.replay_cache_init
                0x000000000002db78       0x40 build/beaconing_nrf52840_xxAA_s140_7.2.0_Release/obj/replay_cache.o
                0x000000000002db78                replay_cache_init
 .text.replay_cache_enable
                0x000000000002dbb8       0x1c build/beaconing_nrf52840_xxAA_s140_7.2.0_Release/obj/replay_cache.o
                0x000000000002dbb8                replay_cache_enable
 .text.replay_cache_add
                0x000000000002dbd4        0x6 build/beaconing_nrf52840_xxAA_s140_7.2.0_Release/obj/replay_cache.o
                0x000000000002dbd4                replay_cache_add
 *fill*         0x000000000002dbda        0x2 
 .text.replay_cache_seqauth_add
                0x000000000002dbdc       0x74 build/beaconing_nrf52840_xxAA_s140_7.2.0_Release/obj/replay_cache.o
                0x000000000002dbdc                replay_cache_seqauth_add
 .text.replay_cache_has_elem
                0x000000000002dc50       0x50 build/beaconing_nrf52840_xxAA_s140_7.2.0_Release/obj/replay_cache.o
                0x000000000002dc50                replay_cache_has_elem
 .text.replay_cache_has_seqauth
                0x000000000002dca0       0x60 build/beaconing_nrf52840_xxAA_s140_7.2.0_Release/obj/replay_cache.o
                0x000000000002dca0                replay_cache_has_seqauth
 .text.replay_cache_is_seqauth_last
                0x000000000002dd00       0x8c build/beaconing_nrf52840_xxAA_s140_7.2.0_Release/obj/replay_cache.o
                0x000000000002dd00                replay_cache_is_seqauth_last
 .text.replay_cache_clear
                0x000000000002dd8c       0x34 build/beaconing_nrf52840_xxAA_s140_7.2.0_Release/obj/replay_cache.o
                0x000000000002dd8c                replay_cache_clear
 .text.beacon_packet_in.part.0
                0x000000000002ddc0       0xd8 build/beaconing_nrf52840_xxAA_s140_7.2.0_Release/obj/beacon.o
 .text.beacon_packet_in
                0x000000000002de98       0x26 build/beaconing_nrf52840_xxAA_s140_7.2.0_Release/obj/beacon.o
 .text.beacon_create
                0x000000000002debe       0x40 build/beaconing_nrf52840_xxAA_s140_7.2.0_Release/obj/beacon.o
                0x000000000002debe                beacon_create
 *fill*         0x000000000002defe        0x2 
 .text.entry_get
                0x000000000002df00       0x78 build/beaconing_nrf52840_xxAA_s140_7.2.0_Release/obj/flash_manager_internal.o
                0x000000000002df00                entry_get
 .text.core_tx_complete_cb_set
                0x000000000002df78        0xc build/beaconing_nrf52840_xxAA_s140_7.2.0_Release/obj/core_tx.o
                0x000000000002df78                core_tx_complete_cb_set
 .text.core_tx_packet_alloc
                0x000000000002df84       0xcc build/beaconing_nrf52840_xxAA_s140_7.2.0_Release/obj/core_tx.o
                0x000000000002df84                core_tx_packet_alloc
 .text.core_tx_packet_send
                0x000000000002e050       0x6c build/beaconing_nrf52840_xxAA_s140_7.2.0_Release/obj/core_tx.o
                0x000000000002e050                core_tx_packet_send
 .text.core_tx_packet_discard
                0x000000000002e0bc       0x5c build/beaconing_nrf52840_xxAA_s140_7.2.0_Release/obj/core_tx.o
                0x000000000002e0bc                core_tx_packet_discard
 .text.core_tx_complete
                0x000000000002e118       0x34 build/beaconing_nrf52840_xxAA_s140_7.2.0_Release/obj/core_tx.o
                0x000000000002e118                core_tx_complete
 .text.core_tx_bearer_add
                0x000000000002e14c       0x74 build/beaconing_nrf52840_xxAA_s140_7.2.0_Release/obj/core_tx.o
                0x000000000002e14c                core_tx_bearer_add
 .text.hb_pub_deleter
                0x000000000002e1c0       0x28 build/beaconing_nrf52840_xxAA_s140_7.2.0_Release/obj/heartbeat.o
 .text.hb_pub_getter
                0x000000000002e1e8       0x3c build/beaconing_nrf52840_xxAA_s140_7.2.0_Release/obj/heartbeat.o
 .text.hb_pub_setter
                0x000000000002e224       0xc8 build/beaconing_nrf52840_xxAA_s140_7.2.0_Release/obj/heartbeat.o
 .text.heartbeat_opcode_handle
                0x000000000002e2ec       0x84 build/beaconing_nrf52840_xxAA_s140_7.2.0_Release/obj/heartbeat.o
 .text.heartbeat_subscription_timer_cb
                0x000000000002e370       0x3c build/beaconing_nrf52840_xxAA_s140_7.2.0_Release/obj/heartbeat.o
 .text.heartbeat_publish
                0x000000000002e3ac       0xa4 build/beaconing_nrf52840_xxAA_s140_7.2.0_Release/obj/heartbeat.o
 .text.heartbeat_core_evt_cb
                0x000000000002e450       0x18 build/beaconing_nrf52840_xxAA_s140_7.2.0_Release/obj/heartbeat.o
 .text.heartbeat_publication_timer_cb
                0x000000000002e468       0x54 build/beaconing_nrf52840_xxAA_s140_7.2.0_Release/obj/heartbeat.o
 .text.heartbeat_relay_listener_cb
                0x000000000002e4bc       0x48 build/beaconing_nrf52840_xxAA_s140_7.2.0_Release/obj/heartbeat.o
 .text.heartbeat_init
                0x000000000002e504       0x58 build/beaconing_nrf52840_xxAA_s140_7.2.0_Release/obj/heartbeat.o
                0x000000000002e504                heartbeat_init
 .text.heartbeat_subscription_set
                0x000000000002e55c       0xd0 build/beaconing_nrf52840_xxAA_s140_7.2.0_Release/obj/heartbeat.o
                0x000000000002e55c                heartbeat_subscription_set
 .text.heartbeat_subscription_get
                0x000000000002e62c        0x8 build/beaconing_nrf52840_xxAA_s140_7.2.0_Release/obj/heartbeat.o
                0x000000000002e62c                heartbeat_subscription_get
 .text.heartbeat_publication_get
                0x000000000002e634        0x8 build/beaconing_nrf52840_xxAA_s140_7.2.0_Release/obj/heartbeat.o
                0x000000000002e634                heartbeat_publication_get
 .text.heartbeat_publication_set
                0x000000000002e63c       0x18 build/beaconing_nrf52840_xxAA_s140_7.2.0_Release/obj/heartbeat.o
                0x000000000002e63c                heartbeat_publication_set
 .text.heartbeat_public_info_getter_register
                0x000000000002e654       0x14 build/beaconing_nrf52840_xxAA_s140_7.2.0_Release/obj/heartbeat.o
                0x000000000002e654                heartbeat_public_info_getter_register
 .text.beacon_deleter
                0x000000000002e668       0x34 build/beaconing_nrf52840_xxAA_s140_7.2.0_Release/obj/net_beacon.o
 .text.beacon_getter
                0x000000000002e69c       0x24 build/beaconing_nrf52840_xxAA_s140_7.2.0_Release/obj/net_beacon.o
 .text.beacon_setter
                0x000000000002e6c0       0x5c build/beaconing_nrf52840_xxAA_s140_7.2.0_Release/obj/net_beacon.o
 .text.make_network_beacon_packet
                0x000000000002e71c       0x46 build/beaconing_nrf52840_xxAA_s140_7.2.0_Release/obj/net_beacon.o
 *fill*         0x000000000002e762        0x2 
 .text.beacon_tx
                0x000000000002e764      0x150 build/beaconing_nrf52840_xxAA_s140_7.2.0_Release/obj/net_beacon.o
 .text.tx_complete_cb
                0x000000000002e8b4        0xe build/beaconing_nrf52840_xxAA_s140_7.2.0_Release/obj/net_beacon.o
 .text.beacon_tx_timeout
                0x000000000002e8c2        0x4 build/beaconing_nrf52840_xxAA_s140_7.2.0_Release/obj/net_beacon.o
 .text.is_valid_beacon_pkt
                0x000000000002e8c6       0x46 build/beaconing_nrf52840_xxAA_s140_7.2.0_Release/obj/net_beacon.o
 .text.net_beacon_init
                0x000000000002e90c       0x7c build/beaconing_nrf52840_xxAA_s140_7.2.0_Release/obj/net_beacon.o
                0x000000000002e90c                net_beacon_init
 .text.net_beacon_enable
                0x000000000002e988       0x28 build/beaconing_nrf52840_xxAA_s140_7.2.0_Release/obj/net_beacon.o
                0x000000000002e988                net_beacon_enable
 .text.net_beacon_state_set
                0x000000000002e9b0       0x2c build/beaconing_nrf52840_xxAA_s140_7.2.0_Release/obj/net_beacon.o
                0x000000000002e9b0                net_beacon_state_set
 .text.net_beacon_state_get
                0x000000000002e9dc       0x2c build/beaconing_nrf52840_xxAA_s140_7.2.0_Release/obj/net_beacon.o
                0x000000000002e9dc                net_beacon_state_get
 .text.net_beacon_packet_in
                0x000000000002ea08      0x124 build/beaconing_nrf52840_xxAA_s140_7.2.0_Release/obj/net_beacon.o
                0x000000000002ea08                net_beacon_packet_in
 .text.file_params_find
                0x000000000002eb2c       0x20 build/beaconing_nrf52840_xxAA_s140_7.2.0_Release/obj/mesh_config.o
 .text.listeners_notify
                0x000000000002eb4c       0x50 build/beaconing_nrf52840_xxAA_s140_7.2.0_Release/obj/mesh_config.o
 .text.dirty_entries_process
                0x000000000002eb9c       0xf8 build/beaconing_nrf52840_xxAA_s140_7.2.0_Release/obj/mesh_config.o
 .text.entry_flags_get.isra.0
                0x000000000002ec94       0x1c build/beaconing_nrf52840_xxAA_s140_7.2.0_Release/obj/mesh_config.o
 .text.entry_params_find
                0x000000000002ecb0       0x38 build/beaconing_nrf52840_xxAA_s140_7.2.0_Release/obj/mesh_config.o
 .text.backend_evt_handler
                0x000000000002ece8      0x104 build/beaconing_nrf52840_xxAA_s140_7.2.0_Release/obj/mesh_config.o
 .text.restore_callback
                0x000000000002edec       0x98 build/beaconing_nrf52840_xxAA_s140_7.2.0_Release/obj/mesh_config.o
 .text.mesh_config_init
                0x000000000002ee84       0xac build/beaconing_nrf52840_xxAA_s140_7.2.0_Release/obj/mesh_config.o
                0x000000000002ee84                mesh_config_init
 .text.mesh_config_entry_set
                0x000000000002ef30       0x62 build/beaconing_nrf52840_xxAA_s140_7.2.0_Release/obj/mesh_config.o
                0x000000000002ef30                mesh_config_entry_set
 .text.mesh_config_entry_get
                0x000000000002ef92       0x3c build/beaconing_nrf52840_xxAA_s140_7.2.0_Release/obj/mesh_config.o
                0x000000000002ef92                mesh_config_entry_get
 .text.mesh_config_entry_delete
                0x000000000002efce       0x4a build/beaconing_nrf52840_xxAA_s140_7.2.0_Release/obj/mesh_config.o
                0x000000000002efce                mesh_config_entry_delete
 .text.mesh_config_file_clear
                0x000000000002f018       0x9c build/beaconing_nrf52840_xxAA_s140_7.2.0_Release/obj/mesh_config.o
                0x000000000002f018                mesh_config_file_clear
 .text.mesh_config_load
                0x000000000002f0b4       0x58 build/beaconing_nrf52840_xxAA_s140_7.2.0_Release/obj/mesh_config.o
                0x000000000002f0b4                mesh_config_load
 .text.dummy_event
                0x000000000002f10c        0x2 build/beaconing_nrf52840_xxAA_s140_7.2.0_Release/obj/mesh_config_backend.o
 *fill*         0x000000000002f10e        0x2 
 .text.file_get
                0x000000000002f110       0x34 build/beaconing_nrf52840_xxAA_s140_7.2.0_Release/obj/mesh_config_backend.o
 .text.mesh_config_backend_init
                0x000000000002f144      0x118 build/beaconing_nrf52840_xxAA_s140_7.2.0_Release/obj/mesh_config_backend.o
                0x000000000002f144                mesh_config_backend_init
 .text.mesh_config_backend_store
                0x000000000002f25c       0x4c build/beaconing_nrf52840_xxAA_s140_7.2.0_Release/obj/mesh_config_backend.o
                0x000000000002f25c                mesh_config_backend_store
 .text.mesh_config_backend_erase
                0x000000000002f2a8       0x32 build/beaconing_nrf52840_xxAA_s140_7.2.0_Release/obj/mesh_config_backend.o
                0x000000000002f2a8                mesh_config_backend_erase
 *fill*         0x000000000002f2da        0x2 
 .text.mesh_config_backend_read_all
                0x000000000002f2dc       0x38 build/beaconing_nrf52840_xxAA_s140_7.2.0_Release/obj/mesh_config_backend.o
                0x000000000002f2dc                mesh_config_backend_read_all
 .text.entry_read_cb
                0x000000000002f314       0x38 build/beaconing_nrf52840_xxAA_s140_7.2.0_Release/obj/mesh_config_flashman_glue.o
 .text.write_complete_cb
                0x000000000002f34c       0x3c build/beaconing_nrf52840_xxAA_s140_7.2.0_Release/obj/mesh_config_flashman_glue.o
 .text.invalidate_complete_cb
                0x000000000002f388       0x34 build/beaconing_nrf52840_xxAA_s140_7.2.0_Release/obj/mesh_config_flashman_glue.o
 .text.flash_stable_cb
                0x000000000002f3bc       0x20 build/beaconing_nrf52840_xxAA_s140_7.2.0_Release/obj/mesh_config_flashman_glue.o
 .text.file_restore
                0x000000000002f3dc       0x60 build/beaconing_nrf52840_xxAA_s140_7.2.0_Release/obj/mesh_config_flashman_glue.o
 .text.remove_complete_cb
                0x000000000002f43c       0x50 build/beaconing_nrf52840_xxAA_s140_7.2.0_Release/obj/mesh_config_flashman_glue.o
 .text.file_restore_listener_wrapper
                0x000000000002f48c        0x4 build/beaconing_nrf52840_xxAA_s140_7.2.0_Release/obj/mesh_config_flashman_glue.o
 .text.file_remove
                0x000000000002f490       0x50 build/beaconing_nrf52840_xxAA_s140_7.2.0_Release/obj/mesh_config_flashman_glue.o
 .text.file_ready_listener
                0x000000000002f4e0       0x40 build/beaconing_nrf52840_xxAA_s140_7.2.0_Release/obj/mesh_config_flashman_glue.o
 .text.file_remove_listener_wrapper
                0x000000000002f520        0x4 build/beaconing_nrf52840_xxAA_s140_7.2.0_Release/obj/mesh_config_flashman_glue.o
 .text.mesh_config_backend_glue_init
                0x000000000002f524       0x28 build/beaconing_nrf52840_xxAA_s140_7.2.0_Release/obj/mesh_config_flashman_glue.o
                0x000000000002f524                mesh_config_backend_glue_init
 .text.mesh_config_backend_file_create
                0x000000000002f54c       0x9c build/beaconing_nrf52840_xxAA_s140_7.2.0_Release/obj/mesh_config_flashman_glue.o
                0x000000000002f54c                mesh_config_backend_file_create
 .text.mesh_config_backend_file_clean
                0x000000000002f5e8        0x4 build/beaconing_nrf52840_xxAA_s140_7.2.0_Release/obj/mesh_config_flashman_glue.o
                0x000000000002f5e8                mesh_config_backend_file_clean
 .text.mesh_config_backend_record_write
                0x000000000002f5ec       0x2c build/beaconing_nrf52840_xxAA_s140_7.2.0_Release/obj/mesh_config_flashman_glue.o
                0x000000000002f5ec                mesh_config_backend_record_write
 .text.mesh_config_backend_record_erase
                0x000000000002f618       0x30 build/beaconing_nrf52840_xxAA_s140_7.2.0_Release/obj/mesh_config_flashman_glue.o
                0x000000000002f618                mesh_config_backend_record_erase
 .text.mesh_config_backend_records_read
                0x000000000002f648       0x30 build/beaconing_nrf52840_xxAA_s140_7.2.0_Release/obj/mesh_config_flashman_glue.o
                0x000000000002f648                mesh_config_backend_records_read
 .text.mesh_config_record_size_calculate
                0x000000000002f678        0xa build/beaconing_nrf52840_xxAA_s140_7.2.0_Release/obj/mesh_config_flashman_glue.o
                0x000000000002f678                mesh_config_record_size_calculate
 .text.mesh_config_backend_file_power_down_time_get
                0x000000000002f682       0x24 build/beaconing_nrf52840_xxAA_s140_7.2.0_Release/obj/mesh_config_flashman_glue.o
                0x000000000002f682                mesh_config_backend_file_power_down_time_get
 .text.mesh_config_backend_is_there_power_down_place
                0x000000000002f6a6       0x1c build/beaconing_nrf52840_xxAA_s140_7.2.0_Release/obj/mesh_config_flashman_glue.o
                0x000000000002f6a6                mesh_config_backend_is_there_power_down_place
 *fill*         0x000000000002f6c2        0x2 
 .text.packet_discard
                0x000000000002f6c4       0x30 build/beaconing_nrf52840_xxAA_s140_7.2.0_Release/obj/core_tx_local.o
 .text.packet_send
                0x000000000002f6f4       0x58 build/beaconing_nrf52840_xxAA_s140_7.2.0_Release/obj/core_tx_local.o
 .text.loopback_process
                0x000000000002f74c       0x68 build/beaconing_nrf52840_xxAA_s140_7.2.0_Release/obj/core_tx_local.o
 .text.packet_alloc
                0x000000000002f7b4       0x48 build/beaconing_nrf52840_xxAA_s140_7.2.0_Release/obj/core_tx_local.o
 .text.core_tx_local_init
                0x000000000002f7fc       0x34 build/beaconing_nrf52840_xxAA_s140_7.2.0_Release/obj/core_tx_local.o
                0x000000000002f7fc                core_tx_local_init
 .text.fake_item_setter
                0x000000000002f830        0x8 build/beaconing_nrf52840_xxAA_s140_7.2.0_Release/obj/emergency_cache.o
 .text.fake_item_getter
                0x000000000002f838        0x6 build/beaconing_nrf52840_xxAA_s140_7.2.0_Release/obj/emergency_cache.o
 *fill*         0x000000000002f83e        0x2 
 .text.emergency_cache_item_store
                0x000000000002f840       0x3c build/beaconing_nrf52840_xxAA_s140_7.2.0_Release/obj/emergency_cache.o
                0x000000000002f840                emergency_cache_item_store
 .text.core_tx_adv_get
                0x000000000002f87c       0x3c build/beaconing_nrf52840_xxAA_s140_7.2.0_Release/obj/core_tx_adv.o
 .text.core_tx_tx_power_get
                0x000000000002f8b8       0x30 build/beaconing_nrf52840_xxAA_s140_7.2.0_Release/obj/core_tx_adv.o
 .text.core_tx_adv_delete
                0x000000000002f8e8       0x50 build/beaconing_nrf52840_xxAA_s140_7.2.0_Release/obj/core_tx_adv.o
 .text.core_tx_adv_set
                0x000000000002f938       0x6c build/beaconing_nrf52840_xxAA_s140_7.2.0_Release/obj/core_tx_adv.o
 .text.core_tx_tx_power_delete
                0x000000000002f9a4       0x30 build/beaconing_nrf52840_xxAA_s140_7.2.0_Release/obj/core_tx_adv.o
 .text.core_tx_tx_power_set
                0x000000000002f9d4       0x34 build/beaconing_nrf52840_xxAA_s140_7.2.0_Release/obj/core_tx_adv.o
 .text.core_tx_adv_addr_delete
                0x000000000002fa08       0x34 build/beaconing_nrf52840_xxAA_s140_7.2.0_Release/obj/core_tx_adv.o
 .text.core_tx_adv_addr_set
                0x000000000002fa3c       0x40 build/beaconing_nrf52840_xxAA_s140_7.2.0_Release/obj/core_tx_adv.o
 .text.core_tx_adv_addr_get
                0x000000000002fa7c       0x38 build/beaconing_nrf52840_xxAA_s140_7.2.0_Release/obj/core_tx_adv.o
 .text.packet_discard
                0x000000000002fab4       0x40 build/beaconing_nrf52840_xxAA_s140_7.2.0_Release/obj/core_tx_adv.o
 .text.packet_send
                0x000000000002faf4       0x58 build/beaconing_nrf52840_xxAA_s140_7.2.0_Release/obj/core_tx_adv.o
 .text.packet_alloc
                0x000000000002fb4c       0x58 build/beaconing_nrf52840_xxAA_s140_7.2.0_Release/obj/core_tx_adv.o
 .text.adv_tx_complete_callback
                0x000000000002fba4       0x20 build/beaconing_nrf52840_xxAA_s140_7.2.0_Release/obj/core_tx_adv.o
 .text.mesh_opt_core_adv_set
                0x000000000002fbc4       0x22 build/beaconing_nrf52840_xxAA_s140_7.2.0_Release/obj/core_tx_adv.o
                0x000000000002fbc4                mesh_opt_core_adv_set
 .text.mesh_opt_core_adv_get
                0x000000000002fbe6       0x22 build/beaconing_nrf52840_xxAA_s140_7.2.0_Release/obj/core_tx_adv.o
                0x000000000002fbe6                mesh_opt_core_adv_get
 .text.core_tx_adv_init
                0x000000000002fc08       0x60 build/beaconing_nrf52840_xxAA_s140_7.2.0_Release/obj/core_tx_adv.o
                0x000000000002fc08                core_tx_adv_init
 .text.core_tx_adv_is_enabled
                0x000000000002fc68       0x20 build/beaconing_nrf52840_xxAA_s140_7.2.0_Release/obj/core_tx_adv.o
                0x000000000002fc68                core_tx_adv_is_enabled
 .text.mesh_mem_init
                0x000000000002fc88        0x2 build/beaconing_nrf52840_xxAA_s140_7.2.0_Release/obj/mesh_mem_stdlib.o
                0x000000000002fc88                mesh_mem_init
 .text.mesh_mem_alloc
                0x000000000002fc8a        0x4 build/beaconing_nrf52840_xxAA_s140_7.2.0_Release/obj/mesh_mem_stdlib.o
                0x000000000002fc8a                mesh_mem_alloc
 .text.mesh_mem_free
                0x000000000002fc8e        0x4 build/beaconing_nrf52840_xxAA_s140_7.2.0_Release/obj/mesh_mem_stdlib.o
                0x000000000002fc8e                mesh_mem_free
 .text.mesh_evt_handler
                0x000000000002fc92       0x1c build/beaconing_nrf52840_xxAA_s140_7.2.0_Release/obj/mesh_stack.o
 *fill*         0x000000000002fcae        0x2 
 .text.load_monitor
                0x000000000002fcb0       0x18 build/beaconing_nrf52840_xxAA_s140_7.2.0_Release/obj/mesh_stack.o
 .text.mesh_stack_start
                0x000000000002fcc8        0x4 build/beaconing_nrf52840_xxAA_s140_7.2.0_Release/obj/mesh_stack.o
                0x000000000002fcc8                mesh_stack_start
 .text.mesh_stack_config_clear
                0x000000000002fccc       0x1a build/beaconing_nrf52840_xxAA_s140_7.2.0_Release/obj/mesh_stack.o
                0x000000000002fccc                mesh_stack_config_clear
 *fill*         0x000000000002fce6        0x2 
 .text.mesh_stack_init
                0x000000000002fce8       0x94 build/beaconing_nrf52840_xxAA_s140_7.2.0_Release/obj/mesh_stack.o
                0x000000000002fce8                mesh_stack_init
 .text.mesh_stack_device_reset
                0x000000000002fd7c       0x20 build/beaconing_nrf52840_xxAA_s140_7.2.0_Release/obj/mesh_stack.o
                0x000000000002fd7c                mesh_stack_device_reset
 .text.add_to_publication_list
                0x000000000002fd9c       0x70 build/beaconing_nrf52840_xxAA_s140_7.2.0_Release/obj/access_publish.o
 .text.step_resolution_to_us
                0x000000000002fe0c       0x1c build/beaconing_nrf52840_xxAA_s140_7.2.0_Release/obj/access_publish.o
 .text.schedule_publication_timer
                0x000000000002fe28      0x180 build/beaconing_nrf52840_xxAA_s140_7.2.0_Release/obj/access_publish.o
 .text.publish_timer_tick
                0x000000000002ffa8       0xa0 build/beaconing_nrf52840_xxAA_s140_7.2.0_Release/obj/access_publish.o
 .text.access_publish_init
                0x0000000000030048       0x38 build/beaconing_nrf52840_xxAA_s140_7.2.0_Release/obj/access_publish.o
                0x0000000000030048                access_publish_init
 .text.access_publish_clear
                0x0000000000030080       0x20 build/beaconing_nrf52840_xxAA_s140_7.2.0_Release/obj/access_publish.o