Archive member included to satisfy reference by file (symbol)

C:/Program Files/SEGGER/SEGGER Embedded Studio 8.10d/lib/libc_v7em_fpv4_sp_d16_hard_t_le_eabi_balanced.a(mbops.o)
                              Output/Debug/Obj/coordinator/nrf_log_str_formatter.o (isprint)
C:/Program Files/SEGGER/SEGGER Embedded Studio 8.10d/lib/libc_v7em_fpv4_sp_d16_hard_t_le_eabi_balanced.a(sortops.o)
                              C:/Program Files/SEGGER/SEGGER Embedded Studio 8.10d/lib/libc_v7em_fpv4_sp_d16_hard_t_le_eabi_balanced.a(mbops.o) (bsearch)
C:/Program Files/SEGGER/SEGGER Embedded Studio 8.10d/lib/libc_v7em_fpv4_sp_d16_hard_t_le_eabi_balanced.a(timeops.o)
                              C:/Program Files/SEGGER/SEGGER Embedded Studio 8.10d/lib/libc_v7em_fpv4_sp_d16_hard_t_le_eabi_balanced.a(mbops.o) (__SEGGER_RTL_string_list_encode)
C:/Program Files/SEGGER/SEGGER Embedded Studio 8.10d/lib/libc_v7em_fpv4_sp_d16_hard_t_le_eabi_balanced.a(floatasmops_arm.o)
                              C:/Program Files/SEGGER/SEGGER Embedded Studio 8.10d/lib/libc_v7em_fpv4_sp_d16_hard_t_le_eabi_balanced.a(timeops.o) (__aeabi_i2d)
C:/Program Files/SEGGER/SEGGER Embedded Studio 8.10d/lib/libc_v7em_fpv4_sp_d16_hard_t_le_eabi_balanced.a(intasmops_arm.o)
                              Output/Debug/Obj/coordinator/bsp.o (__aeabi_uldivmod)
C:/Program Files/SEGGER/SEGGER Embedded Studio 8.10d/lib/libc_v7em_fpv4_sp_d16_hard_t_le_eabi_balanced.a(__SEGGER_RTL_vfprintf_long.o)
                              (__SEGGER_RTL_vfprintf_long)
C:/Program Files/SEGGER/SEGGER Embedded Studio 8.10d/lib/libc_v7em_fpv4_sp_d16_hard_t_le_eabi_balanced.a(__SEGGER_RTL_vfscanf_long.o)
                              (__SEGGER_RTL_vfscanf_long)
C:/Program Files/SEGGER/SEGGER Embedded Studio 8.10d/lib/libc_v7em_fpv4_sp_d16_hard_t_le_eabi_balanced.a(errno.o)
                              C:/Program Files/SEGGER/SEGGER Embedded Studio 8.10d/lib/libc_v7em_fpv4_sp_d16_hard_t_le_eabi_balanced.a(mbops.o) (__aeabi_errno_addr)
C:/Program Files/SEGGER/SEGGER Embedded Studio 8.10d/lib/libc_v7em_fpv4_sp_d16_hard_t_le_eabi_balanced.a(intops.o)
                              C:/Program Files/SEGGER/SEGGER Embedded Studio 8.10d/lib/libc_v7em_fpv4_sp_d16_hard_t_le_eabi_balanced.a(timeops.o) (div)
C:/Program Files/SEGGER/SEGGER Embedded Studio 8.10d/lib/libc_v7em_fpv4_sp_d16_hard_t_le_eabi_balanced.a(utilops.o)
                              C:/Program Files/SEGGER/SEGGER Embedded Studio 8.10d/lib/libc_v7em_fpv4_sp_d16_hard_t_le_eabi_balanced.a(__SEGGER_RTL_vfscanf_long.o) (__SEGGER_RTL_digit)
C:/Program Files/SEGGER/SEGGER Embedded Studio 8.10d/lib/libc_v7em_fpv4_sp_d16_hard_t_le_eabi_balanced.a(prinops.o)
                              C:/Program Files/SEGGER/SEGGER Embedded Studio 8.10d/lib/libc_v7em_fpv4_sp_d16_hard_t_le_eabi_balanced.a(__SEGGER_RTL_vfprintf_long.o) (__SEGGER_RTL_putc)
C:/Program Files/SEGGER/SEGGER Embedded Studio 8.10d/lib/libc_v7em_fpv4_sp_d16_hard_t_le_eabi_balanced.a(fileops.o)
                              C:/Program Files/SEGGER/SEGGER Embedded Studio 8.10d/lib/libc_v7em_fpv4_sp_d16_hard_t_le_eabi_balanced.a(prinops.o) (fwrite)
C:/Program Files/SEGGER/SEGGER Embedded Studio 8.10d/lib/heapops_basic_v7em_fpv4_sp_d16_hard_t_le_eabi_balanced.a(heapops_basic.o)
                              Output/Debug/Obj/coordinator/thumb_crt0.o (__SEGGER_RTL_init_heap)
C:/Program Files/SEGGER/SEGGER Embedded Studio 8.10d/lib/heapops_disable_interrupts_locking_v7em_fpv4_sp_d16_hard_t_le_eabi_balanced.a(heapops.o)
                              C:/Program Files/SEGGER/SEGGER Embedded Studio 8.10d/lib/libc_v7em_fpv4_sp_d16_hard_t_le_eabi_balanced.a(mbops.o) (malloc)
C:/Program Files/SEGGER/SEGGER Embedded Studio 8.10d/lib/strops_unaligned_v7em_fpv4_sp_d16_hard_t_le_eabi_balanced.a(strops.o)
                              C:/Program Files/SEGGER/SEGGER Embedded Studio 8.10d/lib/libc_v7em_fpv4_sp_d16_hard_t_le_eabi_balanced.a(timeops.o) (mempcpy)
C:/Program Files/SEGGER/SEGGER Embedded Studio 8.10d/lib/strops_unaligned_v7em_fpv4_sp_d16_hard_t_le_eabi_balanced.a(strasmops_arm.o)
                              C:/Program Files/SEGGER/SEGGER Embedded Studio 8.10d/lib/libc_v7em_fpv4_sp_d16_hard_t_le_eabi_balanced.a(timeops.o) (strcmp)
C:/Program Files/SEGGER/SEGGER Embedded Studio 8.10d/lib/libc_v7em_fpv4_sp_d16_hard_t_le_eabi_balanced.a(execops.o)
                              C:/Program Files/SEGGER/SEGGER Embedded Studio 8.10d/lib/strops_unaligned_v7em_fpv4_sp_d16_hard_t_le_eabi_balanced.a(strops.o) (__SEGGER_RTL_constraint_violation)
C:/Program Files/SEGGER/SEGGER Embedded Studio 8.10d/lib/libc_v7em_fpv4_sp_d16_hard_t_le_eabi_balanced.a(execops_arm.o)
                              C:/Program Files/SEGGER/SEGGER Embedded Studio 8.10d/lib/libc_v7em_fpv4_sp_d16_hard_t_le_eabi_balanced.a(execops.o) (__aeabi_SIGABRT)
C:/Program Files/SEGGER/SEGGER Embedded Studio 8.10d/lib/libc_v7em_fpv4_sp_d16_hard_t_le_eabi_balanced.a(convops.o)
[...]
Memory Configuration

Name             Origin             Length             Attributes
UNPLACED_SECTIONS 0x00000000         0x00000000         xw
RAM1             0x20000000         0x00040000         xw
FLASH1           0x00000000         0x00100000         xw
*default*        0x00000000         0xffffffff

Linker script and memory map

                0x20000000                        __RAM1_segment_start__ = 0x20000000
                0x20040000                        __RAM1_segment_end__ = 0x20040000
                0x00040000                        __RAM1_segment_size__ = 0x40000
                0x00000000                        __FLASH1_segment_start__ = 0x0
                0x00100000                        __FLASH1_segment_end__ = 0x100000
                0x00100000                        __FLASH1_segment_size__ = 0x100000
                0x00002000                        __HEAPSIZE__ = 0x2000
                0x00000000                        __SEGGER_RTL_vfprintf = __SEGGER_RTL_vfprintf_long
                0x00000000                        __SEGGER_RTL_vfscanf = __SEGGER_RTL_vfscanf_long
                0x00000000                        __STACKSIZE_PROCESS__ = 0x0
                0x00002000                        __STACKSIZE__ = 0x2000
                0x20000000                        __vectors_ram_load_start__ = 0x20000000

.vectors_ram    0x20000000        0x0
                0x20000000                        __vectors_ram_start__ = .
                0x20000000                        __app_ram_start__ = __vectors_ram_start__
 *(.vectors_ram .vectors_ram.*)
                0x20000000                        __vectors_ram_end__ = (__vectors_ram_start__ + SIZEOF (.vectors_ram))
                0x00000000                        __vectors_ram_size__ = SIZEOF (.vectors_ram)
                0x20000000                        __vectors_ram_load_end__ = __vectors_ram_end__
                0x00000001                        . = ASSERT (((__vectors_ram_start__ == __vectors_ram_end__) || ((__vectors_ram_end__ - __RAM1_segment_start__) <= __RAM1_segment_size__)), error: .vectors_ram is too large to fit in RAM1 memory segment)
                0x20000000                        __nrf_sections_run_load_start__ = ALIGN (__vectors_ram_end__, 0x4)

.nrf_sections_run
                0x20000000        0x0
                0x20000000                        __nrf_sections_run_start__ = .
                0x20000000                        __start_nrf_sections_run = __nrf_sections_run_start__
 *(.nrf_sections_run .nrf_sections_run.*)
                0x20000000                        __nrf_sections_run_end__ = (__nrf_sections_run_start__ + SIZEOF (.nrf_sections_run))
                0x00000000                        __nrf_sections_run_size__ = SIZEOF (.nrf_sections_run)
                0x20000000                        __nrf_sections_run_load_end__ = __nrf_sections_run_end__
                0x00000001                        . = ASSERT (((__nrf_sections_run_start__ == __nrf_sections_run_end__) || ((__nrf_sections_run_end__ - __RAM1_segment_start__) <= __RAM1_segment_size__)), error: .nrf_sections_run is too large to fit in RAM1 memory segment)
                0x00000000                        __vectors_load_start__ = 0x0

.vectors        0x00000000      0x200
                0x00000000                        __vectors_start__ = .
 *(.vectors .vectors.*)
 .vectors       0x00000000      0x200 Output/Debug/Obj/coordinator/ses_startup_nrf52840.o
                0x00000000                _vectors
                0x00000200                        __vectors_end__ = (__vectors_start__ + SIZEOF (.vectors))
                0x00000200                        __vectors_size__ = SIZEOF (.vectors)
                0x00000200                        __vectors_load_end__ = __vectors_end__
                0x00000001                        . = ASSERT (((__vectors_start__ == __vectors_end__) || ((__vectors_end__ - __FLASH1_segment_start__) <= __FLASH1_segment_size__)), error: .vectors is too large to fit in FLASH1 memory segment)
                0x00000200                        __init_load_start__ = ALIGN (__vectors_end__, 0x4)

.init           0x00000200      0x1e4
                0x00000200                        __init_start__ = .
 *(.init .init.*)
 .init          0x00000200       0x18 Output/Debug/Obj/coordinator/ses_startup_nrf52840.o
                0x00000200                NMI_Handler
                0x00000202                HardFault_Handler
                0x00000204                MemoryManagement_Handler
                0x00000206                BusFault_Handler
                0x00000208                UsageFault_Handler
                0x0000020a                SVC_Handler
                0x0000020c                DebugMon_Handler
                0x0000020e                PendSV_Handler
                0x00000210                SysTick_Handler
                0x00000212                PWM1_IRQHandler
                0x00000212                RTC0_IRQHandler
                0x00000212                POWER_CLOCK_IRQHandler
                0x00000212                RADIO_IRQHandler
                0x00000212                PDM_IRQHandler
                0x00000212                TEMP_IRQHandler
                0x00000212                QDEC_IRQHandler
                0x00000212                TIMER3_IRQHandler
                0x00000212                PWM3_IRQHandler
                0x00000212                FPU_IRQHandler
                0x00000212                USBD_IRQHandler
                0x00000212                SPIM0_SPIS0_TWIM0_TWIS0_SPI0_TWI0_IRQHandler
                0x00000212                QSPI_IRQHandler
                0x00000212                TIMER4_IRQHandler
                0x00000212                SWI2_EGU2_IRQHandler
                0x00000212                I2S_IRQHandler
                0x00000212                SWI4_EGU4_IRQHandler
                0x00000212                TIMER0_IRQHandler
                0x00000212                UARTE1_IRQHandler
                0x00000212                Dummy_Handler
                0x00000212                TIMER1_IRQHandler
                0x00000212                SPIM3_IRQHandler
                0x00000212                PWM2_IRQHandler
                0x00000212                ECB_IRQHandler
                0x00000212                SPIM1_SPIS1_TWIM1_TWIS1_SPI1_TWI1_IRQHandler
                0x00000212                SAADC_IRQHandler
                0x00000212                CCM_AAR_IRQHandler
                0x00000212                WDT_IRQHandler
                0x00000212                SWI0_EGU0_IRQHandler
                0x00000212                SWI5_EGU5_IRQHandler
                0x00000212                RNG_IRQHandler
                0x00000212                RTC2_IRQHandler
                0x00000212                PWM0_IRQHandler
                0x00000212                SWI3_EGU3_IRQHandler
                0x00000212                SWI1_EGU1_IRQHandler
                0x00000212                SPIM2_SPIS2_SPI2_IRQHandler
                0x00000212                NFCT_IRQHandler
                0x00000212                CRYPTOCELL_IRQHandler
                0x00000212                MWU_IRQHandler
                0x00000212                TIMER2_IRQHandler
                0x00000212                COMP_LPCOMP_IRQHandler
                0x00000214                nRFInitialize
 .init          0x00000218       0x5c Output/Debug/Obj/coordinator/ses_startup_nrf_common.o
                0x00000218                Reset_Handler
                0x0000021c                afterInitialize
                0x00000240                InitializeUserMemorySections
 .init          0x00000274      0x170 Output/Debug/Obj/coordinator/thumb_crt0.o
                0x00000274                _start
                0x00000322                exit
                0x00000322                _Exit
                0x000003e4                        __init_end__ = (__init_start__ + SIZEOF (.init))
                0x000001e4                        __init_size__ = SIZEOF (.init)
                0x000003e4                        __init_load_end__ = __init_end__
                0x00000001                        . = ASSERT (((__init_start__ == __init_end__) || ((__init_end__ - __FLASH1_segment_start__) <= __FLASH1_segment_size__)), error: .init is too large to fit in FLASH1 memory segment)
                0x000003e4                        __init_rodata_load_start__ = ALIGN (__init_end__, 0x4)

.init_rodata    0x000003e4        0x0
                0x000003e4                        __init_rodata_start__ = .
 *(.init_rodata .init_rodata.*)
                0x000003e4                        __init_rodata_end__ = (__init_rodata_start__ + SIZEOF (.init_rodata))
                0x00000000                        __init_rodata_size__ = SIZEOF (.init_rodata)
                0x000003e4                        __init_rodata_load_end__ = __init_rodata_end__
                0x00000001                        . = ASSERT (((__init_rodata_start__ == __init_rodata_end__) || ((__init_rodata_end__ - __FLASH1_segment_start__) <= __FLASH1_segment_size__)), error: .init_rodata is too large to fit in FLASH1 memory segment)
                0x000003e4                        __text_load_start__ = ALIGN (__init_rodata_end__, 0x4)

.text           0x000003e4     0x6894
                0x000003e4                        __text_start__ = .
 *(.text .text.* .gnu.linkonce.t.* .glue_7t .glue_7 .gcc_except_table .ARM.extab* .gnu.linkonce.armextab.*)
 .glue_7        0x000003e4        0x0 linker stubs
 .glue_7t       0x000003e4        0x0 linker stubs
 .text.send_packet
                0x000003e4       0x7c Output/Debug/Obj/coordinator/main.o
                0x000003e4                send_packet
 .text.read_packet
                0x00000460       0xb0 Output/Debug/Obj/coordinator/main.o
                0x00000460                read_packet
 .text.clock_initialization
                0x00000510       0x50 Output/Debug/Obj/coordinator/main.o
                0x00000510                clock_initialization
 .text.callback_coordinator_work_cycle_switch
                0x00000560       0x20 Output/Debug/Obj/coordinator/main.o
                0x00000560                callback_coordinator_work_cycle_switch
 .text.main     0x00000580      0x234 Output/Debug/Obj/coordinator/main.o
                0x00000580                main
 .text.__NVIC_SystemReset
                0x000007b4       0x28 Output/Debug/Obj/coordinator/system_nrf52840.o
 .text.nrf52_errata_36
                0x000007dc       0x64 Output/Debug/Obj/coordinator/system_nrf52840.o
 .text.nrf52_errata_66
                0x00000840       0x64 Output/Debug/Obj/coordinator/system_nrf52840.o
 .text.nrf52_errata_98
                0x000008a4       0x64 Output/Debug/Obj/coordinator/system_nrf52840.o
 .text.nrf52_errata_103
                0x00000908       0x64 Output/Debug/Obj/coordinator/system_nrf52840.o
 .text.nrf52_errata_115
                0x0000096c       0x64 Output/Debug/Obj/coordinator/system_nrf52840.o
 .text.nrf52_errata_120
                0x000009d0       0x64 Output/Debug/Obj/coordinator/system_nrf52840.o
 .text.nrf52_errata_136
                0x00000a34       0x64 Output/Debug/Obj/coordinator/system_nrf52840.o
 .text.nrf52_errata_249
                0x00000a98       0x64 Output/Debug/Obj/coordinator/system_nrf52840.o
 .text.nrf52_handle_approtect
                0x00000afc       0x20 Output/Debug/Obj/coordinator/system_nrf52840.o
 .text.nvmc_wait
                0x00000b1c       0x18 Output/Debug/Obj/coordinator/system_nrf52840.o
                0x00000b1c                nvmc_wait
 .text.nvmc_config
                0x00000b34       0x20 Output/Debug/Obj/coordinator/system_nrf52840.o
                0x00000b34                nvmc_config
 .text.SystemCoreClockUpdate
                0x00000b54       0x14 Output/Debug/Obj/coordinator/system_nrf52840.o
                0x00000b54                SystemCoreClockUpdate
 .text.SystemInit
                0x00000b68      0x228 Output/Debug/Obj/coordinator/system_nrf52840.o
                0x00000b68                SystemInit
 .text.uarte_evt_handler
                0x00000d90       0x50 Output/Debug/Obj/coordinator/nrf_drv_uart.o
 .text.uart_evt_handler
                0x00000de0       0x50 Output/Debug/Obj/coordinator/nrf_drv_uart.o
 .text.nrf_drv_uart_init
                0x00000e30       0xdc Output/Debug/Obj/coordinator/nrf_drv_uart.o
                0x00000e30                nrf_drv_uart_init
 .text.nrf_gpiote_event_is_set
                0x00000f0c       0x2a Output/Debug/Obj/coordinator/nrfx_gpiote.o
 .text.nrf_gpiote_event_clear
                0x00000f36       0x36 Output/Debug/Obj/coordinator/nrfx_gpiote.o
 .text.nrf_gpiote_event_addr_get
                0x00000f6c       0x1a Output/Debug/Obj/coordinator/nrfx_gpiote.o
 *fill*         0x00000f86        0x2 
 .text.nrf_gpiote_int_is_enabled
                0x00000f88       0x18 Output/Debug/Obj/coordinator/nrfx_gpiote.o
 .text.nrf_gpiote_event_pin_get
                0x00000fa0       0x20 Output/Debug/Obj/coordinator/nrfx_gpiote.o
 .text.nrf_gpiote_event_polarity_get
                0x00000fc0       0x24 Output/Debug/Obj/coordinator/nrfx_gpiote.o
 .text.nrf_gpio_pin_port_decode
                0x00000fe4       0x4c Output/Debug/Obj/coordinator/nrfx_gpiote.o
 .text.nrf_gpio_cfg_sense_set
                0x00001030       0x5a Output/Debug/Obj/coordinator/nrfx_gpiote.o
 .text.nrf_gpio_pin_sense_get
                0x0000108a       0x2c Output/Debug/Obj/coordinator/nrfx_gpiote.o
 *fill*         0x000010b6        0x2 
 .text.nrf_gpio_latches_read_and_clear
                0x000010b8       0x68 Output/Debug/Obj/coordinator/nrfx_gpiote.o
 .text.nrf_gpio_pin_latch_clear
                0x00001120       0x28 Output/Debug/Obj/coordinator/nrfx_gpiote.o
 .text.nrf_gpio_pin_present_check
                0x00001148       0x50 Output/Debug/Obj/coordinator/nrfx_gpiote.o
 .text.nrf_bitmask_bit_is_set
                0x00001198       0x30 Output/Debug/Obj/coordinator/nrfx_gpiote.o
 .text.channel_port_get
                0x000011c8       0x1c Output/Debug/Obj/coordinator/nrfx_gpiote.o
 .text.channel_handler_get
                0x000011e4       0x18 Output/Debug/Obj/coordinator/nrfx_gpiote.o
 .text.port_handler_pin_get
                0x000011fc       0x28 Output/Debug/Obj/coordinator/nrfx_gpiote.o
 .text.port_handler_polarity_get
                0x00001224       0x28 Output/Debug/Obj/coordinator/nrfx_gpiote.o
 .text.latch_pending_read_and_check
                0x0000124c       0x3e Output/Debug/Obj/coordinator/nrfx_gpiote.o
 *fill*         0x0000128a        0x2 
 .text.port_event_handle
                0x0000128c       0xe4 Output/Debug/Obj/coordinator/nrfx_gpiote.o
 .text.GPIOTE_IRQHandler
                0x00001370      0x108 Output/Debug/Obj/coordinator/nrfx_gpiote.o
                0x00001370                GPIOTE_IRQHandler
 .text.UARTE0_UART0_IRQHandler
                0x00001478       0x24 Output/Debug/Obj/coordinator/nrfx_prs.o
                0x00001478                UARTE0_UART0_IRQHandler
 .text.prs_box_get
                0x0000149c       0x20 Output/Debug/Obj/coordinator/nrfx_prs.o
 .text.nrfx_prs_acquire
                0x000014bc       0xc8 Output/Debug/Obj/coordinator/nrfx_prs.o
                0x000014bc                nrfx_prs_acquire
 .text.nrfx_prs_release
                0x00001584       0x3c Output/Debug/Obj/coordinator/nrfx_prs.o
                0x00001584                nrfx_prs_release
 .text.__NVIC_EnableIRQ
                0x000015c0       0x34 Output/Debug/Obj/coordinator/nrfx_uart.o
 .text.__NVIC_DisableIRQ
                0x000015f4       0x44 Output/Debug/Obj/coordinator/nrfx_uart.o
 .text.__NVIC_SetPriority
                0x00001638       0x50 Output/Debug/Obj/coordinator/nrfx_uart.o
 .text.nrfx_get_irq_number
                0x00001688       0x10 Output/Debug/Obj/coordinator/nrfx_uart.o
 .text._NRFX_IRQ_PRIORITY_SET
                0x00001698       0x40 Output/Debug/Obj/coordinator/nrfx_uart.o
 .text._NRFX_IRQ_ENABLE
                0x000016d8       0x1c Output/Debug/Obj/coordinator/nrfx_uart.o
 .text._NRFX_IRQ_DISABLE
                0x000016f4       0x1c Output/Debug/Obj/coordinator/nrfx_uart.o
 .text.nrf_uart_event_clear
                0x00001710       0x2a Output/Debug/Obj/coordinator/nrfx_uart.o
 .text.nrf_uart_event_check
                0x0000173a       0x24 Output/Debug/Obj/coordinator/nrfx_uart.o
 .text.nrf_uart_int_enable
                0x0000175e       0x14 Output/Debug/Obj/coordinator/nrfx_uart.o
 .text.nrf_uart_int_enable_check
                0x00001772       0x20 Output/Debug/Obj/coordinator/nrfx_uart.o
 .text.nrf_uart_int_disable
                0x00001792       0x14 Output/Debug/Obj/coordinator/nrfx_uart.o
 .text.nrf_uart_errorsrc_get_and_clear
                0x000017a6       0x1c Output/Debug/Obj/coordinator/nrfx_uart.o
 .text.nrf_uart_enable
                0x000017c2       0x12 Output/Debug/Obj/coordinator/nrfx_uart.o
 .text.nrf_uart_disable
                0x000017d4       0x12 Output/Debug/Obj/coordinator/nrfx_uart.o
 .text.nrf_uart_txrx_pins_set
                0x000017e6       0x1e Output/Debug/Obj/coordinator/nrfx_uart.o
 .text.nrf_uart_txrx_pins_disconnect
                0x00001804       0x1c Output/Debug/Obj/coordinator/nrfx_uart.o
 .text.nrf_uart_tx_pin_get
                0x00001820       0x10 Output/Debug/Obj/coordinator/nrfx_uart.o
 .text.nrf_uart_rx_pin_get
                0x00001830       0x10 Output/Debug/Obj/coordinator/nrfx_uart.o
 .text.nrf_uart_rts_pin_get
                0x00001840       0x10 Output/Debug/Obj/coordinator/nrfx_uart.o
 .text.nrf_uart_cts_pin_get
                0x00001850       0x10 Output/Debug/Obj/coordinator/nrfx_uart.o
 .text.nrf_uart_hwfc_pins_set
                0x00001860       0x1e Output/Debug/Obj/coordinator/nrfx_uart.o
 .text.nrf_uart_hwfc_pins_disconnect
                0x0000187e       0x1c Output/Debug/Obj/coordinator/nrfx_uart.o
 .text.nrf_uart_rxd_get
                0x0000189a       0x12 Output/Debug/Obj/coordinator/nrfx_uart.o
 .text.nrf_uart_txd_set
                0x000018ac       0x1a Output/Debug/Obj/coordinator/nrfx_uart.o
 .text.nrf_uart_task_trigger
                0x000018c6       0x1c Output/Debug/Obj/coordinator/nrfx_uart.o
 .text.nrf_uart_configure
                0x000018e2       0x2a Output/Debug/Obj/coordinator/nrfx_uart.o
 .text.nrf_uart_baudrate_set
                0x0000190c       0x14 Output/Debug/Obj/coordinator/nrfx_uart.o
 .text.nrf_gpio_pin_port_decode
                0x00001920       0x4c Output/Debug/Obj/coordinator/nrfx_uart.o
 .text.nrf_gpio_cfg
                0x0000196c       0x62 Output/Debug/Obj/coordinator/nrfx_uart.o
 .text.nrf_gpio_cfg_output
                0x000019ce       0x22 Output/Debug/Obj/coordinator/nrfx_uart.o
 .text.nrf_gpio_cfg_input
                0x000019f0       0x2a Output/Debug/Obj/coordinator/nrfx_uart.o
 .text.nrf_gpio_cfg_default
                0x00001a1a       0x22 Output/Debug/Obj/coordinator/nrfx_uart.o
 .text.nrf_gpio_pin_set
                0x00001a3c       0x28 Output/Debug/Obj/coordinator/nrfx_uart.o
 .text.nrf_gpio_port_out_set
                0x00001a64       0x14 Output/Debug/Obj/coordinator/nrfx_uart.o
 .text.nrf_gpio_pin_present_check
                0x00001a78       0x50 Output/Debug/Obj/coordinator/nrfx_uart.o
 .text.apply_config
                0x00001ac8       0xc6 Output/Debug/Obj/coordinator/nrfx_uart.o
 *fill*         0x00001b8e        0x2 
 .text.interrupts_enable
                0x00001b90       0x6c Output/Debug/Obj/coordinator/nrfx_uart.o
 .text.interrupts_disable
                0x00001bfc       0x30 Output/Debug/Obj/coordinator/nrfx_uart.o
 .text.pins_to_default
                0x00001c2c       0x8a Output/Debug/Obj/coordinator/nrfx_uart.o
 *fill*         0x00001cb6        0x2 
 .text.nrfx_uart_init
                0x00001cb8       0xd4 Output/Debug/Obj/coordinator/nrfx_uart.o
                0x00001cb8                nrfx_uart_init
 .text.nrfx_uart_uninit
                0x00001d8c       0x5c Output/Debug/Obj/coordinator/nrfx_uart.o
                0x00001d8c                nrfx_uart_uninit
 .text.tx_byte  0x00001de8       0x40 Output/Debug/Obj/coordinator/nrfx_uart.o
 .text.tx_blocking
                0x00001e28       0x52 Output/Debug/Obj/coordinator/nrfx_uart.o
 *fill*         0x00001e7a        0x2 
 .text.nrfx_uart_tx
                0x00001e7c      0x110 Output/Debug/Obj/coordinator/nrfx_uart.o
                0x00001e7c                nrfx_uart_tx
 .text.nrfx_uart_tx_in_progress
                0x00001f8c       0x2c Output/Debug/Obj/coordinator/nrfx_uart.o
                0x00001f8c                nrfx_uart_tx_in_progress
 .text.rx_byte  0x00001fb8       0x4e Output/Debug/Obj/coordinator/nrfx_uart.o
 .text.rx_done_event
                0x00002006       0x2e Output/Debug/Obj/coordinator/nrfx_uart.o
 .text.tx_done_event
                0x00002034       0x34 Output/Debug/Obj/coordinator/nrfx_uart.o
 .text.uart_irq_handler
                0x00002068      0x1de Output/Debug/Obj/coordinator/nrfx_uart.o
 *fill*         0x00002246        0x2 
 .text.nrfx_uart_0_irq_handler
                0x00002248       0x18 Output/Debug/Obj/coordinator/nrfx_uart.o
                0x00002248                nrfx_uart_0_irq_handler
 .text.__NVIC_EnableIRQ
                0x00002260       0x34 Output/Debug/Obj/coordinator/nrfx_uarte.o
 .text.__NVIC_DisableIRQ
                0x00002294       0x44 Output/Debug/Obj/coordinator/nrfx_uarte.o
 .text.__NVIC_SetPriority
                0x000022d8       0x50 Output/Debug/Obj/coordinator/nrfx_uarte.o
 .text.nrfx_is_in_ram
                0x00002328       0x1c Output/Debug/Obj/coordinator/nrfx_uarte.o
 .text.nrfx_get_irq_number
                0x00002344       0x10 Output/Debug/Obj/coordinator/nrfx_uarte.o
 .text._NRFX_IRQ_PRIORITY_SET
                0x00002354       0x40 Output/Debug/Obj/coordinator/nrfx_uarte.o
 .text._NRFX_IRQ_ENABLE
                0x00002394       0x1c Output/Debug/Obj/coordinator/nrfx_uarte.o
 .text._NRFX_IRQ_DISABLE
                0x000023b0       0x1c Output/Debug/Obj/coordinator/nrfx_uarte.o
 .text.nrf_uarte_event_clear
                0x000023cc       0x2a Output/Debug/Obj/coordinator/nrfx_uarte.o
 .text.nrf_uarte_event_check
                0x000023f6       0x24 Output/Debug/Obj/coordinator/nrfx_uarte.o
 .text.nrf_uarte_shorts_disable
                0x0000241a       0x1e Output/Debug/Obj/coordinator/nrfx_uarte.o
 .text.nrf_uarte_int_enable
                0x00002438       0x14 Output/Debug/Obj/coordinator/nrfx_uarte.o
 .text.nrf_uarte_int_disable
                0x0000244c       0x14 Output/Debug/Obj/coordinator/nrfx_uarte.o
 .text.nrf_uarte_errorsrc_get_and_clear
                0x00002460       0x1c Output/Debug/Obj/coordinator/nrfx_uarte.o
 .text.nrf_uarte_enable
                0x0000247c       0x12 Output/Debug/Obj/coordinator/nrfx_uarte.o
 .text.nrf_uarte_disable
                0x0000248e       0x12 Output/Debug/Obj/coordinator/nrfx_uarte.o
 .text.nrf_uarte_txrx_pins_set
                0x000024a0       0x1e Output/Debug/Obj/coordinator/nrfx_uarte.o
 .text.nrf_uarte_txrx_pins_disconnect
                0x000024be       0x1c Output/Debug/Obj/coordinator/nrfx_uarte.o
 .text.nrf_uarte_tx_pin_get
                0x000024da       0x10 Output/Debug/Obj/coordinator/nrfx_uarte.o
 .text.nrf_uarte_rx_pin_get
                0x000024ea       0x10 Output/Debug/Obj/coordinator/nrfx_uarte.o
 .text.nrf_uarte_rts_pin_get
                0x000024fa       0x10 Output/Debug/Obj/coordinator/nrfx_uarte.o
 .text.nrf_uarte_cts_pin_get
                0x0000250a       0x10 Output/Debug/Obj/coordinator/nrfx_uarte.o
 .text.nrf_uarte_hwfc_pins_set
                0x0000251a       0x1e Output/Debug/Obj/coordinator/nrfx_uarte.o
 .text.nrf_uarte_hwfc_pins_disconnect
                0x00002538       0x1c Output/Debug/Obj/coordinator/nrfx_uarte.o
 .text.nrf_uarte_task_trigger
                0x00002554       0x1c Output/Debug/Obj/coordinator/nrfx_uarte.o
 .text.nrf_uarte_configure
                0x00002570       0x2a Output/Debug/Obj/coordinator/nrfx_uarte.o
 .text.nrf_uarte_baudrate_set
                0x0000259a       0x14 Output/Debug/Obj/coordinator/nrfx_uarte.o
 .text.nrf_uarte_tx_buffer_set
                0x000025ae       0x1e Output/Debug/Obj/coordinator/nrfx_uarte.o
 .text.nrf_uarte_tx_amount_get
                0x000025cc       0x10 Output/Debug/Obj/coordinator/nrfx_uarte.o
 .text.nrf_uarte_rx_amount_get
                0x000025dc       0x10 Output/Debug/Obj/coordinator/nrfx_uarte.o
 .text.nrf_gpio_pin_port_decode
                0x000025ec       0x4c Output/Debug/Obj/coordinator/nrfx_uarte.o
 .text.nrf_gpio_cfg
                0x00002638       0x62 Output/Debug/Obj/coordinator/nrfx_uarte.o
 .text.nrf_gpio_cfg_output
                0x0000269a       0x22 Output/Debug/Obj/coordinator/nrfx_uarte.o
 .text.nrf_gpio_cfg_input
                0x000026bc       0x2a Output/Debug/Obj/coordinator/nrfx_uarte.o
 .text.nrf_gpio_cfg_default
                0x000026e6       0x22 Output/Debug/Obj/coordinator/nrfx_uarte.o
 .text.nrf_gpio_pin_set
                0x00002708       0x28 Output/Debug/Obj/coordinator/nrfx_uarte.o
 .text.nrf_gpio_port_out_set
                0x00002730       0x14 Output/Debug/Obj/coordinator/nrfx_uarte.o
 .text.nrf_gpio_pin_present_check
                0x00002744       0x50 Output/Debug/Obj/coordinator/nrfx_uarte.o
 .text.apply_config
                0x00002794       0xc6 Output/Debug/Obj/coordinator/nrfx_uarte.o
 *fill*         0x0000285a        0x2 
 .text.interrupts_enable
                0x0000285c       0x98 Output/Debug/Obj/coordinator/nrfx_uarte.o
 .text.interrupts_disable
                0x000028f4       0x30 Output/Debug/Obj/coordinator/nrfx_uarte.o
 .text.pins_to_default
                0x00002924       0x8a Output/Debug/Obj/coordinator/nrfx_uarte.o
 *fill*         0x000029ae        0x2 
 .text.nrfx_uarte_init
                0x000029b0       0xcc Output/Debug/Obj/coordinator/nrfx_uarte.o
                0x000029b0                nrfx_uarte_init
 .text.nrfx_uarte_uninit
                0x00002a7c       0xc4 Output/Debug/Obj/coordinator/nrfx_uarte.o
                0x00002a7c                nrfx_uarte_uninit
 .text.nrfx_uarte_tx
                0x00002b40      0x180 Output/Debug/Obj/coordinator/nrfx_uarte.o
                0x00002b40                nrfx_uarte_tx
 .text.nrfx_uarte_tx_in_progress
                0x00002cc0       0x30 Output/Debug/Obj/coordinator/nrfx_uarte.o
                0x00002cc0                nrfx_uarte_tx_in_progress
 .text.rx_done_event
                0x00002cf0       0x2e Output/Debug/Obj/coordinator/nrfx_uarte.o
 .text.tx_done_event
                0x00002d1e       0x34 Output/Debug/Obj/coordinator/nrfx_uarte.o
 .text.uarte_irq_handler
                0x00002d52      0x18c Output/Debug/Obj/coordinator/nrfx_uarte.o
 *fill*         0x00002ede        0x2 
 .text.nrfx_uarte_0_irq_handler
                0x00002ee0       0x18 Output/Debug/Obj/coordinator/nrfx_uarte.o
                0x00002ee0                nrfx_uarte_0_irq_handler
 .text.swap_bits
                0x00002ef8       0x44 Output/Debug/Obj/coordinator/radio_config.o
 .text.bytewise_bitswap
                0x00002f3c       0x44 Output/Debug/Obj/coordinator/radio_config.o
 .text.radio_configure_sender
                0x00002f80      0x110 Output/Debug/Obj/coordinator/radio_config.o
                0x00002f80                radio_configure_sender
 .text.app_error_save_and_stop
                0x00003090       0x98 Output/Debug/Obj/coordinator/app_error.o
                0x00003090                app_error_save_and_stop
 .text.app_error_handler
                0x00003128       0x1c Output/Debug/Obj/coordinator/app_error_handler_gcc.o
                0x00003128                app_error_handler
 .text.app_error_fault_handler
                0x00003144      0x104 Output/Debug/Obj/coordinator/app_error_weak.o
                0x00003144                app_error_fault_handler
 .text.get_now  0x00003248       0x64 Output/Debug/Obj/coordinator/app_timer2.o
 .text.compare_func
                0x000032ac       0x3e Output/Debug/Obj/coordinator/app_timer2.o
 *fill*         0x000032ea        0x2 
 .text.timer_expire
                0x000032ec      0x10c Output/Debug/Obj/coordinator/app_timer2.o
 .text.rtc_schedule
                0x000033f8       0xa8 Output/Debug/Obj/coordinator/app_timer2.o
 .text.sortlist_pop
                0x000034a0       0x1c Output/Debug/Obj/coordinator/app_timer2.o
 .text.sortlist_peek
                0x000034bc       0x1c Output/Debug/Obj/coordinator/app_timer2.o
 .text.sorted_list_stop_all
                0x000034d8       0x2e Output/Debug/Obj/coordinator/app_timer2.o
 *fill*         0x00003506        0x2 
 .text.on_overflow_evt
                0x00003508       0x1c Output/Debug/Obj/coordinator/app_timer2.o
 .text.on_compare_evt
                0x00003524       0x58 Output/Debug/Obj/coordinator/app_timer2.o
 .text.on_compare1_evt
                0x0000357c       0x20 Output/Debug/Obj/coordinator/app_timer2.o
 .text.rtc_update
                0x0000359c       0xf4 Output/Debug/Obj/coordinator/app_timer2.o
 .text.timer_req_process
                0x00003690       0xc4 Output/Debug/Obj/coordinator/app_timer2.o
 .text.rtc_irq  0x00003754       0x52 Output/Debug/Obj/coordinator/app_timer2.o
 *fill*         0x000037a6        0x2 
 .text.timer_request_proc_trigger
                0x000037a8       0x10 Output/Debug/Obj/coordinator/app_timer2.o
 .text.timer_req_schedule
                0x000037b8       0x58 Output/Debug/Obj/coordinator/app_timer2.o
 .text.app_timer_init
                0x00003810       0x7c Output/Debug/Obj/coordinator/app_timer2.o
                0x00003810                app_timer_init
 .text.app_timer_create
                0x0000388c       0x74 Output/Debug/Obj/coordinator/app_timer2.o
                0x0000388c                app_timer_create
 .text.app_timer_start
                0x00003900       0xa0 Output/Debug/Obj/coordinator/app_timer2.o
                0x00003900                app_timer_start
 .text.app_timer_cnt_diff_compute
                0x000039a0       0x16 Output/Debug/Obj/coordinator/app_timer2.o
                0x000039a0                app_timer_cnt_diff_compute
 *fill*         0x000039b6        0x2 
 .text.app_timer_cnt_get
                0x000039b8       0x14 Output/Debug/Obj/coordinator/app_timer2.o
                0x000039b8                app_timer_cnt_get
 .text.app_util_disable_irq
                0x000039cc       0x18 Output/Debug/Obj/coordinator/app_util_platform.o
                0x000039cc                app_util_disable_irq
 .text.app_util_enable_irq
                0x000039e4       0x20 Output/Debug/Obj/coordinator/app_util_platform.o
                0x000039e4                app_util_enable_irq
 .text.app_util_critical_region_enter
                0x00003a04       0x28 Output/Debug/Obj/coordinator/app_util_platform.o
                0x00003a04                app_util_critical_region_enter
 .text.app_util_critical_region_exit
                0x00003a2c       0x2c Output/Debug/Obj/coordinator/app_util_platform.o
                0x00003a2c                app_util_critical_region_exit
 .text.privilege_level_get
                0x00003a58       0x3a Output/Debug/Obj/coordinator/app_util_platform.o
                0x00003a58                privilege_level_get
 *fill*         0x00003a92        0x2 
 .text.__NVIC_EnableIRQ
                0x00003a94       0x34 Output/Debug/Obj/coordinator/drv_rtc.o
 .text.__NVIC_SetPendingIRQ
                0x00003ac8       0x38 Output/Debug/Obj/coordinator/drv_rtc.o
 .text.__NVIC_SetPriority
                0x00003b00       0x50 Output/Debug/Obj/coordinator/drv_rtc.o
 .text._NRFX_IRQ_PRIORITY_SET
                0x00003b50       0x40 Output/Debug/Obj/coordinator/drv_rtc.o
 .text._NRFX_IRQ_ENABLE
                0x00003b90       0x1c Output/Debug/Obj/coordinator/drv_rtc.o
 .text.nrfx_coredep_delay_us
                0x00003bac       0x30 Output/Debug/Obj/coordinator/drv_rtc.o
 .text.nrf_rtc_cc_set
                0x00003bdc       0x1c Output/Debug/Obj/coordinator/drv_rtc.o
 .text.nrf_rtc_cc_get
                0x00003bf8       0x18 Output/Debug/Obj/coordinator/drv_rtc.o
 .text.nrf_rtc_int_enable
                0x00003c10       0x14 Output/Debug/Obj/coordinator/drv_rtc.o
 .text.nrf_rtc_int_disable
                0x00003c24       0x14 Output/Debug/Obj/coordinator/drv_rtc.o
 .text.nrf_rtc_event_pending
                0x00003c38       0x1a Output/Debug/Obj/coordinator/drv_rtc.o
 .text.nrf_rtc_event_clear
                0x00003c52       0x2a Output/Debug/Obj/coordinator/drv_rtc.o
 .text.nrf_rtc_counter_get
                0x00003c7c       0x10 Output/Debug/Obj/coordinator/drv_rtc.o
 .text.nrf_rtc_prescaler_set
                0x00003c8c       0x30 Output/Debug/Obj/coordinator/drv_rtc.o
 .text.nrf_rtc_task_trigger
                0x00003cbc       0x1e Output/Debug/Obj/coordinator/drv_rtc.o
 .text.nrf_rtc_event_enable
                0x00003cda       0x14 Output/Debug/Obj/coordinator/drv_rtc.o
 .text.nrf_rtc_event_disable
                0x00003cee       0x14 Output/Debug/Obj/coordinator/drv_rtc.o
 *fill*         0x00003d02        0x2 
 .text.drv_rtc_init
                0x00003d04       0xfc Output/Debug/Obj/coordinator/drv_rtc.o
                0x00003d04                drv_rtc_init
 .text.drv_rtc_start
                0x00003e00       0x2c Output/Debug/Obj/coordinator/drv_rtc.o
                0x00003e00                drv_rtc_start
 .text.drv_rtc_stop
                0x00003e2c       0x2c Output/Debug/Obj/coordinator/drv_rtc.o
                0x00003e2c                drv_rtc_stop
 .text.drv_rtc_compare_set
                0x00003e58       0xa0 Output/Debug/Obj/coordinator/drv_rtc.o
                0x00003e58                drv_rtc_compare_set
 .text.evt_enable
                0x00003ef8       0x48 Output/Debug/Obj/coordinator/drv_rtc.o
 .text.evt_disable
                0x00003f40       0x3c Output/Debug/Obj/coordinator/drv_rtc.o
 .text.evt_pending
                0x00003f7c       0x54 Output/Debug/Obj/coordinator/drv_rtc.o
 .text.ticks_sub
                0x00003fd0       0x16 Output/Debug/Obj/coordinator/drv_rtc.o
 *fill*         0x00003fe6        0x2 
 .text.drv_rtc_windowed_compare_set
                0x00003fe8      0x174 Output/Debug/Obj/coordinator/drv_rtc.o
                0x00003fe8                drv_rtc_windowed_compare_set
 .text.drv_rtc_overflow_enable
                0x0000415c       0x22 Output/Debug/Obj/coordinator/drv_rtc.o
                0x0000415c                drv_rtc_overflow_enable
 .text.drv_rtc_overflow_pending
                0x0000417e       0x1a Output/Debug/Obj/coordinator/drv_rtc.o
                0x0000417e                drv_rtc_overflow_pending
 .text.drv_rtc_compare_disable
                0x00004198       0x22 Output/Debug/Obj/coordinator/drv_rtc.o
                0x00004198                drv_rtc_compare_disable
 .text.drv_rtc_compare_pending
                0x000041ba       0x2a Output/Debug/Obj/coordinator/drv_rtc.o
                0x000041ba                drv_rtc_compare_pending
 .text.drv_rtc_compare_get
                0x000041e4       0x1e Output/Debug/Obj/coordinator/drv_rtc.o
                0x000041e4                drv_rtc_compare_get
 .text.drv_rtc_counter_get
                0x00004202       0x1a Output/Debug/Obj/coordinator/drv_rtc.o
                0x00004202                drv_rtc_counter_get
 .text.drv_rtc_irq_trigger
                0x0000421c       0x1a Output/Debug/Obj/coordinator/drv_rtc.o
                0x0000421c                drv_rtc_irq_trigger
 *fill*         0x00004236        0x2 
 .text.RTC1_IRQHandler
                0x00004238       0x1c Output/Debug/Obj/coordinator/drv_rtc.o
                0x00004238                RTC1_IRQHandler
 .text.assert_nrf_callback
                0x00004254       0x2c Output/Debug/Obj/coordinator/nrf_assert.o
                0x00004254                assert_nrf_callback
 .text.nrf_atfifo_wspace_req
                0x00004280       0x54 Output/Debug/Obj/coordinator/nrf_atfifo.o
 .text.nrf_atfifo_wspace_close
                0x000042d4       0x20 Output/Debug/Obj/coordinator/nrf_atfifo.o
 .text.nrf_atfifo_rspace_req
                0x000042f4       0x56 Output/Debug/Obj/coordinator/nrf_atfifo.o
 .text.nrf_atfifo_rspace_close
                0x0000434a       0x20 Output/Debug/Obj/coordinator/nrf_atfifo.o
 .text.nrf_atfifo_init
                0x0000436a       0x66 Output/Debug/Obj/coordinator/nrf_atfifo.o
                0x0000436a                nrf_atfifo_init
 .text.nrf_atfifo_item_alloc
                0x000043d0       0x32 Output/Debug/Obj/coordinator/nrf_atfifo.o
                0x000043d0                nrf_atfifo_item_alloc
 .text.nrf_atfifo_item_put
                0x00004402       0x28 Output/Debug/Obj/coordinator/nrf_atfifo.o
                0x00004402                nrf_atfifo_item_put
 .text.nrf_atfifo_item_get
                0x0000442a       0x32 Output/Debug/Obj/coordinator/nrf_atfifo.o
                0x0000442a                nrf_atfifo_item_get
 .text.nrf_atfifo_item_free
                0x0000445c       0x28 Output/Debug/Obj/coordinator/nrf_atfifo.o
                0x0000445c                nrf_atfifo_item_free
 .text.nrf_atomic_u32_fetch_store
                0x00004484       0x2e Output/Debug/Obj/coordinator/nrf_atomic.o
                0x00004484                nrf_atomic_u32_fetch_store
 .text.nrf_atomic_u32_or
                0x000044b2       0x30 Output/Debug/Obj/coordinator/nrf_atomic.o
                0x000044b2                nrf_atomic_u32_or
 .text.nrf_atomic_u32_fetch_and
                0x000044e2       0x30 Output/Debug/Obj/coordinator/nrf_atomic.o
                0x000044e2                nrf_atomic_u32_fetch_and
 .text.nrf_atomic_u32_add
                0x00004512       0x30 Output/Debug/Obj/coordinator/nrf_atomic.o
                0x00004512                nrf_atomic_u32_add
 .text.nrf_atomic_u32_sub
                0x00004542       0x30 Output/Debug/Obj/coordinator/nrf_atomic.o
                0x00004542                nrf_atomic_u32_sub
 .text.nrf_atomic_flag_set
                0x00004572       0x18 Output/Debug/Obj/coordinator/nrf_atomic.o
                0x00004572                nrf_atomic_flag_set
 .text.nrf_atomic_flag_clear_fetch
                0x0000458a       0x18 Output/Debug/Obj/coordinator/nrf_atomic.o
                0x0000458a                nrf_atomic_flag_clear_fetch
 *fill*         0x000045a2        0x2 
 .text.nrf_balloc_idx2block
                0x000045a4       0x38 Output/Debug/Obj/coordinator/nrf_balloc.o
 .text.nrf_balloc_block2idx
                0x000045dc       0x34 Output/Debug/Obj/coordinator/nrf_balloc.o
 .text.nrf_balloc_init
                0x00004610       0xb8 Output/Debug/Obj/coordinator/nrf_balloc.o
                0x00004610                nrf_balloc_init
 .text.nrf_balloc_alloc
                0x000046c8       0x84 Output/Debug/Obj/coordinator/nrf_balloc.o
                0x000046c8                nrf_balloc_alloc
 .text.nrf_balloc_free
                0x0000474c       0x58 Output/Debug/Obj/coordinator/nrf_balloc.o
                0x0000474c                nrf_balloc_free
 .text.nrf_fprintf_buffer_flush
                0x000047a4       0x44 Output/Debug/Obj/coordinator/nrf_fprintf.o
                0x000047a4                nrf_fprintf_buffer_flush
 .text.nrf_fprintf
                0x000047e8       0x74 Output/Debug/Obj/coordinator/nrf_fprintf.o
                0x000047e8                nrf_fprintf
 .text.buffer_add
                0x0000485c       0x3c Output/Debug/Obj/coordinator/nrf_fprintf_format.o
 .text.string_print
                0x00004898       0xc2 Output/Debug/Obj/coordinator/nrf_fprintf_format.o
 *fill*         0x0000495a        0x2 
 .text.unsigned_print
                0x0000495c      0x130 Output/Debug/Obj/coordinator/nrf_fprintf_format.o
 .text.int_print
                0x00004a8c      0x11c Output/Debug/Obj/coordinator/nrf_fprintf_format.o
 .text.nrf_fprintf_fmt
                0x00004ba8      0x388 Output/Debug/Obj/coordinator/nrf_fprintf_format.o
                0x00004ba8                nrf_fprintf_fmt
 .text.nrf_memobj_pool_init
                0x00004f30       0x16 Output/Debug/Obj/coordinator/nrf_memobj.o
                0x00004f30                nrf_memobj_pool_init
 .text.nrf_memobj_alloc
                0x00004f46       0xae Output/Debug/Obj/coordinator/nrf_memobj.o
                0x00004f46                nrf_memobj_alloc
 .text.nrf_memobj_free
                0x00004ff4       0x74 Output/Debug/Obj/coordinator/nrf_memobj.o
                0x00004ff4                nrf_memobj_free
 .text.nrf_memobj_get
                0x00005068       0x1e Output/Debug/Obj/coordinator/nrf_memobj.o
                0x00005068                nrf_memobj_get
 .text.nrf_memobj_put
                0x00005086       0x34 Output/Debug/Obj/coordinator/nrf_memobj.o
                0x00005086                nrf_memobj_put
 *fill*         0x000050ba        0x2 
 .text.memobj_op
                0x000050bc      0x124 Output/Debug/Obj/coordinator/nrf_memobj.o
 .text.nrf_memobj_write
                0x000051e0       0x3c Output/Debug/Obj/coordinator/nrf_memobj.o
                0x000051e0                nrf_memobj_write
 .text.nrf_memobj_read
                0x0000521c       0x40 Output/Debug/Obj/coordinator/nrf_memobj.o
                0x0000521c                nrf_memobj_read
 .text.nrf_ringbuf_init
                0x0000525c       0x3a Output/Debug/Obj/coordinator/nrf_ringbuf.o
                0x0000525c                nrf_ringbuf_init
 *fill*         0x00005296        0x2 
 .text.nrf_sortlist_add
                0x00005298       0x74 Output/Debug/Obj/coordinator/nrf_sortlist.o
                0x00005298                nrf_sortlist_add
 .text.nrf_sortlist_pop
                0x0000530c       0x44 Output/Debug/Obj/coordinator/nrf_sortlist.o
                0x0000530c                nrf_sortlist_pop
 .text.nrf_sortlist_peek
                0x00005350       0x28 Output/Debug/Obj/coordinator/nrf_sortlist.o
                0x00005350                nrf_sortlist_peek
 .text.nrf_sortlist_remove
                0x00005378       0x6c Output/Debug/Obj/coordinator/nrf_sortlist.o
                0x00005378                nrf_sortlist_remove
 .text.nrf_strerror_get
                0x000053e4       0x28 Output/Debug/Obj/coordinator/nrf_strerror.o
                0x000053e4                nrf_strerror_get
 .text.nrf_strerror_find
                0x0000540c       0x68 Output/Debug/Obj/coordinator/nrf_strerror.o
                0x0000540c                nrf_strerror_find
 .text.nrfx_coredep_delay_us
                0x00005474       0x30 Output/Debug/Obj/coordinator/nrf_log_backend_rtt.o
 .text.nrf_delay_ms
                0x000054a4       0x2a Output/Debug/Obj/coordinator/nrf_log_backend_rtt.o
 .text.nrf_log_backend_rtt_init
                0x000054ce        0xa Output/Debug/Obj/coordinator/nrf_log_backend_rtt.o
                0x000054ce                nrf_log_backend_rtt_init
 .text.serial_tx
                0x000054d8       0x84 Output/Debug/Obj/coordinator/nrf_log_backend_rtt.o
 .text.nrf_log_backend_rtt_put
                0x0000555c       0x28 Output/Debug/Obj/coordinator/nrf_log_backend_rtt.o
 .text.nrf_log_backend_rtt_flush
                0x00005584        0xa Output/Debug/Obj/coordinator/nrf_log_backend_rtt.o
 .text.nrf_log_backend_rtt_panic_set
                0x0000558e        0xa Output/Debug/Obj/coordinator/nrf_log_backend_rtt.o
 .text.nrf_log_backend_serial_put
                0x00005598      0x124 Output/Debug/Obj/coordinator/nrf_log_backend_serial.o
                0x00005598                nrf_log_backend_serial_put
 .text.nrf_drv_uart_uninit
                0x000056bc       0x44 Output/Debug/Obj/coordinator/nrf_log_backend_uart.o
 .text.nrf_drv_uart_tx
                0x00005700       0x64 Output/Debug/Obj/coordinator/nrf_log_backend_uart.o
 .text.uart_evt_handler
                0x00005764       0x18 Output/Debug/Obj/coordinator/nrf_log_backend_uart.o
 .text.uart_init
                0x0000577c       0x88 Output/Debug/Obj/coordinator/nrf_log_backend_uart.o
 .text.nrf_log_backend_uart_init
                0x00005804       0x1c Output/Debug/Obj/coordinator/nrf_log_backend_uart.o
                0x00005804                nrf_log_backend_uart_init
 .text.serial_tx
                0x00005820       0x6c Output/Debug/Obj/coordinator/nrf_log_backend_uart.o
 .text.nrf_log_backend_uart_put
                0x0000588c       0x28 Output/Debug/Obj/coordinator/nrf_log_backend_uart.o
 .text.nrf_log_backend_uart_flush
                0x000058b4        0xa Output/Debug/Obj/coordinator/nrf_log_backend_uart.o
 *fill*         0x000058be        0x2 
 .text.nrf_log_backend_uart_panic_set
                0x000058c0       0x20 Output/Debug/Obj/coordinator/nrf_log_backend_uart.o
 .text.nrf_log_backend_enable
                0x000058e0       0x12 Output/Debug/Obj/coordinator/nrf_log_default_backends.o
 *fill*         0x000058f2        0x2 
 .text.nrf_log_default_backends_init
                0x000058f4       0x64 Output/Debug/Obj/coordinator/nrf_log_default_backends.o
                0x000058f4                nrf_log_default_backends_init
 .text.nrf_log_backend_put
                0x00005958       0x1c Output/Debug/Obj/coordinator/nrf_log_frontend.o
 .text.nrf_log_backend_panic_set
                0x00005974       0x18 Output/Debug/Obj/coordinator/nrf_log_frontend.o
 .text.nrf_log_backend_flush
                0x0000598c       0x18 Output/Debug/Obj/coordinator/nrf_log_frontend.o
 .text.nrf_log_backend_id_set
                0x000059a4       0x1a Output/Debug/Obj/coordinator/nrf_log_frontend.o
 .text.nrf_log_backend_id_get
                0x000059be       0x10 Output/Debug/Obj/coordinator/nrf_log_frontend.o
 .text.nrf_log_backend_enable
                0x000059ce       0x12 Output/Debug/Obj/coordinator/nrf_log_frontend.o
 .text.nrf_log_backend_is_enabled
                0x000059e0       0x10 Output/Debug/Obj/coordinator/nrf_log_frontend.o
 .text.nrf_log_init
                0x000059f0       0x50 Output/Debug/Obj/coordinator/nrf_log_frontend.o
                0x000059f0                nrf_log_init
 .text.nrf_log_module_cnt_get
                0x00005a40       0x14 Output/Debug/Obj/coordinator/nrf_log_frontend.o
                0x00005a40                nrf_log_module_cnt_get
 .text.module_idx_get
                0x00005a54       0x64 Output/Debug/Obj/coordinator/nrf_log_frontend.o
 .text.nrf_log_module_name_get
                0x00005ab8       0x40 Output/Debug/Obj/coordinator/nrf_log_frontend.o
                0x00005ab8                nrf_log_module_name_get
 .text.nrf_log_color_id_get
                0x00005af8       0x70 Output/Debug/Obj/coordinator/nrf_log_frontend.o
                0x00005af8                nrf_log_color_id_get
 .text.invalid_packets_omit
                0x00005b68       0x6e Output/Debug/Obj/coordinator/nrf_log_frontend.o
 *fill*         0x00005bd6        0x2 
 .text.log_skip
                0x00005bd8      0x118 Output/Debug/Obj/coordinator/nrf_log_frontend.o
 .text.dropped_sat16_get
                0x00005cf0       0x28 Output/Debug/Obj/coordinator/nrf_log_frontend.o
 .text.std_header_set
                0x00005d18       0xb4 Output/Debug/Obj/coordinator/nrf_log_frontend.o
 .text.log_pending_hook
                0x00005dcc        0x4 Output/Debug/Obj/coordinator/nrf_log_frontend.o
                0x00005dcc                log_pending_hook
 .text.buf_prealloc
                0x00005dd0      0x128 Output/Debug/Obj/coordinator/nrf_log_frontend.o
 .text.std_n    0x00005ef8       0x94 Output/Debug/Obj/coordinator/nrf_log_frontend.o
 .text.nrf_log_frontend_std_0
                0x00005f8c       0x1c Output/Debug/Obj/coordinator/nrf_log_frontend.o
                0x00005f8c                nrf_log_frontend_std_0
 .text.nrf_log_frontend_std_1
                0x00005fa8       0x22 Output/Debug/Obj/coordinator/nrf_log_frontend.o
                0x00005fa8                nrf_log_frontend_std_1
 .text.nrf_log_frontend_std_2
                0x00005fca       0x28 Output/Debug/Obj/coordinator/nrf_log_frontend.o
                0x00005fca                nrf_log_frontend_std_2
 .text.nrf_log_frontend_std_5
                0x00005ff2       0x34 Output/Debug/Obj/coordinator/nrf_log_frontend.o
                0x00005ff2                nrf_log_frontend_std_5
 *fill*         0x00006026        0x2 
 .text.buffer_is_empty
                0x00006028       0x1c Output/Debug/Obj/coordinator/nrf_log_frontend.o
                0x00006028                buffer_is_empty
 .text.nrf_log_frontend_dequeue
                0x00006044      0x3a4 Output/Debug/Obj/coordinator/nrf_log_frontend.o
                0x00006044                nrf_log_frontend_dequeue
 .text.backend_id_assign
                0x000063e8       0x68 Output/Debug/Obj/coordinator/nrf_log_frontend.o
 .text.nrf_log_backend_add
                0x00006450       0x70 Output/Debug/Obj/coordinator/nrf_log_frontend.o
                0x00006450                nrf_log_backend_add
 .text.nrf_log_panic
                0x000064c0       0x3c Output/Debug/Obj/coordinator/nrf_log_frontend.o
                0x000064c0                nrf_log_panic
 .text.timestamp_print
                0x000064fc        0xc Output/Debug/Obj/coordinator/nrf_log_str_formatter.o
 .text.prefix_process
                0x00006508       0xb0 Output/Debug/Obj/coordinator/nrf_log_str_formatter.o
 .text.postfix_process
                0x000065b8       0x60 Output/Debug/Obj/coordinator/nrf_log_str_formatter.o
 .text.nrf_log_std_entry_process
                0x00006618      0x144 Output/Debug/Obj/coordinator/nrf_log_str_formatter.o
                0x00006618                nrf_log_std_entry_process
 .text.nrf_log_hexdump_entry_process
                0x0000675c       0xf0 Output/Debug/Obj/coordinator/nrf_log_str_formatter.o
                0x0000675c                nrf_log_hexdump_entry_process
 .text._DoInit  0x0000684c       0x9c Output/Debug/Obj/coordinator/SEGGER_RTT.o
 .text._WriteBlocking
                0x000068e8       0xb2 Output/Debug/Obj/coordinator/SEGGER_RTT.o
 .text._WriteNoCheck
                0x0000699a       0x7e Output/Debug/Obj/coordinator/SEGGER_RTT.o
 .text._GetAvailWriteSpace
                0x00006a18       0x3c Output/Debug/Obj/coordinator/SEGGER_RTT.o
 .text.SEGGER_RTT_WriteNoLock
                0x00006a54       0xa0 Output/Debug/Obj/coordinator/SEGGER_RTT.o
                0x00006a54                SEGGER_RTT_WriteNoLock
 .text.SEGGER_RTT_Init
                0x00006af4        0xa Output/Debug/Obj/coordinator/SEGGER_RTT.o
                0x00006af4                SEGGER_RTT_Init
 .text.libc.__SEGGER_RTL_ascii_mbtowc
                0x00006afe       0x34 C:/Program Files/SEGGER/SEGGER Embedded Studio 8.10d/lib/libc_v7em_fpv4_sp_d16_hard_t_le_eabi_balanced.a(mbops.o)
                0x00006afe                __SEGGER_RTL_ascii_mbtowc
 .text.libc.__SEGGER_RTL_ascii_wctomb
                0x00006b32        0xe C:/Program Files/SEGGER/SEGGER Embedded Studio 8.10d/lib/libc_v7em_fpv4_sp_d16_hard_t_le_eabi_balanced.a(mbops.o)
                0x00006b32                __SEGGER_RTL_ascii_wctomb
 .text.libc.__SEGGER_RTL_isctype
                0x00006b40       0x20 C:/Program Files/SEGGER/SEGGER Embedded Studio 8.10d/lib/libc_v7em_fpv4_sp_d16_hard_t_le_eabi_balanced.a(mbops.o)
 .text.libc.isprint
                0x00006b60        0x6 C:/Program Files/SEGGER/SEGGER Embedded Studio 8.10d/lib/libc_v7em_fpv4_sp_d16_hard_t_le_eabi_balanced.a(mbops.o)
                0x00006b60                isprint
 .text.libc.__SEGGER_RTL_ascii_isctype
                0x00006b66       0x20 C:/Program Files/SEGGER/SEGGER Embedded Studio 8.10d/lib/libc_v7em_fpv4_sp_d16_hard_t_le_eabi_balanced.a(mbops.o)
 .text.libc.__SEGGER_RTL_ascii_toupper
                0x00006b86        0xc C:/Program Files/SEGGER/SEGGER Embedded Studio 8.10d/lib/libc_v7em_fpv4_sp_d16_hard_t_le_eabi_balanced.a(mbops.o)
 .text.libc.__SEGGER_RTL_ascii_tolower
                0x00006b92        0xc C:/Program Files/SEGGER/SEGGER Embedded Studio 8.10d/lib/libc_v7em_fpv4_sp_d16_hard_t_le_eabi_balanced.a(mbops.o)
 .text.libc.__SEGGER_RTL_ascii_iswctype
                0x00006b9e       0x20 C:/Program Files/SEGGER/SEGGER Embedded Studio 8.10d/lib/libc_v7em_fpv4_sp_d16_hard_t_le_eabi_balanced.a(mbops.o)
 .text.libc.__SEGGER_RTL_ascii_towupper
                0x00006bbe        0xc C:/Program Files/SEGGER/SEGGER Embedded Studio 8.10d/lib/libc_v7em_fpv4_sp_d16_hard_t_le_eabi_balanced.a(mbops.o)
 .text.libc.__SEGGER_RTL_ascii_towlower
                0x00006bca        0xc C:/Program Files/SEGGER/SEGGER Embedded Studio 8.10d/lib/libc_v7em_fpv4_sp_d16_hard_t_le_eabi_balanced.a(mbops.o)
 .text.libc.__SEGGER_RTL_init_heap
                0x00006bd6       0x18 C:/Program Files/SEGGER/SEGGER Embedded Studio 8.10d/lib/heapops_basic_v7em_fpv4_sp_d16_hard_t_le_eabi_balanced.a(heapops_basic.o)
                0x00006bd6                __SEGGER_RTL_init_heap
 .text.libc.strlen
                0x00006bee       0x2c C:/Program Files/SEGGER/SEGGER Embedded Studio 8.10d/lib/strops_unaligned_v7em_fpv4_sp_d16_hard_t_le_eabi_balanced.a(strops.o)
                0x00006bee                strlen
 *fill*         0x00006c1a        0x2 
 .text.libc.memcpy
                0x00006c1c       0x5c C:/Program Files/SEGGER/SEGGER Embedded Studio 8.10d/lib/strops_unaligned_v7em_fpv4_sp_d16_hard_t_le_eabi_balanced.a(strasmops_arm.o)
                0x00006c1c                __aeabi_memcpy
                0x00006c1c                memcpy
                0x00006c3a                __aeabi_memcpy8
                0x00006c3a                __aeabi_memcpy4
                0x00006c78                        __text_end__ = (__text_start__ + SIZEOF (.text))
                0x00006894                        __text_size__ = SIZEOF (.text)
                0x00006c78                        __text_load_end__ = __text_end__

.vfp11_veneer   0x00000000        0x0
 .vfp11_veneer  0x00000000        0x0 linker stubs

.v4_bx          0x00000000        0x0
 .v4_bx         0x00000000        0x0 linker stubs

.iplt           0x00000000        0x0
 .iplt          0x00000000        0x0 Output/Debug/Obj/coordinator/main.o
                0x00000001                        . = ASSERT (((__text_start__ == __text_end__) || ((__text_end__ - __FLASH1_segment_start__) <= __FLASH1_segment_size__)), error: .text is too large to fit in FLASH1 memory segment)
                0x00006c78                        __log_const_data_load_start__ = ALIGN (__text_end__, 0x4)

.log_const_data
                0x00006c78       0x40
                0x00006c78                        __log_const_data_start__ = .
                0x00006c78                        __start_log_const_data = __log_const_data_start__
 *(SORT_BY_NAME(.log_const_data*))
 .log_const_data_GPIOTE
                0x00006c78        0x8 Output/Debug/Obj/coordinator/nrfx_gpiote.o
                0x00006c78                m_nrf_log_GPIOTE_logs_data_const
 .log_const_data_PRS
                0x00006c80        0x8 Output/Debug/Obj/coordinator/nrfx_prs.o
                0x00006c80                m_nrf_log_PRS_logs_data_const
 .log_const_data_UART
                0x00006c88        0x8 Output/Debug/Obj/coordinator/nrfx_uart.o
                0x00006c88                m_nrf_log_UART_logs_data_const
 .log_const_data_UARTE
                0x00006c90        0x8 Output/Debug/Obj/coordinator/nrfx_uarte.o
                0x00006c90                m_nrf_log_UARTE_logs_data_const
 .log_const_data_app
                0x00006c98        0x8 Output/Debug/Obj/coordinator/nrf_log_frontend.o
                0x00006c98                m_nrf_log_app_logs_data_const
 .log_const_data_app_button
                0x00006ca0        0x8 Output/Debug/Obj/coordinator/app_button.o
                0x00006ca0                m_nrf_log_app_button_logs_data_const
 .log_const_data_app_timer
                0x00006ca8        0x8 Output/Debug/Obj/coordinator/app_timer2.o
                0x00006ca8                m_nrf_log_app_timer_logs_data_const
 .log_const_data_sortlist
                0x00006cb0        0x8 Output/Debug/Obj/coordinator/nrf_sortlist.o
                0x00006cb0                m_nrf_log_sortlist_logs_data_const
                0x00006cb8                        __log_const_data_end__ = (__log_const_data_start__ + SIZEOF (.log_const_data))
                0x00000040                        __log_const_data_size__ = SIZEOF (.log_const_data)
                0x00006cb8                        __stop_log_const_data = __log_const_data_end__
                0x00006cb8                        __log_const_data_load_end__ = __log_const_data_end__
                0x00000001                        . = ASSERT (((__log_const_data_start__ == __log_const_data_end__) || ((__log_const_data_end__ - __FLASH1_segment_start__) <= __FLASH1_segment_size__)), error: .log_const_data is too large to fit in FLASH1 memory segment)
                0x00006cb8                        __log_backends_load_start__ = ALIGN (__log_const_data_end__, 0x4)

.log_backends   0x00006cb8       0x20
                0x00006cb8                        __log_backends_start__ = .
                0x00006cb8                        __start_log_backends = __log_backends_start__
 *(SORT_BY_NAME(.log_backends*))
 .log_backends  0x00006cb8       0x20 Output/Debug/Obj/coordinator/nrf_log_default_backends.o
                0x00006cd8                        __log_backends_end__ = (__log_backends_start__ + SIZEOF (.log_backends))
                0x00000020                        __log_backends_size__ = SIZEOF (.log_backends)
                0x00006cd8                        __stop_log_backends = __log_backends_end__
                0x00006cd8                        __log_backends_load_end__ = __log_backends_end__
                0x00000001                        . = ASSERT (((__log_backends_start__ == __log_backends_end__) || ((__log_backends_end__ - __FLASH1_segment_start__) <= __FLASH1_segment_size__)), error: .log_backends is too large to fit in FLASH1 memory segment)
                0x00006cd8                        __nrf_balloc_load_start__ = ALIGN (__log_backends_end__, 0x4)

.nrf_balloc     0x00006cd8       0x14
                0x00006cd8                        __nrf_balloc_start__ = .
                0x00006cd8                        __start_nrf_balloc = __nrf_balloc_start__
 *(.nrf_balloc*)
 .nrf_balloc    0x00006cd8       0x14 Output/Debug/Obj/coordinator/nrf_log_frontend.o
                0x00006cd8                log_mempool
                0x00006cec                        __nrf_balloc_end__ = (__nrf_balloc_start__ + SIZEOF (.nrf_balloc))
                0x00000014                        __nrf_balloc_size__ = SIZEOF (.nrf_balloc)
                0x00006cec                        __stop_nrf_balloc = __nrf_balloc_end__
                0x00006cec                        __nrf_balloc_load_end__ = __nrf_balloc_end__
                0x00000001                        . = ASSERT (((__nrf_balloc_start__ == __nrf_balloc_end__) || ((__nrf_balloc_end__ - __FLASH1_segment_start__) <= __FLASH1_segment_size__)), error: .nrf_balloc is too large to fit in FLASH1 memory segment)
                0x00006cec                        __nrf_sections_load_start__ = ALIGN (__nrf_balloc_end__, 0x4)

.nrf_sections   0x00006cec        0x0
                0x00006cec                        __nrf_sections_start__ = .
                0x00006cec                        __start_nrf_sections = __nrf_sections_start__
 *(.nrf_sections .nrf_sections.*)
                0x00006cec                        __nrf_sections_end__ = (__nrf_sections_start__ + SIZEOF (.nrf_sections))
                0x00000000                        __nrf_sections_size__ = SIZEOF (.nrf_sections)
                0x00006cec                        __nrf_sections_load_end__ = __nrf_sections_end__
                0x00000001                        . = ASSERT (((__nrf_sections_start__ == __nrf_sections_end__) || ((__nrf_sections_end__ - __FLASH1_segment_start__) <= __FLASH1_segment_size__)), error: .nrf_sections is too large to fit in FLASH1 memory segment)
                0x00006cec                        __log_dynamic_data_load_start__ = ALIGN (__nrf_sections_end__, 0x4)

.log_dynamic_data
                0x20000000        0x0 load address 0x00006cec
                0x20000000                        __log_dynamic_data_start__ = .
 *(SORT_BY_NAME(.log_dynamic_data*))
                0x20000000                        __log_dynamic_data_end__ = (__log_dynamic_data_start__ + SIZEOF (.log_dynamic_data))
                0x00000000                        __log_dynamic_data_size__ = SIZEOF (.log_dynamic_data)
                0x00006cec                        __log_dynamic_data_load_end__ = (__log_dynamic_data_load_start__ + SIZEOF (.log_dynamic_data))
                0x00000001                        . = ASSERT (((__log_dynamic_data_load_start__ == __log_dynamic_data_load_end__) || ((__log_dynamic_data_load_end__ - __FLASH1_segment_start__) <= __FLASH1_segment_size__)), error: .log_dynamic_data is too large to fit in FLASH1 memory segment)

.log_dynamic_data_run
                0x20000000        0x0
                0x20000000                        __log_dynamic_data_run_start__ = .
                0x20000000                        __start_log_dynamic_data = __log_dynamic_data_run_start__
                0x20000000                        __log_dynamic_data_run_end__ = (__log_dynamic_data_run_start__ + SIZEOF (.log_dynamic_data))
                0x00000000                        __log_dynamic_data_run_size__ = (__log_dynamic_data_run_end__ - __log_dynamic_data_run_start__)
                0x20000000                        __stop_log_dynamic_data = __log_dynamic_data_run_end__
                0x20000000                        __log_dynamic_data_run_load_end__ = __log_dynamic_data_run_end__
                0x00000001                        . = ASSERT (((__log_dynamic_data_run_start__ == __log_dynamic_data_run_end__) || ((__log_dynamic_data_run_end__ - __RAM1_segment_start__) <= __RAM1_segment_size__)), error: .log_dynamic_data_run is too large to fit in RAM1 memory segment)
                0x00006cec                        __log_filter_data_load_start__ = ALIGN ((__log_dynamic_data_load_start__ + SIZEOF (.log_dynamic_data)), 0x4)

.log_filter_data
                0x20000000        0x0 load address 0x00006cec
                0x20000000                        __log_filter_data_start__ = .
 *(SORT_BY_NAME(.log_filter_data*))
                0x20000000                        __log_filter_data_end__ = (__log_filter_data_start__ + SIZEOF (.log_filter_data))
                0x00000000                        __log_filter_data_size__ = SIZEOF (.log_filter_data)
                0x00006cec                        __log_filter_data_load_end__ = (__log_filter_data_load_start__ + SIZEOF (.log_filter_data))
                0x00000001                        . = ASSERT (((__log_filter_data_load_start__ == __log_filter_data_load_end__) || ((__log_filter_data_load_end__ - __FLASH1_segment_start__) <= __FLASH1_segment_size__)), error: .log_filter_data is too large to fit in FLASH1 memory segment)

.log_filter_data_run
                0x20000000        0x0
                0x20000000                        __log_filter_data_run_start__ = .
                0x20000000                        __start_log_filter_data = __log_filter_data_run_start__
                0x20000000                        __log_filter_data_run_end__ = (__log_filter_data_run_start__ + SIZEOF (.log_filter_data))
                0x00000000                        __log_filter_data_run_size__ = (__log_filter_data_run_end__ - __log_filter_data_run_start__)
                0x20000000                        __stop_log_filter_data = __log_filter_data_run_end__
                0x20000000                        __log_filter_data_run_load_end__ = __log_filter_data_run_end__
                0x00000001                        . = ASSERT (((__log_filter_data_run_start__ == __log_filter_data_run_end__) || ((__log_filter_data_run_end__ - __RAM1_segment_start__) <= __RAM1_segment_size__)), error: .log_filter_data_run is too large to fit in RAM1 memory segment)
                0x20000000                        __nrf_sections_run_end_load_start__ = ALIGN (__log_filter_data_run_end__, 0x4)

.nrf_sections_run_end
                0x20000000        0x0
                0x20000000                        __nrf_sections_run_end_start__ = .
                0x20000000                        __end_nrf_sections_run = __nrf_sections_run_end_start__
 *(.nrf_sections_run_end .nrf_sections_run_end.*)
                0x20000000                        __nrf_sections_run_end_end__ = (__nrf_sections_run_end_start__ + SIZEOF (.nrf_sections_run_end))
                0x00000000                        __nrf_sections_run_end_size__ = SIZEOF (.nrf_sections_run_end)
                0x20000000                        __nrf_sections_run_end_load_end__ = __nrf_sections_run_end_end__
                0x00000001                        . = ASSERT (((__nrf_sections_run_end_start__ == __nrf_sections_run_end_end__) || ((__nrf_sections_run_end_end__ - __RAM1_segment_start__) <= __RAM1_segment_size__)), error: .nrf_sections_run_end is too large to fit in RAM1 memory segment)
                0x00006cec                        __dtors_load_start__ = ALIGN ((__log_filter_data_load_start__ + SIZEOF (.log_filter_data)), 0x4)

.dtors          0x00006cec        0x0
                0x00006cec                        __dtors_start__ = .
 *(SORT_BY_NAME(.dtors.*))
 *(.dtors)
 *(.fini_array)
 *(SORT_BY_NAME(.fini_array.*))
                0x00006cec                        __dtors_end__ = (__dtors_start__ + SIZEOF (.dtors))
                0x00000000                        __dtors_size__ = SIZEOF (.dtors)
                0x00006cec                        __dtors_load_end__ = __dtors_end__
                0x00000001                        . = ASSERT (((__dtors_start__ == __dtors_end__) || ((__dtors_end__ - __FLASH1_segment_start__) <= __FLASH1_segment_size__)), error: .dtors is too large to fit in FLASH1 memory segment)
                0x00006cec                        __ctors_load_start__ = ALIGN (__dtors_end__, 0x4)

.ctors          0x00006cec        0x0
                0x00006cec                        __ctors_start__ = .
 *(SORT_BY_NAME(.ctors.*))
 *(.ctors)
 *(.init_array)
 *(SORT_BY_NAME(.init_array.*))
                0x00006cec                        __ctors_end__ = (__ctors_start__ + SIZEOF (.ctors))
                0x00000000                        __ctors_size__ = SIZEOF (.ctors)
                0x00006cec                        __ctors_load_end__ = __ctors_end__
                0x00000001                        . = ASSERT (((__ctors_start__ == __ctors_end__) || ((__ctors_end__ - __FLASH1_segment_start__) <= __FLASH1_segment_size__)), error: .ctors is too large to fit in FLASH1 memory segment)
                0x00006cec                        __rodata_load_start__ = ALIGN (__ctors_end__, 0x4)

.rodata         0x00006cec     0x141d
                0x00006cec                        __rodata_start__ = .
 *(.rodata .rodata.* .gnu.linkonce.r.*)
 .rodata.g_my_work_timer_counter
                0x00006cec        0x4 Output/Debug/Obj/coordinator/main.o
 .rodata        0x00006cf0      0x15b Output/Debug/Obj/coordinator/main.o
 *fill*         0x00006e4b        0x1 
 .rodata        0x00006e4c       0x6a Output/Debug/Obj/coordinator/nrf_drv_uart.o
 *fill*         0x00006eb6        0x2 
 .rodata        0x00006eb8       0xe2 Output/Debug/Obj/coordinator/nrfx_gpiote.o
 *fill*         0x00006f9a        0x2 
 .rodata        0x00006f9c       0x8e Output/Debug/Obj/coordinator/nrfx_prs.o
 *fill*         0x0000702a        0x2 
 .rodata.__func__.0
                0x0000702c       0x11 Output/Debug/Obj/coordinator/nrfx_prs.o
 *fill*         0x0000703d        0x3 
 .rodata        0x00007040       0xd8 Output/Debug/Obj/coordinator/nrfx_uart.o
 .rodata.irq_handlers.0
                0x00007118        0x4 Output/Debug/Obj/coordinator/nrfx_uart.o
 .rodata        0x0000711c       0xd9 Output/Debug/Obj/coordinator/nrfx_uarte.o
 *fill*         0x000071f5        0x3 
 .rodata.irq_handlers.0
                0x000071f8        0x4 Output/Debug/Obj/coordinator/nrfx_uarte.o
 .rodata        0x000071fc       0x78 Output/Debug/Obj/coordinator/app_button.o
 .rodata        0x00007274       0x70 Output/Debug/Obj/coordinator/app_error_weak.o
 .rodata        0x000072e4       0x7c Output/Debug/Obj/coordinator/app_timer2.o
 .rodata.m_app_timer_sortlist
                0x00007360        0xc Output/Debug/Obj/coordinator/app_timer2.o
 .rodata        0x0000736c       0x71 Output/Debug/Obj/coordinator/app_util_platform.o
 *fill*         0x000073dd        0x3 
 .rodata        0x000073e0      0x118 Output/Debug/Obj/coordinator/drv_rtc.o
 *fill*         0x000074f8        0x8 
 .rodata.delay_machine_code.0
                0x00007500        0x6 Output/Debug/Obj/coordinator/drv_rtc.o
 *fill*         0x00007506        0x2 
 .rodata        0x00007508       0x6c Output/Debug/Obj/coordinator/nrf_balloc.o
 .rodata        0x00007574       0x62 Output/Debug/Obj/coordinator/nrf_fprintf.o
 *fill*         0x000075d6        0x2 
 .rodata        0x000075d8       0x69 Output/Debug/Obj/coordinator/nrf_fprintf_format.o
 *fill*         0x00007641        0x3 
 .rodata._aV2C.0
                0x00007644       0x10 Output/Debug/Obj/coordinator/nrf_fprintf_format.o
 .rodata        0x00007654       0x6c Output/Debug/Obj/coordinator/nrf_memobj.o
 .rodata        0x000076c0       0x7c Output/Debug/Obj/coordinator/nrf_sortlist.o
 .rodata.m_unknown_str
                0x0000773c       0x13 Output/Debug/Obj/coordinator/nrf_strerror.o
 *fill*         0x0000774f        0x1 
 .rodata        0x00007750      0x3bd Output/Debug/Obj/coordinator/nrf_strerror.o
 *fill*         0x00007b0d        0x3 
 .rodata.nrf_strerror_array
                0x00007b10      0x118 Output/Debug/Obj/coordinator/nrf_strerror.o
 .rodata.nrf_log_backend_rtt_api
                0x00007c28        0xc Output/Debug/Obj/coordinator/nrf_log_backend_rtt.o
                0x00007c28                nrf_log_backend_rtt_api
 *fill*         0x00007c34        0xc 
 .rodata.delay_machine_code.0
                0x00007c40        0x6 Output/Debug/Obj/coordinator/nrf_log_backend_rtt.o
 *fill*         0x00007c46        0x2 
 .rodata        0x00007c48       0x98 Output/Debug/Obj/coordinator/nrf_log_backend_uart.o
 .rodata.nrf_log_backend_uart_api
                0x00007ce0        0xc Output/Debug/Obj/coordinator/nrf_log_backend_uart.o
                0x00007ce0                nrf_log_backend_uart_api
 .rodata        0x00007cec       0x9f Output/Debug/Obj/coordinator/nrf_log_default_backends.o
 *fill*         0x00007d8b        0x1 
 .rodata.m_log_push_ringbuf
                0x00007d8c        0xc Output/Debug/Obj/coordinator/nrf_log_frontend.o
 .rodata        0x00007d98       0x89 Output/Debug/Obj/coordinator/nrf_log_frontend.o
 *fill*         0x00007e21        0x3 
 .rodata        0x00007e24       0xaa Output/Debug/Obj/coordinator/nrf_log_str_formatter.o
 *fill*         0x00007ece        0x2 
 .rodata        0x00007ed0       0x17 Output/Debug/Obj/coordinator/SEGGER_RTT.o
 *fill*         0x00007ee7        0x1 
 .rodata.libc.__SEGGER_RTL_c_locale
                0x00007ee8        0xc C:/Program Files/SEGGER/SEGGER Embedded Studio 8.10d/lib/libc_v7em_fpv4_sp_d16_hard_t_le_eabi_balanced.a(mbops.o)
                0x00007ee8                __SEGGER_RTL_c_locale
 .rodata.libc..L.str
                0x00007ef4        0x2 C:/Program Files/SEGGER/SEGGER Embedded Studio 8.10d/lib/libc_v7em_fpv4_sp_d16_hard_t_le_eabi_balanced.a(mbops.o)
 *fill*         0x00007ef6        0x2 
 .rodata.libc.__SEGGER_RTL_codeset_ascii
                0x00007ef8       0x20 C:/Program Files/SEGGER/SEGGER Embedded Studio 8.10d/lib/libc_v7em_fpv4_sp_d16_hard_t_le_eabi_balanced.a(mbops.o)
                0x00007ef8                __SEGGER_RTL_codeset_ascii
 .rodata.libc.__SEGGER_RTL_c_locale_abbrev_day_names
                0x00007f18       0x1d C:/Program Files/SEGGER/SEGGER Embedded Studio 8.10d/lib/libc_v7em_fpv4_sp_d16_hard_t_le_eabi_balanced.a(mbops.o)
                0x00007f18                __SEGGER_RTL_c_locale_abbrev_day_names
 .rodata.libc.__SEGGER_RTL_c_locale_abbrev_month_names
                0x00007f35       0x31 C:/Program Files/SEGGER/SEGGER Embedded Studio 8.10d/lib/libc_v7em_fpv4_sp_d16_hard_t_le_eabi_balanced.a(mbops.o)
                0x00007f35                __SEGGER_RTL_c_locale_abbrev_month_names
 .rodata.libc.__SEGGER_RTL_data_utf8_period
                0x00007f66        0x2 C:/Program Files/SEGGER/SEGGER Embedded Studio 8.10d/lib/libc_v7em_fpv4_sp_d16_hard_t_le_eabi_balanced.a(mbops.o)
                0x00007f66                __SEGGER_RTL_data_utf8_period
 .rodata.libc.__SEGGER_RTL_data_empty_string
                0x00007f68        0x1 C:/Program Files/SEGGER/SEGGER Embedded Studio 8.10d/lib/libc_v7em_fpv4_sp_d16_hard_t_le_eabi_balanced.a(mbops.o)
                0x00007f68                __SEGGER_RTL_data_empty_string
 .rodata.libc.__SEGGER_RTL_c_locale_day_names
                0x00007f69       0x3a C:/Program Files/SEGGER/SEGGER Embedded Studio 8.10d/lib/libc_v7em_fpv4_sp_d16_hard_t_le_eabi_balanced.a(mbops.o)
 .rodata.libc.__SEGGER_RTL_c_locale_month_names
                0x00007fa3       0x57 C:/Program Files/SEGGER/SEGGER Embedded Studio 8.10d/lib/libc_v7em_fpv4_sp_d16_hard_t_le_eabi_balanced.a(mbops.o)
 .rodata.libc.__SEGGER_RTL_c_locale_am_pm_indicator
                0x00007ffa        0x7 C:/Program Files/SEGGER/SEGGER Embedded Studio 8.10d/lib/libc_v7em_fpv4_sp_d16_hard_t_le_eabi_balanced.a(mbops.o)
 .rodata.libc.__SEGGER_RTL_c_locale_date_format
                0x00008001        0x9 C:/Program Files/SEGGER/SEGGER Embedded Studio 8.10d/lib/libc_v7em_fpv4_sp_d16_hard_t_le_eabi_balanced.a(mbops.o)
 .rodata.libc.__SEGGER_RTL_c_locale_time_format
                0x0000800a        0x9 C:/Program Files/SEGGER/SEGGER Embedded Studio 8.10d/lib/libc_v7em_fpv4_sp_d16_hard_t_le_eabi_balanced.a(mbops.o)
 .rodata.libc.__SEGGER_RTL_c_locale_date_time_format
                0x00008013        0xf C:/Program Files/SEGGER/SEGGER Embedded Studio 8.10d/lib/libc_v7em_fpv4_sp_d16_hard_t_le_eabi_balanced.a(mbops.o)
 *fill*         0x00008022        0x2 
 .rodata.libc.__SEGGER_RTL_c_locale_data
                0x00008024       0x58 C:/Program Files/SEGGER/SEGGER Embedded Studio 8.10d/lib/libc_v7em_fpv4_sp_d16_hard_t_le_eabi_balanced.a(mbops.o)
                0x00008024                __SEGGER_RTL_c_locale_data
 .rodata.libc.__SEGGER_RTL_ascii_ctype_map
                0x0000807c       0x80 C:/Program Files/SEGGER/SEGGER Embedded Studio 8.10d/lib/libc_v7em_fpv4_sp_d16_hard_t_le_eabi_balanced.a(mbops.o)
 .rodata.libc.__SEGGER_RTL_ascii_ctype_mask
                0x000080fc        0xd C:/Program Files/SEGGER/SEGGER Embedded Studio 8.10d/lib/libc_v7em_fpv4_sp_d16_hard_t_le_eabi_balanced.a(mbops.o)
                0x00008109                        __rodata_end__ = (__rodata_start__ + SIZEOF (.rodata))
                0x0000141d                        __rodata_size__ = SIZEOF (.rodata)
                0x00008109                        __rodata_load_end__ = __rodata_end__

.rel.dyn        0x0000810c        0x0
 .rel.iplt      0x0000810c        0x0 Output/Debug/Obj/coordinator/main.o
                0x00000001                        . = ASSERT (((__rodata_start__ == __rodata_end__) || ((__rodata_end__ - __FLASH1_segment_start__) <= __FLASH1_segment_size__)), error: .rodata is too large to fit in FLASH1 memory segment)
                0x0000810c                        __ARM.exidx_load_start__ = ALIGN (__rodata_end__, 0x4)

.ARM.exidx      0x0000810c        0x0
                0x0000810c                        __ARM.exidx_start__ = .
                0x0000810c                        __exidx_start = __ARM.exidx_start__
 *(.ARM.exidx .ARM.exidx.*)
                0x0000810c                        __ARM.exidx_end__ = (__ARM.exidx_start__ + SIZEOF (.ARM.exidx))
                0x00000000                        __ARM.exidx_size__ = SIZEOF (.ARM.exidx)
                0x0000810c                        __exidx_end = __ARM.exidx_end__
                0x0000810c                        __ARM.exidx_load_end__ = __ARM.exidx_end__
                0x00000001                        . = ASSERT (((__ARM.exidx_start__ == __ARM.exidx_end__) || ((__ARM.exidx_end__ - __FLASH1_segment_start__) <= __FLASH1_segment_size__)), error: .ARM.exidx is too large to fit in FLASH1 memory segment)
                0x0000810c                        __fast_load_start__ = ALIGN (__ARM.exidx_end__, 0x4)

.fast           0x20000000        0x0 load address 0x0000810c
                0x20000000                        __fast_start__ = .
 *(.fast .fast.*)
                0x20000000                        __fast_end__ = (__fast_start__ + SIZEOF (.fast))
                0x00000000                        __fast_size__ = SIZEOF (.fast)
                0x0000810c                        __fast_load_end__ = (__fast_load_start__ + SIZEOF (.fast))
                0x00000001                        . = ASSERT (((__fast_load_start__ == __fast_load_end__) || ((__fast_load_end__ - __FLASH1_segment_start__) <= __FLASH1_segment_size__)), error: .fast is too large to fit in FLASH1 memory segment)

.fast_run       0x20000000        0x0
                0x20000000                        __fast_run_start__ = .
                0x20000000                        __fast_run_end__ = (__fast_run_start__ + SIZEOF (.fast))
                0x00000000                        __fast_run_size__ = (__fast_run_end__ - __fast_run_start__)
                0x20000000                        __fast_run_load_end__ = __fast_run_end__
                0x00000001                        . = ASSERT (((__fast_run_start__ == __fast_run_end__) || ((__fast_run_end__ - __RAM1_segment_start__) <= __RAM1_segment_size__)), error: .fast_run is too large to fit in RAM1 memory segment)
                0x0000810c                        __data_load_start__ = ALIGN ((__fast_load_start__ + SIZEOF (.fast)), 0x4)

.data           0x20000000       0xa0 load address 0x0000810c
                0x20000000                        __data_start__ = .
 *(.data .data.* .gnu.linkonce.d.*)
 .data.g_my_work_timer_counter_data
                0x20000000       0x20 Output/Debug/Obj/coordinator/main.o
 .data.SystemCoreClock
                0x20000020        0x4 Output/Debug/Obj/coordinator/system_nrf52840.o
                0x20000020                SystemCoreClock
 .data.m_rtc_inst
                0x20000024        0x8 Output/Debug/Obj/coordinator/app_timer2.o
 .data.m_uart   0x2000002c       0x14 Output/Debug/Obj/coordinator/nrf_log_backend_uart.o
                0x2000002c                m_uart
 .data.log_backend_cb_rtt_log_backend
                0x20000040        0x8 Output/Debug/Obj/coordinator/nrf_log_default_backends.o
 .data.log_backend_cb_uart_log_backend
                0x20000048        0x8 Output/Debug/Obj/coordinator/nrf_log_default_backends.o
 .data.m_buffer_mask
                0x20000050        0x4 Output/Debug/Obj/coordinator/nrf_log_frontend.o
 .data.severity_names
                0x20000054       0x14 Output/Debug/Obj/coordinator/nrf_log_str_formatter.o
 .data.m_colors
                0x20000068       0x24 Output/Debug/Obj/coordinator/nrf_log_str_formatter.o
 .data.libc.__SEGGER_RTL_global_locale
                0x2000008c       0x14 C:/Program Files/SEGGER/SEGGER Embedded Studio 8.10d/lib/libc_v7em_fpv4_sp_d16_hard_t_le_eabi_balanced.a(mbops.o)
                0x2000008c                __SEGGER_RTL_global_locale
                0x2000008c                __RAL_global_locale
                0x200000a0                        __data_end__ = (__data_start__ + SIZEOF (.data))
                0x000000a0                        __data_size__ = SIZEOF (.data)
                0x000081ac                        __data_load_end__ = (__data_load_start__ + SIZEOF (.data))

.igot.plt       0x00000000        0x0
 .igot.plt      0x00000000        0x0 Output/Debug/Obj/coordinator/main.o
                0x00000001                        . = ASSERT (((__data_load_start__ == __data_load_end__) || ((__data_load_end__ - __FLASH1_segment_start__) <= __FLASH1_segment_size__)), error: .data is too large to fit in FLASH1 memory segment)

.data_run       0x20000000        0x0
                0x20000000                        __data_run_start__ = .
                0x200000a0                        __data_run_end__ = (__data_run_start__ + SIZEOF (.data))
                0x000000a0                        __data_run_size__ = (__data_run_end__ - __data_run_start__)
                0x200000a0                        __data_run_load_end__ = __data_run_end__
                0x00000001                        . = ASSERT (((__data_run_start__ == __data_run_end__) || ((__data_run_end__ - __RAM1_segment_start__) <= __RAM1_segment_size__)), error: .data_run is too large to fit in RAM1 memory segment)
                0x000081ac                        __tdata_load_start__ = ALIGN ((__data_load_start__ + SIZEOF (.data)), 0x4)

.tdata          0x200000a0        0x0 load address 0x000081ac
                0x200000a0                        __tdata_start__ = .
 *(.tdata .tdata.*)
                0x200000a0                        __tdata_end__ = (__tdata_start__ + SIZEOF (.tdata))
                0x00000000                        __tdata_size__ = SIZEOF (.tdata)
                0x000081ac                        __tdata_load_end__ = (__tdata_load_start__ + SIZEOF (.tdata))
                0x000081ac                        __FLASH1_segment_used_end__ = (ALIGN ((__data_load_start__ + SIZEOF (.data)), 0x4) + SIZEOF (.tdata))
                0x000081ac                        __FLASH1_segment_used_size__ = (__FLASH1_segment_used_end__ - __FLASH1_segment_start__)
                0x00000001                        . = ASSERT (((__tdata_load_start__ == __tdata_load_end__) || ((__tdata_load_end__ - __FLASH1_segment_start__) <= __FLASH1_segment_size__)), error: .tdata is too large to fit in FLASH1 memory segment)

.tdata_run      0x200000a0        0x0
                0x200000a0                        __tdata_run_start__ = .
                0x200000a0                        __tdata_run_end__ = (__tdata_run_start__ + SIZEOF (.tdata))
                0x00000000                        __tdata_run_size__ = (__tdata_run_end__ - __tdata_run_start__)
                0x200000a0                        __tdata_run_load_end__ = __tdata_run_end__
                0x00000001                        . = ASSERT (((__tdata_run_start__ == __tdata_run_end__) || ((__tdata_run_end__ - __RAM1_segment_start__) <= __RAM1_segment_size__)), error: .tdata_run is too large to fit in RAM1 memory segment)
                0x200000a0                        __bss_load_start__ = ALIGN (__tdata_run_end__, 0x4)

.bss            0x200000a0     0x1014
                0x200000a0                        __bss_start__ = .
 *(.bss .bss.* .gnu.linkonce.b.*)
 .bss.packet_sender
                0x200000a0       0x20 Output/Debug/Obj/coordinator/main.o
 .bss.packet_receiver
                0x200000c0       0x20 Output/Debug/Obj/coordinator/main.o
 .bss.g_if_inSleep
                0x200000e0        0x1 Output/Debug/Obj/coordinator/main.o
 .bss.g_if_inWork
                0x200000e1        0x1 Output/Debug/Obj/coordinator/main.o
 *fill*         0x200000e2        0x2 
 .bss.g_curr_loc
                0x200000e4        0x4 Output/Debug/Obj/coordinator/main.o
 .bss.m_handlers
                0x200000e8        0x8 Output/Debug/Obj/coordinator/nrf_drv_uart.o
 .bss.m_contexts
                0x200000f0        0x8 Output/Debug/Obj/coordinator/nrf_drv_uart.o
 .bss.nrf_drv_uart_use_easy_dma
                0x200000f8        0x2 Output/Debug/Obj/coordinator/nrf_drv_uart.o
                0x200000f8                nrf_drv_uart_use_easy_dma
 *fill*         0x200000fa        0x2 
 .bss.m_cb      0x200000fc       0x6c Output/Debug/Obj/coordinator/nrfx_gpiote.o
 .bss.m_prs_box_4
                0x20000168        0x8 Output/Debug/Obj/coordinator/nrfx_prs.o
 .bss.m_cb      0x20000170       0x2c Output/Debug/Obj/coordinator/nrfx_uart.o
 .bss.m_cb      0x2000019c       0x24 Output/Debug/Obj/coordinator/nrfx_uarte.o
 .bss.m_error_data.0
                0x200001c0       0x20 Output/Debug/Obj/coordinator/app_error.o
 .bss.mp_active_timer
                0x200001e0        0x4 Output/Debug/Obj/coordinator/app_timer2.o
 .bss.m_global_active
                0x200001e4        0x1 Output/Debug/Obj/coordinator/app_timer2.o
 *fill*         0x200001e5        0x3 
 .bss.m_base_counter
                0x200001e8        0x8 Output/Debug/Obj/coordinator/app_timer2.o
 .bss.m_stamp64
                0x200001f0        0x8 Output/Debug/Obj/coordinator/app_timer2.o
 .bss.m_req_fifo_data
                0x200001f8       0x58 Output/Debug/Obj/coordinator/app_timer2.o
 .bss.m_req_fifo_inst
                0x20000250       0x10 Output/Debug/Obj/coordinator/app_timer2.o
 .bss.m_app_timer_sortlist_sortlist_cb
                0x20000260        0x4 Output/Debug/Obj/coordinator/app_timer2.o
 .bss.m_in_critical_region
                0x20000264        0x4 Output/Debug/Obj/coordinator/app_util_platform.o
 .bss.m_handlers
                0x20000268        0x4 Output/Debug/Obj/coordinator/drv_rtc.o
 .bss.m_cb      0x2000026c        0x8 Output/Debug/Obj/coordinator/drv_rtc.o
 .bss.m_host_present
                0x20000274        0x1 Output/Debug/Obj/coordinator/nrf_log_backend_rtt.o
 *fill*         0x20000275        0x3 
 .bss.m_string_buff
                0x20000278       0x40 Output/Debug/Obj/coordinator/nrf_log_backend_rtt.o
 .bss.m_string_buff
                0x200002b8       0x40 Output/Debug/Obj/coordinator/nrf_log_backend_uart.o
 .bss.m_xfer_done
                0x200002f8        0x1 Output/Debug/Obj/coordinator/nrf_log_backend_uart.o
 .bss.m_async_mode
                0x200002f9        0x1 Output/Debug/Obj/coordinator/nrf_log_backend_uart.o
 *fill*         0x200002fa        0x2 
 .bss.log_mempool_nrf_balloc_pool_stack
                0x200002fc        0x8 Output/Debug/Obj/coordinator/nrf_log_frontend.o
 .bss.log_mempool_nrf_balloc_pool_mem
                0x20000304      0x660 Output/Debug/Obj/coordinator/nrf_log_frontend.o
 .bss.log_mempool_nrf_balloc_cb
                0x20000964        0x8 Output/Debug/Obj/coordinator/nrf_log_frontend.o
 .bss.m_log_push_ringbuf_buf
                0x2000096c       0x80 Output/Debug/Obj/coordinator/nrf_log_frontend.o
 .bss.m_log_push_ringbuf_cb
                0x200009ec       0x18 Output/Debug/Obj/coordinator/nrf_log_frontend.o
 .bss.m_log_data
                0x20000a04      0x420 Output/Debug/Obj/coordinator/nrf_log_frontend.o
 .bss._SEGGER_RTT
                0x20000e24       0x78 Output/Debug/Obj/coordinator/SEGGER_RTT.o
                0x20000e24                _SEGGER_RTT
 .bss._acUpBuffer
                0x20000e9c      0x200 Output/Debug/Obj/coordinator/SEGGER_RTT.o
 .bss._acDownBuffer
                0x2000109c       0x10 Output/Debug/Obj/coordinator/SEGGER_RTT.o
 .bss.libc.__SEGGER_RTL_locale_ptr
                0x200010ac        0x4 C:/Program Files/SEGGER/SEGGER Embedded Studio 8.10d/lib/libc_v7em_fpv4_sp_d16_hard_t_le_eabi_balanced.a(mbops.o)
                0x200010ac                __SEGGER_RTL_locale_ptr
 .bss.libc.__SEGGER_RTL_heap_globals.0
                0x200010b0        0x4 C:/Program Files/SEGGER/SEGGER Embedded Studio 8.10d/lib/heapops_basic_v7em_fpv4_sp_d16_hard_t_le_eabi_balanced.a(heapops_basic.o)
 *(COMMON)
                0x200010b4                        __bss_end__ = (__bss_start__ + SIZEOF (.bss))
                0x00001014                        __bss_size__ = SIZEOF (.bss)
                0x200010b4                        __bss_load_end__ = __bss_end__
                0x00000001                        . = ASSERT (((__bss_start__ == __bss_end__) || ((__bss_end__ - __RAM1_segment_start__) <= __RAM1_segment_size__)), error: .bss is too large to fit in RAM1 memory segment)
                0x200010b4                        __tbss_load_start__ = ALIGN (__bss_end__, 0x4)

.tbss           0x200010b4        0x0
                0x200010b4                        __tbss_start__ = .
 *(.tbss .tbss.*)
                0x200010b4                        __tbss_end__ = (__tbss_start__ + SIZEOF (.tbss))
                0x00000000                        __tbss_size__ = SIZEOF (.tbss)
                0x200010b4                        __tbss_load_end__ = __tbss_end__
                0x00000001                        . = ASSERT (((__tbss_start__ == __tbss_end__) || ((__tbss_end__ - __RAM1_segment_start__) <= __RAM1_segment_size__)), error: .tbss is too large to fit in RAM1 memory segment)
                0x200010b4                        __non_init_load_start__ = ALIGN (__tbss_end__, 0x4)

.non_init       0x200010b4        0x0
                0x200010b4                        __non_init_start__ = .
 *(.non_init .non_init.*)
                0x200010b4                        __non_init_end__ = (__non_init_start__ + SIZEOF (.non_init))
                0x00000000                        __non_init_size__ = SIZEOF (.non_init)
                0x200010b4                        __non_init_load_end__ = __non_init_end__
                0x00000001                        . = ASSERT (((__non_init_start__ == __non_init_end__) || ((__non_init_end__ - __RAM1_segment_start__) <= __RAM1_segment_size__)), error: .non_init is too large to fit in RAM1 memory segment)
                0x200010b4                        __heap_load_start__ = ALIGN (__non_init_end__, 0x4)

.heap           0x200010b4     0x2000
                0x200010b4                        __heap_start__ = .
 *(.heap .heap.*)
                0x200030b4                        . = ALIGN (MAX ((__heap_start__ + __HEAPSIZE__), .), 0x4)
 *fill*         0x200010b4     0x2000 
                0x200030b4                        __heap_end__ = (__heap_start__ + SIZEOF (.heap))
                0x00002000                        __heap_size__ = SIZEOF (.heap)
                0x200030b4                        __heap_load_end__ = __heap_end__
                0x00000001                        . = ASSERT (((__heap_start__ == __heap_end__) || ((__heap_end__ - __RAM1_segment_start__) <= __RAM1_segment_size__)), error: .heap is too large to fit in RAM1 memory segment)
                0x00000001                        . = ASSERT ((__HEAPSIZE__ == ALIGN (__HEAPSIZE__, 0x4)), error: .heap section size does not match alignment)
                0x00000001                        . = ASSERT ((__heap_size__ <= __HEAPSIZE__), error: .heap section is larger than specified size)
                0x2003e000                        __stack_load_start__ = (__RAM1_segment_start__ + (__RAM1_segment_size__ - 0x2000))

.stack          0x2003e000     0x2000
                0x2003e000                        __stack_start__ = .
                0x2003e000                        __StackLimit = __stack_start__
 *(.stack .stack.*)
                0x20040000                        . = ALIGN (MAX ((__stack_start__ + __STACKSIZE__), .), 0x8)
 *fill*         0x2003e000     0x2000 
                0x20040000                        __stack_end__ = (__stack_start__ + SIZEOF (.stack))
                0x00002000                        __stack_size__ = SIZEOF (.stack)
                0x20040000                        __StackTop = __stack_end__
                0x20040000                        __stack_load_end__ = __stack_end__
                0x00000001                        . = ASSERT (((__stack_start__ == __stack_end__) || ((__stack_end__ - __RAM1_segment_start__) <= __RAM1_segment_size__)), error: .stack is too large to fit in RAM1 memory segment)
                0x00000001                        . = ASSERT ((__heap_end__ <= __stack_start__), error: section .heap overlaps absolute placed section .stack)
                0x00000001                        . = ASSERT ((__STACKSIZE__ == ALIGN (__STACKSIZE__, 0x8)), error: .stack section size does not match alignment)
                0x00000001                        . = ASSERT ((__stack_size__ <= __STACKSIZE__), error: .stack section is larger than specified size)
                0x20040000                        __stack_process_load_start__ = ALIGN (__stack_end__, 0x8)

.stack_process  0x20040000        0x0
                0x20040000                        __stack_process_start__ = .
 *(.stack_process .stack_process.*)
                0x20040000                        . = ALIGN (MAX ((__stack_process_start__ + __STACKSIZE_PROCESS__), .), 0x8)
                0x20040000                        __stack_process_end__ = (__stack_process_start__ + SIZEOF (.stack_process))
                0x00000000                        __stack_process_size__ = SIZEOF (.stack_process)
                0x20040000                        __stack_process_load_end__ = __stack_process_end__
                0x20040000                        __RAM1_segment_used_end__ = (ALIGN (__stack_end__, 0x8) + SIZEOF (.stack_process))
                0x00040000                        __RAM1_segment_used_size__ = (__RAM1_segment_used_end__ - __RAM1_segment_start__)
                0x00000001                        . = ASSERT (((__stack_process_start__ == __stack_process_end__) || ((__stack_process_end__ - __RAM1_segment_start__) <= __RAM1_segment_size__)), error: .stack_process is too large to fit in RAM1 memory segment)
                0x00000001                        . = ASSERT ((__STACKSIZE_PROCESS__ == ALIGN (__STACKSIZE_PROCESS__, 0x8)), error: .stack_process section size does not match alignment)
                0x00000001                        . = ASSERT ((__stack_process_size__ <= __STACKSIZE_PROCESS__), error: .stack_process section is larger than specified size)
START GROUP
LOAD Output/Debug/Obj/coordinator/main.o
LOAD Output/Debug/Obj/coordinator/boards.o
LOAD Output/Debug/Obj/coordinator/bsp.o
LOAD Output/Debug/Obj/coordinator/ses_startup_nrf52840.o
LOAD Output/Debug/Obj/coordinator/ses_startup_nrf_common.o
LOAD Output/Debug/Obj/coordinator/system_nrf52840.o
LOAD Output/Debug/Obj/coordinator/nrf_drv_uart.o
LOAD Output/Debug/Obj/coordinator/nrfx_atomic.o
LOAD Output/Debug/Obj/coordinator/nrfx_gpiote.o
LOAD Output/Debug/Obj/coordinator/nrfx_prs.o
LOAD Output/Debug/Obj/coordinator/nrfx_uart.o
LOAD Output/Debug/Obj/coordinator/nrfx_uarte.o