Archive member included to satisfy reference by file (symbol)

external/rtt/librtt_nrf52840_xxAA.a(SEGGER_RTT.c.obj)
                              examples/beaconing/CMakeFiles/beaconing_nrf52840_xxAA_s140_7.2.0.dir/__/__/mesh/core/src/log.c.obj (SEGGER_RTT_Write)
external/rtt/librtt_nrf52840_xxAA.a(SEGGER_RTT_printf.c.obj)
                              examples/beaconing/CMakeFiles/beaconing_nrf52840_xxAA_s140_7.2.0.dir/__/__/mesh/core/src/log.c.obj (SEGGER_RTT_vprintf)
external/micro-ecc/libuECC_nrf52840_xxAA.a(uECC.c.obj)
                              examples/beaconing/CMakeFiles/beaconing_nrf52840_xxAA_s140_7.2.0.dir/__/__/mesh/prov/src/prov_utils.c.obj (uECC_secp256r1)
/home/gaosheng/gcc-arm-none-eabi-10.3-2021.07/bin/../lib/gcc/arm-none-eabi/10.3.1/thumb/v7e-m+fp/hard/libgcc.a(_aeabi_ldivmod.o)
                              examples/beaconing/CMakeFiles/beaconing_nrf52840_xxAA_s140_7.2.0.dir/__/common/src/simple_hal.c.obj (__aeabi_ldivmod)
/home/gaosheng/gcc-arm-none-eabi-10.3-2021.07/bin/../lib/gcc/arm-none-eabi/10.3.1/thumb/v7e-m+fp/hard/libgcc.a(_aeabi_uldivmod.o)
                              examples/beaconing/CMakeFiles/beaconing_nrf52840_xxAA_s140_7.2.0.dir/__/common/src/simple_hal.c.obj (__aeabi_uldivmod)
/home/gaosheng/gcc-arm-none-eabi-10.3-2021.07/bin/../lib/gcc/arm-none-eabi/10.3.1/thumb/v7e-m+fp/hard/libgcc.a(_udivmoddi4.o)
                              /home/gaosheng/gcc-arm-none-eabi-10.3-2021.07/bin/../lib/gcc/arm-none-eabi/10.3.1/thumb/v7e-m+fp/hard/libgcc.a(_aeabi_ldivmod.o) (__udivmoddi4)
/home/gaosheng/gcc-arm-none-eabi-10.3-2021.07/bin/../lib/gcc/arm-none-eabi/10.3.1/thumb/v7e-m+fp/hard/libgcc.a(_dvmd_tls.o)
                              /home/gaosheng/gcc-arm-none-eabi-10.3-2021.07/bin/../lib/gcc/arm-none-eabi/10.3.1/thumb/v7e-m+fp/hard/libgcc.a(_aeabi_ldivmod.o) (__aeabi_ldiv0)
/home/gaosheng/gcc-arm-none-eabi-10.3-2021.07/bin/../lib/gcc/arm-none-eabi/10.3.1/../../../../arm-none-eabi/lib/thumb/v7e-m+fp/hard/libg_nano.a(lib_a-calloc.o)
                              examples/beaconing/CMakeFiles/beaconing_nrf52840_xxAA_s140_7.2.0.dir/__/__/mesh/core/src/mesh_mem_stdlib.c.obj (calloc)
/home/gaosheng/gcc-arm-none-eabi-10.3-2021.07/bin/../lib/gcc/arm-none-eabi/10.3.1/../../../../arm-none-eabi/lib/thumb/v7e-m+fp/hard/libg_nano.a(lib_a-exit.o)
                              /home/gaosheng/gcc-arm-none-eabi-10.3-2021.07/bin/../lib/gcc/arm-none-eabi/10.3.1/../../../../arm-none-eabi/lib/thumb/v7e-m+fp/hard/crt0.o (exit)
/home/gaosheng/gcc-arm-none-eabi-10.3-2021.07/bin/../lib/gcc/arm-none-eabi/10.3.1/../../../../arm-none-eabi/lib/thumb/v7e-m+fp/hard/libg_nano.a(lib_a-impure.o)
                              /home/gaosheng/gcc-arm-none-eabi-10.3-2021.07/bin/../lib/gcc/arm-none-eabi/10.3.1/../../../../arm-none-eabi/lib/thumb/v7e-m+fp/hard/libg_nano.a(lib_a-exit.o) (_global_impure_ptr)
/home/gaosheng/gcc-arm-none-eabi-10.3-2021.07/bin/../lib/gcc/arm-none-eabi/10.3.1/../../../../arm-none-eabi/lib/thumb/v7e-m+fp/hard/libg_nano.a(lib_a-init.o)
                              /home/gaosheng/gcc-arm-none-eabi-10.3-2021.07/bin/../lib/gcc/arm-none-eabi/10.3.1/../../../../arm-none-eabi/lib/thumb/v7e-m+fp/hard/crt0.o (__libc_init_array)
/home/gaosheng/gcc-arm-none-eabi-10.3-2021.07/bin/../lib/gcc/arm-none-eabi/10.3.1/../../../../arm-none-eabi/lib/thumb/v7e-m+fp/hard/libg_nano.a(lib_a-malloc.o)
                              examples/beaconing/CMakeFiles/beaconing_nrf52840_xxAA_s140_7.2.0.dir/src/main.c.obj (malloc)
/home/gaosheng/gcc-arm-none-eabi-10.3-2021.07/bin/../lib/gcc/arm-none-eabi/10.3.1/../../../../arm-none-eabi/lib/thumb/v7e-m+fp/hard/libg_nano.a(lib_a-memcmp.o)
                              examples/beaconing/CMakeFiles/beaconing_nrf52840_xxAA_s140_7.2.0.dir/home/gaosheng/mesh/myic/myic/nRF5_SDK_17.0.2_d674dde/components/ble/common/ble_advdata.c.obj (memcmp)
/home/gaosheng/gcc-arm-none-eabi-10.3-2021.07/bin/../lib/gcc/arm-none-eabi/10.3.1/../../../../arm-none-eabi/lib/thumb/v7e-m+fp/hard/libg_nano.a(lib_a-memcpy-stub.o)
                              examples/beaconing/CMakeFiles/beaconing_nrf52840_xxAA_s140_7.2.0.dir/src/main.c.obj (memcpy)
/home/gaosheng/gcc-arm-none-eabi-10.3-2021.07/bin/../lib/gcc/arm-none-eabi/10.3.1/../../../../arm-none-eabi/lib/thumb/v7e-m+fp/hard/libg_nano.a(lib_a-memset.o)
                              /home/gaosheng/gcc-arm-none-eabi-10.3-2021.07/bin/../lib/gcc/arm-none-eabi/10.3.1/../../../../arm-none-eabi/lib/thumb/v7e-m+fp/hard/crt0.o (memset)
/home/gaosheng/gcc-arm-none-eabi-10.3-2021.07/bin/../lib/gcc/arm-none-eabi/10.3.1/../../../../arm-none-eabi/lib/thumb/v7e-m+fp/hard/libg_nano.a(lib_a-nano-callocr.o)
                              /home/gaosheng/gcc-arm-none-eabi-10.3-2021.07/bin/../lib/gcc/arm-none-eabi/10.3.1/../../../../arm-none-eabi/lib/thumb/v7e-m+fp/hard/libg_nano.a(lib_a-calloc.o) (_calloc_r)
[...]
Memory Configuration

Name             Origin             Length             Attributes
FLASH            0x0000000000027000 0x00000000000d0000 xr
RAM              0x0000000020002e00 0x000000000003cf00 xrw
*default*        0x0000000000000000 0xffffffffffffffff

Linker script and memory map


.text           0x0000000000027000    0x1f608
 *(.isr_vector)
 .isr_vector    0x0000000000027000      0x200 examples/beaconing/CMakeFiles/beaconing_nrf52840_xxAA_s140_7.2.0.dir/home/gaosheng/mesh/myic/myic/nRF5_SDK_17.0.2_d674dde/modules/nrfx/mdk/gcc_startup_nrf52840.S.obj
                0x0000000000027000                __isr_vector
 *(.text*)
 .text          0x0000000000027200       0x40 /home/gaosheng/gcc-arm-none-eabi-10.3-2021.07/bin/../lib/gcc/arm-none-eabi/10.3.1/thumb/v7e-m+fp/hard/crtbegin.o
 .text          0x0000000000027240       0x7c /home/gaosheng/gcc-arm-none-eabi-10.3-2021.07/bin/../lib/gcc/arm-none-eabi/10.3.1/../../../../arm-none-eabi/lib/thumb/v7e-m+fp/hard/crt0.o
                0x0000000000027240                _stack_init
                0x0000000000027248                _mainCRTStartup
                0x0000000000027248                _start
 .text.rx_cb    0x00000000000272bc      0x344 examples/beaconing/CMakeFiles/beaconing_nrf52840_xxAA_s140_7.2.0.dir/src/main.c.obj
 .text.config_server_evt_cb
                0x0000000000027600       0x88 examples/beaconing/CMakeFiles/beaconing_nrf52840_xxAA_s140_7.2.0.dir/src/main.c.obj
 .text.get_if_terCurrentAdvertiser
                0x0000000000027688        0xc examples/beaconing/CMakeFiles/beaconing_nrf52840_xxAA_s140_7.2.0.dir/src/main.c.obj
                0x0000000000027688                get_if_terCurrentAdvertiser
 .text.set_if_terCurrentAdvertiser
                0x0000000000027694        0xc examples/beaconing/CMakeFiles/beaconing_nrf52840_xxAA_s140_7.2.0.dir/src/main.c.obj
                0x0000000000027694                set_if_terCurrentAdvertiser
 .text.send_datagram_start
                0x00000000000276a0      0x14c examples/beaconing/CMakeFiles/beaconing_nrf52840_xxAA_s140_7.2.0.dir/src/main.c.obj
                0x00000000000276a0                send_datagram_start
 .text.startup.main
                0x00000000000277ec      0x1c0 examples/beaconing/CMakeFiles/beaconing_nrf52840_xxAA_s140_7.2.0.dir/src/main.c.obj
                0x00000000000277ec                main
 .text.sd_app_evt_wait
                0x00000000000279ac        0x4 examples/beaconing/CMakeFiles/beaconing_nrf52840_xxAA_s140_7.2.0.dir/src/spis.c.obj
 .text.check_completeness.part.0
                0x00000000000279b0      0x318 examples/beaconing/CMakeFiles/beaconing_nrf52840_xxAA_s140_7.2.0.dir/src/spis.c.obj
 .text.spis_event_handler
                0x0000000000027cc8      0x200 examples/beaconing/CMakeFiles/beaconing_nrf52840_xxAA_s140_7.2.0.dir/src/spis.c.obj
                0x0000000000027cc8                spis_event_handler
 .text.spis_start
                0x0000000000027ec8      0x2e0 examples/beaconing/CMakeFiles/beaconing_nrf52840_xxAA_s140_7.2.0.dir/src/spis.c.obj
                0x0000000000027ec8                spis_start
 .text.receiveData_sendout
                0x00000000000281a8       0x7c examples/beaconing/CMakeFiles/beaconing_nrf52840_xxAA_s140_7.2.0.dir/src/m2s.c.obj
                0x00000000000281a8                receiveData_sendout
 .text.getData_sendout
                0x0000000000028224        0xc examples/beaconing/CMakeFiles/beaconing_nrf52840_xxAA_s140_7.2.0.dir/src/m2s.c.obj
                0x0000000000028224                getData_sendout
 .text.set_transData
                0x0000000000028230       0x5c examples/beaconing/CMakeFiles/beaconing_nrf52840_xxAA_s140_7.2.0.dir/src/s2m.c.obj
                0x0000000000028230                set_transData
 .text.crcInit  0x000000000002828c       0xc8 examples/beaconing/CMakeFiles/beaconing_nrf52840_xxAA_s140_7.2.0.dir/src/crc.c.obj
                0x000000000002828c                crcInit
 .text.crcFast  0x0000000000028354      0x188 examples/beaconing/CMakeFiles/beaconing_nrf52840_xxAA_s140_7.2.0.dir/src/crc.c.obj
                0x0000000000028354                crcFast
 .text.spis_setfrom_slave
                0x00000000000284dc        0xc examples/beaconing/CMakeFiles/beaconing_nrf52840_xxAA_s140_7.2.0.dir/src/spis_data.c.obj
                0x00000000000284dc                spis_setfrom_slave
 .text.spis_getfrom_slave
                0x00000000000284e8       0x10 examples/beaconing/CMakeFiles/beaconing_nrf52840_xxAA_s140_7.2.0.dir/src/spis_data.c.obj
                0x00000000000284e8                spis_getfrom_slave
 .text.mesh_evt_handler
                0x00000000000284f8       0x1c examples/beaconing/CMakeFiles/beaconing_nrf52840_xxAA_s140_7.2.0.dir/__/__/mesh/stack/src/mesh_stack.c.obj
 .text.load_monitor
                0x0000000000028514       0x1c examples/beaconing/CMakeFiles/beaconing_nrf52840_xxAA_s140_7.2.0.dir/__/__/mesh/stack/src/mesh_stack.c.obj
 .text.mesh_stack_init
                0x0000000000028530       0xb0 examples/beaconing/CMakeFiles/beaconing_nrf52840_xxAA_s140_7.2.0.dir/__/__/mesh/stack/src/mesh_stack.c.obj
                0x0000000000028530                mesh_stack_init
 .text.mesh_stack_start
                0x00000000000285e0        0x4 examples/beaconing/CMakeFiles/beaconing_nrf52840_xxAA_s140_7.2.0.dir/__/__/mesh/stack/src/mesh_stack.c.obj
                0x00000000000285e0                mesh_stack_start
 .text.mesh_stack_config_clear
                0x00000000000285e4       0x1c examples/beaconing/CMakeFiles/beaconing_nrf52840_xxAA_s140_7.2.0.dir/__/__/mesh/stack/src/mesh_stack.c.obj
                0x00000000000285e4                mesh_stack_config_clear
 .text.mesh_stack_device_reset
                0x0000000000028600       0x20 examples/beaconing/CMakeFiles/beaconing_nrf52840_xxAA_s140_7.2.0.dir/__/__/mesh/stack/src/mesh_stack.c.obj
                0x0000000000028600                mesh_stack_device_reset
 .text.led_timeout_handler
                0x0000000000028620       0xbc examples/beaconing/CMakeFiles/beaconing_nrf52840_xxAA_s140_7.2.0.dir/__/common/src/simple_hal.c.obj
 .text.hal_led_blink_ms
                0x00000000000286dc       0xd8 examples/beaconing/CMakeFiles/beaconing_nrf52840_xxAA_s140_7.2.0.dir/__/common/src/simple_hal.c.obj
                0x00000000000286dc                hal_led_blink_ms
 .text.hal_leds_init
                0x00000000000287b4       0x68 examples/beaconing/CMakeFiles/beaconing_nrf52840_xxAA_s140_7.2.0.dir/__/common/src/simple_hal.c.obj
                0x00000000000287b4                hal_leds_init
 .text.nrfx_gpiote_init
                0x000000000002881c       0xb4 examples/beaconing/CMakeFiles/beaconing_nrf52840_xxAA_s140_7.2.0.dir/home/gaosheng/mesh/myic/myic/nRF5_SDK_17.0.2_d674dde/modules/nrfx/drivers/src/nrfx_gpiote.c.obj
                0x000000000002881c                nrfx_gpiote_init
 .text.nrfx_gpiote_is_init
                0x00000000000288d0       0x14 examples/beaconing/CMakeFiles/beaconing_nrf52840_xxAA_s140_7.2.0.dir/home/gaosheng/mesh/myic/myic/nRF5_SDK_17.0.2_d674dde/modules/nrfx/drivers/src/nrfx_gpiote.c.obj
                0x00000000000288d0                nrfx_gpiote_is_init
 .text.nrfx_gpiote_out_init
                0x00000000000288e4      0x140 examples/beaconing/CMakeFiles/beaconing_nrf52840_xxAA_s140_7.2.0.dir/home/gaosheng/mesh/myic/myic/nRF5_SDK_17.0.2_d674dde/modules/nrfx/drivers/src/nrfx_gpiote.c.obj
                0x00000000000288e4                nrfx_gpiote_out_init
 .text.nrfx_gpiote_out_set
                0x0000000000028a24       0x20 examples/beaconing/CMakeFiles/beaconing_nrf52840_xxAA_s140_7.2.0.dir/home/gaosheng/mesh/myic/myic/nRF5_SDK_17.0.2_d674dde/modules/nrfx/drivers/src/nrfx_gpiote.c.obj
                0x0000000000028a24                nrfx_gpiote_out_set
 .text.nrfx_gpiote_out_clear
                0x0000000000028a44       0x20 examples/beaconing/CMakeFiles/beaconing_nrf52840_xxAA_s140_7.2.0.dir/home/gaosheng/mesh/myic/myic/nRF5_SDK_17.0.2_d674dde/modules/nrfx/drivers/src/nrfx_gpiote.c.obj
                0x0000000000028a44                nrfx_gpiote_out_clear
 .text.GPIOTE_IRQHandler
                0x0000000000028a64      0x510 examples/beaconing/CMakeFiles/beaconing_nrf52840_xxAA_s140_7.2.0.dir/home/gaosheng/mesh/myic/myic/nRF5_SDK_17.0.2_d674dde/modules/nrfx/drivers/src/nrfx_gpiote.c.obj
                0x0000000000028a64                GPIOTE_IRQHandler
 .text.bsp_board_led_invert
                0x0000000000028f74       0x34 examples/beaconing/CMakeFiles/beaconing_nrf52840_xxAA_s140_7.2.0.dir/home/gaosheng/mesh/myic/myic/nRF5_SDK_17.0.2_d674dde/components/boards/boards.c.obj
                0x0000000000028f74                bsp_board_led_invert
 .text.spis_event_handler
                0x0000000000028fa8       0x10 examples/beaconing/CMakeFiles/beaconing_nrf52840_xxAA_s140_7.2.0.dir/home/gaosheng/mesh/myic/myic/nRF5_SDK_17.0.2_d674dde/integration/nrfx/legacy/nrf_drv_spis.c.obj
 .text.nrf_drv_spis_init
                0x0000000000028fb8       0x1c examples/beaconing/CMakeFiles/beaconing_nrf52840_xxAA_s140_7.2.0.dir/home/gaosheng/mesh/myic/myic/nRF5_SDK_17.0.2_d674dde/integration/nrfx/legacy/nrf_drv_spis.c.obj
                0x0000000000028fb8                nrf_drv_spis_init
 .text.nrfx_spis_init
                0x0000000000028fd4      0x208 examples/beaconing/CMakeFiles/beaconing_nrf52840_xxAA_s140_7.2.0.dir/home/gaosheng/mesh/myic/myic/nRF5_SDK_17.0.2_d674dde/modules/nrfx/drivers/src/nrfx_spis.c.obj
                0x0000000000028fd4                nrfx_spis_init
 .text.nrfx_spis_buffers_set
                0x00000000000291dc      0x17c examples/beaconing/CMakeFiles/beaconing_nrf52840_xxAA_s140_7.2.0.dir/home/gaosheng/mesh/myic/myic/nRF5_SDK_17.0.2_d674dde/modules/nrfx/drivers/src/nrfx_spis.c.obj
                0x00000000000291dc                nrfx_spis_buffers_set
 .text.SPIM0_SPIS0_TWIM0_TWIS0_SPI0_TWI0_IRQHandler
                0x0000000000029358       0xf8 examples/beaconing/CMakeFiles/beaconing_nrf52840_xxAA_s140_7.2.0.dir/home/gaosheng/mesh/myic/myic/nRF5_SDK_17.0.2_d674dde/modules/nrfx/drivers/src/nrfx_spis.c.obj
                0x0000000000029358                SPIM0_SPIS0_TWIM0_TWIS0_SPI0_TWI0_IRQHandler
 .text.SPIM1_SPIS1_TWIM1_TWIS1_SPI1_TWI1_IRQHandler
                0x0000000000029450      0x104 examples/beaconing/CMakeFiles/beaconing_nrf52840_xxAA_s140_7.2.0.dir/home/gaosheng/mesh/myic/myic/nRF5_SDK_17.0.2_d674dde/modules/nrfx/drivers/src/nrfx_spis.c.obj
                0x0000000000029450                SPIM1_SPIS1_TWIM1_TWIS1_SPI1_TWI1_IRQHandler
 .text.SPIM2_SPIS2_SPI2_IRQHandler
                0x0000000000029554      0x104 examples/beaconing/CMakeFiles/beaconing_nrf52840_xxAA_s140_7.2.0.dir/home/gaosheng/mesh/myic/myic/nRF5_SDK_17.0.2_d674dde/modules/nrfx/drivers/src/nrfx_spis.c.obj
                0x0000000000029554                SPIM2_SPIS2_SPI2_IRQHandler
 .text.sd_ble_enable
                0x0000000000029658        0x4 examples/beaconing/CMakeFiles/beaconing_nrf52840_xxAA_s140_7.2.0.dir/__/common/src/ble_softdevice_support.c.obj
 .text.sd_ble_cfg_set
                0x000000000002965c        0x4 examples/beaconing/CMakeFiles/beaconing_nrf52840_xxAA_s140_7.2.0.dir/__/common/src/ble_softdevice_support.c.obj
 .text.on_sd_evt
                0x0000000000029660        0x4 examples/beaconing/CMakeFiles/beaconing_nrf52840_xxAA_s140_7.2.0.dir/__/common/src/ble_softdevice_support.c.obj
 .text.ble_stack_init
                0x0000000000029664       0xf0 examples/beaconing/CMakeFiles/beaconing_nrf52840_xxAA_s140_7.2.0.dir/__/common/src/ble_softdevice_support.c.obj
                0x0000000000029664                ble_stack_init
 .text.app_util_critical_region_enter
                0x0000000000029754       0x4c examples/beaconing/CMakeFiles/beaconing_nrf52840_xxAA_s140_7.2.0.dir/home/gaosheng/mesh/myic/myic/nRF5_SDK_17.0.2_d674dde/components/libraries/util/app_util_platform.c.obj
                0x0000000000029754                app_util_critical_region_enter
 .text.app_util_critical_region_exit
                0x00000000000297a0       0x30 examples/beaconing/CMakeFiles/beaconing_nrf52840_xxAA_s140_7.2.0.dir/home/gaosheng/mesh/myic/myic/nRF5_SDK_17.0.2_d674dde/components/libraries/util/app_util_platform.c.obj
                0x00000000000297a0                app_util_critical_region_exit
 .text.nrf_section_iter_init
                0x00000000000297d0       0x14 examples/beaconing/CMakeFiles/beaconing_nrf52840_xxAA_s140_7.2.0.dir/home/gaosheng/mesh/myic/myic/nRF5_SDK_17.0.2_d674dde/components/libraries/experimental_section_vars/nrf_section_iter.c.obj
                0x00000000000297d0                nrf_section_iter_init
 .text.nrf_section_iter_next
                0x00000000000297e4       0x18 examples/beaconing/CMakeFiles/beaconing_nrf52840_xxAA_s140_7.2.0.dir/home/gaosheng/mesh/myic/myic/nRF5_SDK_17.0.2_d674dde/components/libraries/experimental_section_vars/nrf_section_iter.c.obj
                0x00000000000297e4                nrf_section_iter_next
 .text.sd_evt_get
                0x00000000000297fc        0x4 examples/beaconing/CMakeFiles/beaconing_nrf52840_xxAA_s140_7.2.0.dir/home/gaosheng/mesh/myic/myic/nRF5_SDK_17.0.2_d674dde/components/softdevice/common/nrf_sdh_soc.c.obj
 .text.nrf_sdh_soc_evts_poll
                0x0000000000029800       0x50 examples/beaconing/CMakeFiles/beaconing_nrf52840_xxAA_s140_7.2.0.dir/home/gaosheng/mesh/myic/myic/nRF5_SDK_17.0.2_d674dde/components/softdevice/common/nrf_sdh_soc.c.obj
 .text.sd_ble_evt_get
                0x0000000000029850        0x4 examples/beaconing/CMakeFiles/beaconing_nrf52840_xxAA_s140_7.2.0.dir/home/gaosheng/mesh/myic/myic/nRF5_SDK_17.0.2_d674dde/components/softdevice/common/nrf_sdh_ble.c.obj
 .text.nrf_sdh_ble_evts_poll
                0x0000000000029854       0x60 examples/beaconing/CMakeFiles/beaconing_nrf52840_xxAA_s140_7.2.0.dir/home/gaosheng/mesh/myic/myic/nRF5_SDK_17.0.2_d674dde/components/softdevice/common/nrf_sdh_ble.c.obj
 .text.sd_softdevice_enable
                0x00000000000298b4        0x4 examples/beaconing/CMakeFiles/beaconing_nrf52840_xxAA_s140_7.2.0.dir/home/gaosheng/mesh/myic/myic/nRF5_SDK_17.0.2_d674dde/components/softdevice/common/nrf_sdh.c.obj
 .text.nrf_sdh_enable_request
                0x00000000000298b8      0x11c examples/beaconing/CMakeFiles/beaconing_nrf52840_xxAA_s140_7.2.0.dir/home/gaosheng/mesh/myic/myic/nRF5_SDK_17.0.2_d674dde/components/softdevice/common/nrf_sdh.c.obj
                0x00000000000298b8                nrf_sdh_enable_request
 .text.SWI2_EGU2_IRQHandler
                0x00000000000299d4       0x2c examples/beaconing/CMakeFiles/beaconing_nrf52840_xxAA_s140_7.2.0.dir/home/gaosheng/mesh/myic/myic/nRF5_SDK_17.0.2_d674dde/components/softdevice/common/nrf_sdh.c.obj
                0x00000000000299d4                SWI2_EGU2_IRQHandler
 .text.add_to_publication_list
                0x0000000000029a00       0x80 examples/beaconing/CMakeFiles/beaconing_nrf52840_xxAA_s140_7.2.0.dir/__/__/mesh/access/src/access_publish.c.obj
 .text.schedule_publication_timer
                0x0000000000029a80      0x210 examples/beaconing/CMakeFiles/beaconing_nrf52840_xxAA_s140_7.2.0.dir/__/__/mesh/access/src/access_publish.c.obj
 .text.publish_timer_tick
                0x0000000000029c90       0xcc examples/beaconing/CMakeFiles/beaconing_nrf52840_xxAA_s140_7.2.0.dir/__/__/mesh/access/src/access_publish.c.obj
 .text.access_publish_init
                0x0000000000029d5c       0x38 examples/beaconing/CMakeFiles/beaconing_nrf52840_xxAA_s140_7.2.0.dir/__/__/mesh/access/src/access_publish.c.obj
                0x0000000000029d5c                access_publish_init
 .text.access_publish_clear
                0x0000000000029d94       0x44 examples/beaconing/CMakeFiles/beaconing_nrf52840_xxAA_s140_7.2.0.dir/__/__/mesh/access/src/access_publish.c.obj
                0x0000000000029d94                access_publish_clear
 .text.access_publish_period_set
                0x0000000000029dd8       0xa0 examples/beaconing/CMakeFiles/beaconing_nrf52840_xxAA_s140_7.2.0.dir/__/__/mesh/access/src/access_publish.c.obj
                0x0000000000029dd8                access_publish_period_set
 .text.retransmissions_timer_cb
                0x0000000000029e78      0x230 examples/beaconing/CMakeFiles/beaconing_nrf52840_xxAA_s140_7.2.0.dir/__/__/mesh/access/src/access_publish_retransmission.c.obj
 .text.access_publish_retransmission_init
                0x000000000002a0a8       0x24 examples/beaconing/CMakeFiles/beaconing_nrf52840_xxAA_s140_7.2.0.dir/__/__/mesh/access/src/access_publish_retransmission.c.obj
                0x000000000002a0a8                access_publish_retransmission_init
 .text.access_publish_retransmission_message_add
                0x000000000002a0cc      0x1b0 examples/beaconing/CMakeFiles/beaconing_nrf52840_xxAA_s140_7.2.0.dir/__/__/mesh/access/src/access_publish_retransmission.c.obj
                0x000000000002a0cc                access_publish_retransmission_message_add
 .text.subscriptions_setter
                0x000000000002a27c       0x4c examples/beaconing/CMakeFiles/beaconing_nrf52840_xxAA_s140_7.2.0.dir/__/__/mesh/access/src/access.c.obj
 .text.default_ttl_setter
                0x000000000002a2c8       0x20 examples/beaconing/CMakeFiles/beaconing_nrf52840_xxAA_s140_7.2.0.dir/__/__/mesh/access/src/access.c.obj
 .text.access_metadata_getter
                0x000000000002a2e8       0x24 examples/beaconing/CMakeFiles/beaconing_nrf52840_xxAA_s140_7.2.0.dir/__/__/mesh/access/src/access.c.obj
 .text.access_metadata_setter
                0x000000000002a30c       0x40 examples/beaconing/CMakeFiles/beaconing_nrf52840_xxAA_s140_7.2.0.dir/__/__/mesh/access/src/access.c.obj
 .text.subscriptions_getter
                0x000000000002a34c       0x30 examples/beaconing/CMakeFiles/beaconing_nrf52840_xxAA_s140_7.2.0.dir/__/__/mesh/access/src/access.c.obj
 .text.default_ttl_getter
                0x000000000002a37c       0x24 examples/beaconing/CMakeFiles/beaconing_nrf52840_xxAA_s140_7.2.0.dir/__/__/mesh/access/src/access.c.obj
 .text.elements_getter
                0x000000000002a3a0       0x38 examples/beaconing/CMakeFiles/beaconing_nrf52840_xxAA_s140_7.2.0.dir/__/__/mesh/access/src/access.c.obj
 .text.models_getter
                0x000000000002a3d8       0x38 examples/beaconing/CMakeFiles/beaconing_nrf52840_xxAA_s140_7.2.0.dir/__/__/mesh/access/src/access.c.obj
 .text.models_setter
                0x000000000002a410       0x80 examples/beaconing/CMakeFiles/beaconing_nrf52840_xxAA_s140_7.2.0.dir/__/__/mesh/access/src/access.c.obj
 .text.packet_tx
                0x000000000002a490      0x25c examples/beaconing/CMakeFiles/beaconing_nrf52840_xxAA_s140_7.2.0.dir/__/__/mesh/access/src/access.c.obj
 .text.elements_setter
                0x000000000002a6ec       0x44 examples/beaconing/CMakeFiles/beaconing_nrf52840_xxAA_s140_7.2.0.dir/__/__/mesh/access/src/access.c.obj
 .text.access_publish_timing_update
                0x000000000002a730       0xe0 examples/beaconing/CMakeFiles/beaconing_nrf52840_xxAA_s140_7.2.0.dir/__/__/mesh/access/src/access.c.obj
 .text.access_load_config_apply
                0x000000000002a810      0x304 examples/beaconing/CMakeFiles/beaconing_nrf52840_xxAA_s140_7.2.0.dir/__/__/mesh/access/src/access.c.obj
                0x000000000002a810                access_load_config_apply
 .text.access_incoming_handle
                0x000000000002ab14      0x200 examples/beaconing/CMakeFiles/beaconing_nrf52840_xxAA_s140_7.2.0.dir/__/__/mesh/access/src/access.c.obj
                0x000000000002ab14                access_incoming_handle
 .text.mesh_msg_handle
                0x000000000002ad14      0x218 examples/beaconing/CMakeFiles/beaconing_nrf52840_xxAA_s140_7.2.0.dir/__/__/mesh/access/src/access.c.obj
 .text.mesh_evt_cb
                0x000000000002af2c       0x28 examples/beaconing/CMakeFiles/beaconing_nrf52840_xxAA_s140_7.2.0.dir/__/__/mesh/access/src/access.c.obj
 .text.access_packet_tx
                0x000000000002af54       0xa4 examples/beaconing/CMakeFiles/beaconing_nrf52840_xxAA_s140_7.2.0.dir/__/__/mesh/access/src/access.c.obj
                0x000000000002af54                access_packet_tx
 .text.access_clear
                0x000000000002aff8       0x74 examples/beaconing/CMakeFiles/beaconing_nrf52840_xxAA_s140_7.2.0.dir/__/__/mesh/access/src/access.c.obj
                0x000000000002aff8                access_clear
 .text.access_init
                0x000000000002b06c       0x80 examples/beaconing/CMakeFiles/beaconing_nrf52840_xxAA_s140_7.2.0.dir/__/__/mesh/access/src/access.c.obj
                0x000000000002b06c                access_init
 .text.access_model_add
                0x000000000002b0ec      0x29c examples/beaconing/CMakeFiles/beaconing_nrf52840_xxAA_s140_7.2.0.dir/__/__/mesh/access/src/access.c.obj
                0x000000000002b0ec                access_model_add
 .text.access_model_publish
                0x000000000002b388      0x138 examples/beaconing/CMakeFiles/beaconing_nrf52840_xxAA_s140_7.2.0.dir/__/__/mesh/access/src/access.c.obj
                0x000000000002b388                access_model_publish
 .text.access_model_reply
                0x000000000002b4c0      0x100 examples/beaconing/CMakeFiles/beaconing_nrf52840_xxAA_s140_7.2.0.dir/__/__/mesh/access/src/access.c.obj
                0x000000000002b4c0                access_model_reply
 .text.access_model_publish_address_set
                0x000000000002b5c0       0x7c examples/beaconing/CMakeFiles/beaconing_nrf52840_xxAA_s140_7.2.0.dir/__/__/mesh/access/src/access.c.obj
                0x000000000002b5c0                access_model_publish_address_set
 .text.access_model_publish_address_get
                0x000000000002b63c       0x2c examples/beaconing/CMakeFiles/beaconing_nrf52840_xxAA_s140_7.2.0.dir/__/__/mesh/access/src/access.c.obj
                0x000000000002b63c                access_model_publish_address_get
 .text.access_model_publish_retransmit_set
                0x000000000002b668       0x94 examples/beaconing/CMakeFiles/beaconing_nrf52840_xxAA_s140_7.2.0.dir/__/__/mesh/access/src/access.c.obj
                0x000000000002b668                access_model_publish_retransmit_set
 .text.access_model_publish_retransmit_get
                0x000000000002b6fc       0x2c examples/beaconing/CMakeFiles/beaconing_nrf52840_xxAA_s140_7.2.0.dir/__/__/mesh/access/src/access.c.obj
                0x000000000002b6fc                access_model_publish_retransmit_get
 .text.access_model_publish_period_divisor_set
                0x000000000002b728       0x3c examples/beaconing/CMakeFiles/beaconing_nrf52840_xxAA_s140_7.2.0.dir/__/__/mesh/access/src/access.c.obj
                0x000000000002b728                access_model_publish_period_divisor_set
 .text.access_model_publish_period_set
                0x000000000002b764       0xb0 examples/beaconing/CMakeFiles/beaconing_nrf52840_xxAA_s140_7.2.0.dir/__/__/mesh/access/src/access.c.obj
                0x000000000002b764                access_model_publish_period_set
 .text.access_model_publish_period_get
                0x000000000002b814       0x48 examples/beaconing/CMakeFiles/beaconing_nrf52840_xxAA_s140_7.2.0.dir/__/__/mesh/access/src/access.c.obj
                0x000000000002b814                access_model_publish_period_get
 .text.access_model_subscription_list_alloc
                0x000000000002b85c      0x100 examples/beaconing/CMakeFiles/beaconing_nrf52840_xxAA_s140_7.2.0.dir/__/__/mesh/access/src/access.c.obj
                0x000000000002b85c                access_model_subscription_list_alloc
 .text.access_model_subscription_add
                0x000000000002b95c       0xa4 examples/beaconing/CMakeFiles/beaconing_nrf52840_xxAA_s140_7.2.0.dir/__/__/mesh/access/src/access.c.obj
                0x000000000002b95c                access_model_subscription_add
 .text.access_model_subscription_remove
                0x000000000002ba00       0xa8 examples/beaconing/CMakeFiles/beaconing_nrf52840_xxAA_s140_7.2.0.dir/__/__/mesh/access/src/access.c.obj
                0x000000000002ba00                access_model_subscription_remove
 .text.access_model_subscriptions_get
                0x000000000002baa8       0x88 examples/beaconing/CMakeFiles/beaconing_nrf52840_xxAA_s140_7.2.0.dir/__/__/mesh/access/src/access.c.obj
                0x000000000002baa8                access_model_subscriptions_get
 .text.access_model_application_bind
                0x000000000002bb30       0x90 examples/beaconing/CMakeFiles/beaconing_nrf52840_xxAA_s140_7.2.0.dir/__/__/mesh/access/src/access.c.obj
                0x000000000002bb30                access_model_application_bind
 .text.access_model_application_unbind
                0x000000000002bbc0       0x9c examples/beaconing/CMakeFiles/beaconing_nrf52840_xxAA_s140_7.2.0.dir/__/__/mesh/access/src/access.c.obj
                0x000000000002bbc0                access_model_application_unbind
 .text.access_model_applications_get
                0x000000000002bc5c      0x144 examples/beaconing/CMakeFiles/beaconing_nrf52840_xxAA_s140_7.2.0.dir/__/__/mesh/access/src/access.c.obj
                0x000000000002bc5c                access_model_applications_get
 .text.access_model_publish_application_set
                0x000000000002bda0       0x7c examples/beaconing/CMakeFiles/beaconing_nrf52840_xxAA_s140_7.2.0.dir/__/__/mesh/access/src/access.c.obj
                0x000000000002bda0                access_model_publish_application_set
 .text.access_model_publish_application_get
                0x000000000002be1c       0x2c examples/beaconing/CMakeFiles/beaconing_nrf52840_xxAA_s140_7.2.0.dir/__/__/mesh/access/src/access.c.obj
                0x000000000002be1c                access_model_publish_application_get
 .text.access_default_ttl_set
                0x000000000002be48       0x2c examples/beaconing/CMakeFiles/beaconing_nrf52840_xxAA_s140_7.2.0.dir/__/__/mesh/access/src/access.c.obj
                0x000000000002be48                access_default_ttl_set
 .text.access_default_ttl_get
                0x000000000002be74        0xc examples/beaconing/CMakeFiles/beaconing_nrf52840_xxAA_s140_7.2.0.dir/__/__/mesh/access/src/access.c.obj
                0x000000000002be74                access_default_ttl_get
 .text.access_model_publish_friendship_credential_flag_get
                0x000000000002be80       0x2c examples/beaconing/CMakeFiles/beaconing_nrf52840_xxAA_s140_7.2.0.dir/__/__/mesh/access/src/access.c.obj
                0x000000000002be80                access_model_publish_friendship_credential_flag_get
 .text.access_model_publish_ttl_set
                0x000000000002beac       0x80 examples/beaconing/CMakeFiles/beaconing_nrf52840_xxAA_s140_7.2.0.dir/__/__/mesh/access/src/access.c.obj
                0x000000000002beac                access_model_publish_ttl_set
 .text.access_model_publish_ttl_get
                0x000000000002bf2c       0x2c examples/beaconing/CMakeFiles/beaconing_nrf52840_xxAA_s140_7.2.0.dir/__/__/mesh/access/src/access.c.obj
                0x000000000002bf2c                access_model_publish_ttl_get
 .text.access_element_location_get
                0x000000000002bf58       0x18 examples/beaconing/CMakeFiles/beaconing_nrf52840_xxAA_s140_7.2.0.dir/__/__/mesh/access/src/access.c.obj
                0x000000000002bf58                access_element_location_get
 .text.access_element_sig_model_count_get
                0x000000000002bf70       0x18 examples/beaconing/CMakeFiles/beaconing_nrf52840_xxAA_s140_7.2.0.dir/__/__/mesh/access/src/access.c.obj
                0x000000000002bf70                access_element_sig_model_count_get
 .text.access_element_vendor_model_count_get
                0x000000000002bf88       0x18 examples/beaconing/CMakeFiles/beaconing_nrf52840_xxAA_s140_7.2.0.dir/__/__/mesh/access/src/access.c.obj
                0x000000000002bf88                access_element_vendor_model_count_get
 .text.access_model_id_get
                0x000000000002bfa0       0x34 examples/beaconing/CMakeFiles/beaconing_nrf52840_xxAA_s140_7.2.0.dir/__/__/mesh/access/src/access.c.obj
                0x000000000002bfa0                access_model_id_get
 .text.access_handle_get
                0x000000000002bfd4       0x68 examples/beaconing/CMakeFiles/beaconing_nrf52840_xxAA_s140_7.2.0.dir/__/__/mesh/access/src/access.c.obj
                0x000000000002bfd4                access_handle_get
 .text.access_element_models_get
                0x000000000002c03c       0x5c examples/beaconing/CMakeFiles/beaconing_nrf52840_xxAA_s140_7.2.0.dir/__/__/mesh/access/src/access.c.obj
                0x000000000002c03c                access_element_models_get
 .text.access_model_p_args_get
                0x000000000002c098       0x2c examples/beaconing/CMakeFiles/beaconing_nrf52840_xxAA_s140_7.2.0.dir/__/__/mesh/access/src/access.c.obj
                0x000000000002c098                access_model_p_args_get
 .text.access_model_publication_stop
                0x000000000002c0c4       0x98 examples/beaconing/CMakeFiles/beaconing_nrf52840_xxAA_s140_7.2.0.dir/__/__/mesh/access/src/access.c.obj
                0x000000000002c0c4                access_model_publication_stop
 .text.access_model_publication_by_appkey_stop
                0x000000000002c15c       0x48 examples/beaconing/CMakeFiles/beaconing_nrf52840_xxAA_s140_7.2.0.dir/__/__/mesh/access/src/access.c.obj
                0x000000000002c15c                access_model_publication_by_appkey_stop
 .text.remove_and_reschedule
                0x000000000002c1a4       0xc8 examples/beaconing/CMakeFiles/beaconing_nrf52840_xxAA_s140_7.2.0.dir/__/__/mesh/access/src/access_reliable.c.obj
 .text.reliable_timer_cb
                0x000000000002c26c      0x298 examples/beaconing/CMakeFiles/beaconing_nrf52840_xxAA_s140_7.2.0.dir/__/__/mesh/access/src/access_reliable.c.obj
 .text.access_reliable_message_rx_cb
                0x000000000002c504       0x70 examples/beaconing/CMakeFiles/beaconing_nrf52840_xxAA_s140_7.2.0.dir/__/__/mesh/access/src/access_reliable.c.obj
                0x000000000002c504                access_reliable_message_rx_cb
 .text.access_reliable_init
                0x000000000002c574       0x28 examples/beaconing/CMakeFiles/beaconing_nrf52840_xxAA_s140_7.2.0.dir/__/__/mesh/access/src/access_reliable.c.obj
                0x000000000002c574                access_reliable_init
 .text.access_reliable_cancel_all
                0x000000000002c59c       0xac examples/beaconing/CMakeFiles/beaconing_nrf52840_xxAA_s140_7.2.0.dir/__/__/mesh/access/src/access_reliable.c.obj
                0x000000000002c59c                access_reliable_cancel_all
 .text.access_model_reliable_cancel
                0x000000000002c648       0x78 examples/beaconing/CMakeFiles/beaconing_nrf52840_xxAA_s140_7.2.0.dir/__/__/mesh/access/src/access_reliable.c.obj
                0x000000000002c648                access_model_reliable_cancel
 .text.dsm_nonvirtual_addr_setter
                0x000000000002c6c0       0x4c examples/beaconing/CMakeFiles/beaconing_nrf52840_xxAA_s140_7.2.0.dir/__/__/mesh/access/src/device_state_manager.c.obj
 .text.dsm_metadata_getter
                0x000000000002c70c       0x2c examples/beaconing/CMakeFiles/beaconing_nrf52840_xxAA_s140_7.2.0.dir/__/__/mesh/access/src/device_state_manager.c.obj
 .text.dsm_metadata_setter
                0x000000000002c738       0x4c examples/beaconing/CMakeFiles/beaconing_nrf52840_xxAA_s140_7.2.0.dir/__/__/mesh/access/src/device_state_manager.c.obj
 .text.dsm_nonvirtual_addr_getter
                0x000000000002c784       0x50 examples/beaconing/CMakeFiles/beaconing_nrf52840_xxAA_s140_7.2.0.dir/__/__/mesh/access/src/device_state_manager.c.obj
 .text.dsm_unicast_addr_getter
                0x000000000002c7d4       0x3c examples/beaconing/CMakeFiles/beaconing_nrf52840_xxAA_s140_7.2.0.dir/__/__/mesh/access/src/device_state_manager.c.obj
 .text.dsm_virtual_addr_getter
                0x000000000002c810       0x5c examples/beaconing/CMakeFiles/beaconing_nrf52840_xxAA_s140_7.2.0.dir/__/__/mesh/access/src/device_state_manager.c.obj
 .text.dsm_devkey_getter
                0x000000000002c86c       0x64 examples/beaconing/CMakeFiles/beaconing_nrf52840_xxAA_s140_7.2.0.dir/__/__/mesh/access/src/device_state_manager.c.obj
 .text.dsm_subnet_getter
                0x000000000002c8d0       0x8c examples/beaconing/CMakeFiles/beaconing_nrf52840_xxAA_s140_7.2.0.dir/__/__/mesh/access/src/device_state_manager.c.obj
 .text.dsm_appkey_getter
                0x000000000002c95c       0x88 examples/beaconing/CMakeFiles/beaconing_nrf52840_xxAA_s140_7.2.0.dir/__/__/mesh/access/src/device_state_manager.c.obj
 .text.subnet_set
                0x000000000002c9e4       0xb0 examples/beaconing/CMakeFiles/beaconing_nrf52840_xxAA_s140_7.2.0.dir/__/__/mesh/access/src/device_state_manager.c.obj
 .text.dsm_legacy_subnet_setter
                0x000000000002ca94       0x44 examples/beaconing/CMakeFiles/beaconing_nrf52840_xxAA_s140_7.2.0.dir/__/__/mesh/access/src/device_state_manager.c.obj
 .text.dsm_unicast_addr_setter
                0x000000000002cad8       0x58 examples/beaconing/CMakeFiles/beaconing_nrf52840_xxAA_s140_7.2.0.dir/__/__/mesh/access/src/device_state_manager.c.obj
 .text.dsm_subnet_setter
                0x000000000002cb30       0x80 examples/beaconing/CMakeFiles/beaconing_nrf52840_xxAA_s140_7.2.0.dir/__/__/mesh/access/src/device_state_manager.c.obj
 .text.dsm_devkey_setter
                0x000000000002cbb0       0x64 examples/beaconing/CMakeFiles/beaconing_nrf52840_xxAA_s140_7.2.0.dir/__/__/mesh/access/src/device_state_manager.c.obj
 .text.dsm_virtual_addr_setter
                0x000000000002cc14       0x8c examples/beaconing/CMakeFiles/beaconing_nrf52840_xxAA_s140_7.2.0.dir/__/__/mesh/access/src/device_state_manager.c.obj
 .text.dsm_legacy_appkey_setter
                0x000000000002cca0       0xf4 examples/beaconing/CMakeFiles/beaconing_nrf52840_xxAA_s140_7.2.0.dir/__/__/mesh/access/src/device_state_manager.c.obj
 .text.dsm_appkey_setter
                0x000000000002cd94       0xf4 examples/beaconing/CMakeFiles/beaconing_nrf52840_xxAA_s140_7.2.0.dir/__/__/mesh/access/src/device_state_manager.c.obj
 .text.address_delete_if_unused
                0x000000000002ce88       0xbc examples/beaconing/CMakeFiles/beaconing_nrf52840_xxAA_s140_7.2.0.dir/__/__/mesh/access/src/device_state_manager.c.obj
 .text.dsm_legacy_pretreatment_do
                0x000000000002cf44       0x34 examples/beaconing/CMakeFiles/beaconing_nrf52840_xxAA_s140_7.2.0.dir/__/__/mesh/access/src/device_state_manager.c.obj
                0x000000000002cf44                dsm_legacy_pretreatment_do
 .text.dsm_load_config_apply
                0x000000000002cf78      0x3d0 examples/beaconing/CMakeFiles/beaconing_nrf52840_xxAA_s140_7.2.0.dir/__/__/mesh/access/src/device_state_manager.c.obj
                0x000000000002cf78                dsm_load_config_apply
 .text.dsm_clear
                0x000000000002d348       0xc4 examples/beaconing/CMakeFiles/beaconing_nrf52840_xxAA_s140_7.2.0.dir/__/__/mesh/access/src/device_state_manager.c.obj
                0x000000000002d348                dsm_clear
 .text.dsm_init
                0x000000000002d40c       0x24 examples/beaconing/CMakeFiles/beaconing_nrf52840_xxAA_s140_7.2.0.dir/__/__/mesh/access/src/device_state_manager.c.obj
                0x000000000002d40c                dsm_init
 .text.dsm_local_unicast_addresses_get
                0x000000000002d430       0x20 examples/beaconing/CMakeFiles/beaconing_nrf52840_xxAA_s140_7.2.0.dir/__/__/mesh/access/src/device_state_manager.c.obj
                0x000000000002d430                dsm_local_unicast_addresses_get
 .text.dsm_address_publish_add
                0x000000000002d450      0x294 examples/beaconing/CMakeFiles/beaconing_nrf52840_xxAA_s140_7.2.0.dir/__/__/mesh/access/src/device_state_manager.c.obj
                0x000000000002d450                dsm_address_publish_add
 .text.dsm_address_publish_add_handle
                0x000000000002d6e4       0x64 examples/beaconing/CMakeFiles/beaconing_nrf52840_xxAA_s140_7.2.0.dir/__/__/mesh/access/src/device_state_manager.c.obj
                0x000000000002d6e4                dsm_address_publish_add_handle
 .text.dsm_address_publish_virtual_add
                0x000000000002d748      0x2dc examples/beaconing/CMakeFiles/beaconing_nrf52840_xxAA_s140_7.2.0.dir/__/__/mesh/access/src/device_state_manager.c.obj
                0x000000000002d748                dsm_address_publish_virtual_add
 .text.dsm_address_publish_remove
                0x000000000002da24       0xa8 examples/beaconing/CMakeFiles/beaconing_nrf52840_xxAA_s140_7.2.0.dir/__/__/mesh/access/src/device_state_manager.c.obj
                0x000000000002da24                dsm_address_publish_remove
 .text.dsm_address_subscription_add
                0x000000000002dacc      0x2ac examples/beaconing/CMakeFiles/beaconing_nrf52840_xxAA_s140_7.2.0.dir/__/__/mesh/access/src/device_state_manager.c.obj
                0x000000000002dacc                dsm_address_subscription_add
 .text.dsm_address_subscription_virtual_add
                0x000000000002dd78      0x2dc examples/beaconing/CMakeFiles/beaconing_nrf52840_xxAA_s140_7.2.0.dir/__/__/mesh/access/src/device_state_manager.c.obj
                0x000000000002dd78                dsm_address_subscription_virtual_add
 .text.dsm_address_subscription_add_handle
                0x000000000002e054       0x64 examples/beaconing/CMakeFiles/beaconing_nrf52840_xxAA_s140_7.2.0.dir/__/__/mesh/access/src/device_state_manager.c.obj
                0x000000000002e054                dsm_address_subscription_add_handle
 .text.dsm_address_subscription_remove
                0x000000000002e0b8       0x90 examples/beaconing/CMakeFiles/beaconing_nrf52840_xxAA_s140_7.2.0.dir/__/__/mesh/access/src/device_state_manager.c.obj
                0x000000000002e0b8                dsm_address_subscription_remove
 .text.dsm_address_get
                0x000000000002e148       0x74 examples/beaconing/CMakeFiles/beaconing_nrf52840_xxAA_s140_7.2.0.dir/__/__/mesh/access/src/device_state_manager.c.obj
                0x000000000002e148                dsm_address_get
 .text.dsm_address_handle_get
                0x000000000002e1bc      0x3a4 examples/beaconing/CMakeFiles/beaconing_nrf52840_xxAA_s140_7.2.0.dir/__/__/mesh/access/src/device_state_manager.c.obj
                0x000000000002e1bc                dsm_address_handle_get
 .text.dsm_net_key_index_to_subnet_handle
                0x000000000002e560       0x5c examples/beaconing/CMakeFiles/beaconing_nrf52840_xxAA_s140_7.2.0.dir/__/__/mesh/access/src/device_state_manager.c.obj
                0x000000000002e560                dsm_net_key_index_to_subnet_handle
 .text.dsm_subnet_handle_get
                0x000000000002e5bc       0xa4 examples/beaconing/CMakeFiles/beaconing_nrf52840_xxAA_s140_7.2.0.dir/__/__/mesh/access/src/device_state_manager.c.obj
                0x000000000002e5bc                dsm_subnet_handle_get
 .text.dsm_appkey_index_to_appkey_handle
                0x000000000002e660       0xa0 examples/beaconing/CMakeFiles/beaconing_nrf52840_xxAA_s140_7.2.0.dir/__/__/mesh/access/src/device_state_manager.c.obj
                0x000000000002e660                dsm_appkey_index_to_appkey_handle
 .text.dsm_appkey_handle_get
                0x000000000002e700       0xbc examples/beaconing/CMakeFiles/beaconing_nrf52840_xxAA_s140_7.2.0.dir/__/__/mesh/access/src/device_state_manager.c.obj
                0x000000000002e700                dsm_appkey_handle_get
 .text.dsm_appkey_handle_to_appkey_index
                0x000000000002e7bc       0x34 examples/beaconing/CMakeFiles/beaconing_nrf52840_xxAA_s140_7.2.0.dir/__/__/mesh/access/src/device_state_manager.c.obj
                0x000000000002e7bc                dsm_appkey_handle_to_appkey_index
 .text.dsm_appkey_handle_to_subnet_handle
                0x000000000002e7f0       0xb8 examples/beaconing/CMakeFiles/beaconing_nrf52840_xxAA_s140_7.2.0.dir/__/__/mesh/access/src/device_state_manager.c.obj
                0x000000000002e7f0                dsm_appkey_handle_to_subnet_handle
 .text.dsm_subnet_add
                0x000000000002e8a8      0x330 examples/beaconing/CMakeFiles/beaconing_nrf52840_xxAA_s140_7.2.0.dir/__/__/mesh/access/src/device_state_manager.c.obj
                0x000000000002e8a8                dsm_subnet_add
 .text.dsm_subnet_kr_phase_get
                0x000000000002ebd8       0x30 examples/beaconing/CMakeFiles/beaconing_nrf52840_xxAA_s140_7.2.0.dir/__/__/mesh/access/src/device_state_manager.c.obj
                0x000000000002ebd8                dsm_subnet_kr_phase_get
 .text.dsm_subnet_update
                0x000000000002ec08      0x108 examples/beaconing/CMakeFiles/beaconing_nrf52840_xxAA_s140_7.2.0.dir/__/__/mesh/access/src/device_state_manager.c.obj
                0x000000000002ec08                dsm_subnet_update
 .text.dsm_subnet_update_swap_keys
                0x000000000002ed10       0x8c examples/beaconing/CMakeFiles/beaconing_nrf52840_xxAA_s140_7.2.0.dir/__/__/mesh/access/src/device_state_manager.c.obj
                0x000000000002ed10                dsm_subnet_update_swap_keys
 .text.dsm_subnet_update_commit
                0x000000000002ed9c      0x15c examples/beaconing/CMakeFiles/beaconing_nrf52840_xxAA_s140_7.2.0.dir/__/__/mesh/access/src/device_state_manager.c.obj
                0x000000000002ed9c                dsm_subnet_update_commit
 .text.mesh_evt_handler
                0x000000000002eef8      0x10c examples/beaconing/CMakeFiles/beaconing_nrf52840_xxAA_s140_7.2.0.dir/__/__/mesh/access/src/device_state_manager.c.obj
 .text.dsm_subnet_delete
                0x000000000002f004      0x28c examples/beaconing/CMakeFiles/beaconing_nrf52840_xxAA_s140_7.2.0.dir/__/__/mesh/access/src/device_state_manager.c.obj
                0x000000000002f004                dsm_subnet_delete
 .text.dsm_subnet_get_all
                0x000000000002f290       0x8c examples/beaconing/CMakeFiles/beaconing_nrf52840_xxAA_s140_7.2.0.dir/__/__/mesh/access/src/device_state_manager.c.obj
                0x000000000002f290                dsm_subnet_get_all
 .text.dsm_appkey_add
                0x000000000002f31c      0x460 examples/beaconing/CMakeFiles/beaconing_nrf52840_xxAA_s140_7.2.0.dir/__/__/mesh/access/src/device_state_manager.c.obj
                0x000000000002f31c                dsm_appkey_add
 .text.dsm_appkey_update
                0x000000000002f77c       0xe4 examples/beaconing/CMakeFiles/beaconing_nrf52840_xxAA_s140_7.2.0.dir/__/__/mesh/access/src/device_state_manager.c.obj
                0x000000000002f77c                dsm_appkey_update
 .text.dsm_appkey_delete
                0x000000000002f860       0x50 examples/beaconing/CMakeFiles/beaconing_nrf52840_xxAA_s140_7.2.0.dir/__/__/mesh/access/src/device_state_manager.c.obj
                0x000000000002f860                dsm_appkey_delete
 .text.dsm_appkey_get_all
                0x000000000002f8b0      0x15c examples/beaconing/CMakeFiles/beaconing_nrf52840_xxAA_s140_7.2.0.dir/__/__/mesh/access/src/device_state_manager.c.obj
                0x000000000002f8b0                dsm_appkey_get_all
 .text.dsm_tx_secmat_get
                0x000000000002fa0c       0xe4 examples/beaconing/CMakeFiles/beaconing_nrf52840_xxAA_s140_7.2.0.dir/__/__/mesh/access/src/device_state_manager.c.obj
                0x000000000002fa0c                dsm_tx_secmat_get
 .text.dsm_net_secmat_from_keyindex_get
                0x000000000002faf0       0x70 examples/beaconing/CMakeFiles/beaconing_nrf52840_xxAA_s140_7.2.0.dir/__/__/mesh/access/src/device_state_manager.c.obj
                0x000000000002faf0                dsm_net_secmat_from_keyindex_get
 .text.nrf_mesh_net_secmat_next_get
                0x000000000002fb60      0x29c examples/beaconing/CMakeFiles/beaconing_nrf52840_xxAA_s140_7.2.0.dir/__/__/mesh/access/src/device_state_manager.c.obj
                0x000000000002fb60                nrf_mesh_net_secmat_next_get
 .text.nrf_mesh_app_secmat_next_get
                0x000000000002fdfc      0x5fc examples/beaconing/CMakeFiles/beaconing_nrf52840_xxAA_s140_7.2.0.dir/__/__/mesh/access/src/device_state_manager.c.obj
                0x000000000002fdfc                nrf_mesh_app_secmat_next_get
 .text.nrf_mesh_devkey_secmat_get
                0x00000000000303f8       0x30 examples/beaconing/CMakeFiles/beaconing_nrf52840_xxAA_s140_7.2.0.dir/__/__/mesh/access/src/device_state_manager.c.obj
                0x00000000000303f8                nrf_mesh_devkey_secmat_get
 .text.nrf_mesh_beacon_info_next_get
                0x0000000000030428      0x158 examples/beaconing/CMakeFiles/beaconing_nrf52840_xxAA_s140_7.2.0.dir/__/__/mesh/access/src/device_state_manager.c.obj
                0x0000000000030428                nrf_mesh_beacon_info_next_get
 .text.nrf_mesh_rx_address_get
                0x0000000000030580      0x54c examples/beaconing/CMakeFiles/beaconing_nrf52840_xxAA_s140_7.2.0.dir/__/__/mesh/access/src/device_state_manager.c.obj
                0x0000000000030580                nrf_mesh_rx_address_get
 .text.nrf_mesh_unicast_address_get
                0x0000000000030acc       0x24 examples/beaconing/CMakeFiles/beaconing_nrf52840_xxAA_s140_7.2.0.dir/__/__/mesh/access/src/device_state_manager.c.obj
                0x0000000000030acc                nrf_mesh_unicast_address_get
 .text.nrf_mesh_is_address_rx
                0x0000000000030af0      0x124 examples/beaconing/CMakeFiles/beaconing_nrf52840_xxAA_s140_7.2.0.dir/__/__/mesh/access/src/device_state_manager.c.obj
                0x0000000000030af0                nrf_mesh_is_address_rx
 .text.nrf_mesh_is_device_provisioned
                0x0000000000030c14       0x24 examples/beaconing/CMakeFiles/beaconing_nrf52840_xxAA_s140_7.2.0.dir/__/__/mesh/access/src/device_state_manager.c.obj
                0x0000000000030c14                nrf_mesh_is_device_provisioned
 .text._weak_handler
                0x0000000000030c38        0x4 examples/beaconing/CMakeFiles/beaconing_nrf52840_xxAA_s140_7.2.0.dir/__/common/src/nrf_mesh_weak.c.obj
                0x0000000000030c38                nrf_mesh_dfu_init
                0x0000000000030c38                nrf_mesh_dfu_jump_to_bootloader
                0x0000000000030c38                nrf_mesh_dfu_rx
                0x0000000000030c38                prov_provisioner_provision
                0x0000000000030c38                nrf_mesh_dfu_bank_info_get
                0x0000000000030c38                prov_provisioner_oob_pubkey
                0x0000000000030c38                nrf_mesh_dfu_request
                0x0000000000030c38                nrf_mesh_dfu_bank_flash
                0x0000000000030c38                nrf_mesh_dfu_enable
                0x0000000000030c38                _weak_handler
                0x0000000000030c38                nrf_mesh_dfu_relay
                0x0000000000030c38                nrf_mesh_dfu_abort
                0x0000000000030c38                mesh_flash_op_execute
                0x0000000000030c38                prov_provisionee_init
                0x0000000000030c38                nrf_mesh_dfu_state_get
                0x0000000000030c38                prov_provisioner_shared_secret
                0x0000000000030c38                prov_provisioner_auth_data
                0x0000000000030c38                prov_bearer_adv_packet_in
                0x0000000000030c38                prov_provisioner_oob_use
 .text.app_error_fault_handler
                0x0000000000030c3c      0x24c examples/beaconing/CMakeFiles/beaconing_nrf52840_xxAA_s140_7.2.0.dir/__/common/src/app_error_weak.c.obj
                0x0000000000030c3c                app_error_fault_handler
 .text.mesh_assertion_handler
                0x0000000000030e88       0x20 examples/beaconing/CMakeFiles/beaconing_nrf52840_xxAA_s140_7.2.0.dir/__/common/src/assertion_handler_weak.c.obj
                0x0000000000030e88                mesh_assertion_handler
 .text.config_composition_data_get
                0x0000000000030ea8      0x1cc examples/beaconing/CMakeFiles/beaconing_nrf52840_xxAA_s140_7.2.0.dir/__/__/models/foundation/config/src/composition_data.c.obj
                0x0000000000030ea8                config_composition_data_get
 .text.config_server_heartbeat_publication_params_get
                0x0000000000031074       0x34 examples/beaconing/CMakeFiles/beaconing_nrf52840_xxAA_s140_7.2.0.dir/__/__/models/foundation/config/src/config_server.c.obj
 .text.handle_node_reset
                0x00000000000310a8       0x44 examples/beaconing/CMakeFiles/beaconing_nrf52840_xxAA_s140_7.2.0.dir/__/__/models/foundation/config/src/config_server.c.obj
 .text.handle_node_identity_set
                0x00000000000310ec       0x80 examples/beaconing/CMakeFiles/beaconing_nrf52840_xxAA_s140_7.2.0.dir/__/__/models/foundation/config/src/config_server.c.obj
 .text.status_error_sub_send
                0x000000000003116c      0x168 examples/beaconing/CMakeFiles/beaconing_nrf52840_xxAA_s140_7.2.0.dir/__/__/models/foundation/config/src/config_server.c.obj
 .text.send_relay_status
                0x00000000000312d4       0x98 examples/beaconing/CMakeFiles/beaconing_nrf52840_xxAA_s140_7.2.0.dir/__/__/models/foundation/config/src/config_server.c.obj
 .text.handle_config_relay_set
                0x000000000003136c       0xa0 examples/beaconing/CMakeFiles/beaconing_nrf52840_xxAA_s140_7.2.0.dir/__/__/models/foundation/config/src/config_server.c.obj
 .text.handle_config_gatt_proxy_set
                0x000000000003140c       0x74 examples/beaconing/CMakeFiles/beaconing_nrf52840_xxAA_s140_7.2.0.dir/__/__/models/foundation/config/src/config_server.c.obj
 .text.handle_config_low_power_node_polltimeout_get
                0x0000000000031480       0x8c examples/beaconing/CMakeFiles/beaconing_nrf52840_xxAA_s140_7.2.0.dir/__/__/models/foundation/config/src/config_server.c.obj
 .text.handle_model_app_bind_unbind
                0x000000000003150c      0x2bc examples/beaconing/CMakeFiles/beaconing_nrf52840_xxAA_s140_7.2.0.dir/__/__/models/foundation/config/src/config_server.c.obj
 .text.delete_all_subscriptions
                0x00000000000317c8       0x88 examples/beaconing/CMakeFiles/beaconing_nrf52840_xxAA_s140_7.2.0.dir/__/__/models/foundation/config/src/config_server.c.obj
 .text.handle_config_model_subscription_overwrite
                0x0000000000031850      0x188 examples/beaconing/CMakeFiles/beaconing_nrf52840_xxAA_s140_7.2.0.dir/__/__/models/foundation/config/src/config_server.c.obj
 .text.send_publication_status
                0x00000000000319d8      0x1b4 examples/beaconing/CMakeFiles/beaconing_nrf52840_xxAA_s140_7.2.0.dir/__/__/models/foundation/config/src/config_server.c.obj
 .text.handle_config_key_refresh_phase_set
                0x0000000000031b8c       0xf8 examples/beaconing/CMakeFiles/beaconing_nrf52840_xxAA_s140_7.2.0.dir/__/__/models/foundation/config/src/config_server.c.obj
 .text.handle_config_default_ttl_set
                0x0000000000031c84       0x78 examples/beaconing/CMakeFiles/beaconing_nrf52840_xxAA_s140_7.2.0.dir/__/__/models/foundation/config/src/config_server.c.obj
 .text.handle_heartbeat_publication_set
                0x0000000000031cfc      0x120 examples/beaconing/CMakeFiles/beaconing_nrf52840_xxAA_s140_7.2.0.dir/__/__/models/foundation/config/src/config_server.c.obj
 .text.mesh_event_cb
                0x0000000000031e1c       0x70 examples/beaconing/CMakeFiles/beaconing_nrf52840_xxAA_s140_7.2.0.dir/__/__/models/foundation/config/src/config_server.c.obj
 .text.handle_config_network_transmit_set
                0x0000000000031e8c       0xf0 examples/beaconing/CMakeFiles/beaconing_nrf52840_xxAA_s140_7.2.0.dir/__/__/models/foundation/config/src/config_server.c.obj
 .text.handle_node_identity_get
                0x0000000000031f7c       0x78 examples/beaconing/CMakeFiles/beaconing_nrf52840_xxAA_s140_7.2.0.dir/__/__/models/foundation/config/src/config_server.c.obj
 .text.handle_config_relay_get
                0x0000000000031ff4       0x34 examples/beaconing/CMakeFiles/beaconing_nrf52840_xxAA_s140_7.2.0.dir/__/__/models/foundation/config/src/config_server.c.obj
 .text.status_error_pub_send
                0x0000000000032028       0xb8 examples/beaconing/CMakeFiles/beaconing_nrf52840_xxAA_s140_7.2.0.dir/__/__/models/foundation/config/src/config_server.c.obj
 .text.handle_config_model_publication_get
                0x00000000000320e0       0xc4 examples/beaconing/CMakeFiles/beaconing_nrf52840_xxAA_s140_7.2.0.dir/__/__/models/foundation/config/src/config_server.c.obj
 .text.handle_config_model_publication_set
                0x00000000000321a4      0x340 examples/beaconing/CMakeFiles/beaconing_nrf52840_xxAA_s140_7.2.0.dir/__/__/models/foundation/config/src/config_server.c.obj
 .text.handle_config_gatt_proxy_get
                0x00000000000324e4       0x64 examples/beaconing/CMakeFiles/beaconing_nrf52840_xxAA_s140_7.2.0.dir/__/__/models/foundation/config/src/config_server.c.obj
 .text.handle_config_friend_set
                0x0000000000032548       0x78 examples/beaconing/CMakeFiles/beaconing_nrf52840_xxAA_s140_7.2.0.dir/__/__/models/foundation/config/src/config_server.c.obj
 .text.handle_config_friend_get
                0x00000000000325c0       0x64 examples/beaconing/CMakeFiles/beaconing_nrf52840_xxAA_s140_7.2.0.dir/__/__/models/foundation/config/src/config_server.c.obj
 .text.handle_netkey_get
                0x0000000000032624       0x94 examples/beaconing/CMakeFiles/beaconing_nrf52840_xxAA_s140_7.2.0.dir/__/__/models/foundation/config/src/config_server.c.obj
 .text.handle_appkey_get
                0x00000000000326b8       0xc4 examples/beaconing/CMakeFiles/beaconing_nrf52840_xxAA_s140_7.2.0.dir/__/__/models/foundation/config/src/config_server.c.obj
 .text.handle_heartbeat_subscription_get
                0x000000000003277c       0xfc examples/beaconing/CMakeFiles/beaconing_nrf52840_xxAA_s140_7.2.0.dir/__/__/models/foundation/config/src/config_server.c.obj
 .text.handle_config_key_refresh_phase_get
                0x0000000000032878       0x90 examples/beaconing/CMakeFiles/beaconing_nrf52840_xxAA_s140_7.2.0.dir/__/__/models/foundation/config/src/config_server.c.obj
 .text.handle_config_default_ttl_get
                0x0000000000032908       0x64 examples/beaconing/CMakeFiles/beaconing_nrf52840_xxAA_s140_7.2.0.dir/__/__/models/foundation/config/src/config_server.c.obj
 .text.handle_config_beacon_set
                0x000000000003296c       0x7c examples/beaconing/CMakeFiles/beaconing_nrf52840_xxAA_s140_7.2.0.dir/__/__/models/foundation/config/src/config_server.c.obj
 .text.handle_composition_data_get
                0x00000000000329e8       0x88 examples/beaconing/CMakeFiles/beaconing_nrf52840_xxAA_s140_7.2.0.dir/__/__/models/foundation/config/src/config_server.c.obj
 .text.handle_appkey_add
                0x0000000000032a70      0x204 examples/beaconing/CMakeFiles/beaconing_nrf52840_xxAA_s140_7.2.0.dir/__/__/models/foundation/config/src/config_server.c.obj
 .text.handle_model_app_get
                0x0000000000032c74      0x274 examples/beaconing/CMakeFiles/beaconing_nrf52840_xxAA_s140_7.2.0.dir/__/__/models/foundation/config/src/config_server.c.obj
 .text.handle_config_sig_model_subscription_get
                0x0000000000032ee8      0x150 examples/beaconing/CMakeFiles/beaconing_nrf52840_xxAA_s140_7.2.0.dir/__/__/models/foundation/config/src/config_server.c.obj
 .text.handle_heartbeat_publication_get
                0x0000000000033038       0xec examples/beaconing/CMakeFiles/beaconing_nrf52840_xxAA_s140_7.2.0.dir/__/__/models/foundation/config/src/config_server.c.obj
 .text.handle_config_vendor_model_subscription_get
                0x0000000000033124      0x17c examples/beaconing/CMakeFiles/beaconing_nrf52840_xxAA_s140_7.2.0.dir/__/__/models/foundation/config/src/config_server.c.obj
 .text.handle_heartbeat_subscription_set
                0x00000000000332a0      0x120 examples/beaconing/CMakeFiles/beaconing_nrf52840_xxAA_s140_7.2.0.dir/__/__/models/foundation/config/src/config_server.c.obj
 .text.handle_config_beacon_get
                0x00000000000333c0       0x64 examples/beaconing/CMakeFiles/beaconing_nrf52840_xxAA_s140_7.2.0.dir/__/__/models/foundation/config/src/config_server.c.obj
 .text.handle_config_network_transmit_get
                0x0000000000033424       0x90 examples/beaconing/CMakeFiles/beaconing_nrf52840_xxAA_s140_7.2.0.dir/__/__/models/foundation/config/src/config_server.c.obj
 .text.handle_appkey_update
                0x00000000000334b4      0x144 examples/beaconing/CMakeFiles/beaconing_nrf52840_xxAA_s140_7.2.0.dir/__/__/models/foundation/config/src/config_server.c.obj
 .text.handle_appkey_delete
                0x00000000000335f8      0x184 examples/beaconing/CMakeFiles/beaconing_nrf52840_xxAA_s140_7.2.0.dir/__/__/models/foundation/config/src/config_server.c.obj
 .text.handle_netkey_add_update
                0x000000000003377c       0xe4 examples/beaconing/CMakeFiles/beaconing_nrf52840_xxAA_s140_7.2.0.dir/__/__/models/foundation/config/src/config_server.c.obj
 .text.handle_netkey_delete
                0x0000000000033860      0x134 examples/beaconing/CMakeFiles/beaconing_nrf52840_xxAA_s140_7.2.0.dir/__/__/models/foundation/config/src/config_server.c.obj
 .text.handle_config_model_subscription_delete_all
                0x0000000000033994      0x144 examples/beaconing/CMakeFiles/beaconing_nrf52840_xxAA_s140_7.2.0.dir/__/__/models/foundation/config/src/config_server.c.obj
 .text.handle_config_model_subscription_virtual_address_delete
                0x0000000000033ad8      0x19c examples/beaconing/CMakeFiles/beaconing_nrf52840_xxAA_s140_7.2.0.dir/__/__/models/foundation/config/src/config_server.c.obj
 .text.handle_config_model_subscription_delete
                0x0000000000033c74      0x174 examples/beaconing/CMakeFiles/beaconing_nrf52840_xxAA_s140_7.2.0.dir/__/__/models/foundation/config/src/config_server.c.obj
 .text.handle_config_model_subscription_virtual_address_add
                0x0000000000033de8      0x17c examples/beaconing/CMakeFiles/beaconing_nrf52840_xxAA_s140_7.2.0.dir/__/__/models/foundation/config/src/config_server.c.obj
 .text.handle_config_model_subscription_virtual_address_overwrite
                0x0000000000033f64      0x194 examples/beaconing/CMakeFiles/beaconing_nrf52840_xxAA_s140_7.2.0.dir/__/__/models/foundation/config/src/config_server.c.obj
 .text.handle_config_model_subscription_add
                0x00000000000340f8      0x174 examples/beaconing/CMakeFiles/beaconing_nrf52840_xxAA_s140_7.2.0.dir/__/__/models/foundation/config/src/config_server.c.obj
 .text.config_server_init
                0x000000000003426c       0x60 examples/beaconing/CMakeFiles/beaconing_nrf52840_xxAA_s140_7.2.0.dir/__/__/models/foundation/config/src/config_server.c.obj
                0x000000000003426c                config_server_init
 .text.packed_index_list_create
                0x00000000000342cc       0x48 examples/beaconing/CMakeFiles/beaconing_nrf52840_xxAA_s140_7.2.0.dir/__/__/models/foundation/config/src/packed_index_list.c.obj
                0x00000000000342cc                packed_index_list_create
 .text.health_server_deleter
                0x0000000000034314       0x28 examples/beaconing/CMakeFiles/beaconing_nrf52840_xxAA_s140_7.2.0.dir/__/__/models/foundation/health/src/health_server.c.obj
 .text.health_server_getter
                0x000000000003433c       0x2c examples/beaconing/CMakeFiles/beaconing_nrf52840_xxAA_s140_7.2.0.dir/__/__/models/foundation/health/src/health_server.c.obj
 .text.attention_timer_handler
                0x0000000000034368       0x6c examples/beaconing/CMakeFiles/beaconing_nrf52840_xxAA_s140_7.2.0.dir/__/__/models/foundation/health/src/health_server.c.obj
 .text.handle_attention_set
                0x00000000000343d4       0xd8 examples/beaconing/CMakeFiles/beaconing_nrf52840_xxAA_s140_7.2.0.dir/__/__/models/foundation/health/src/health_server.c.obj
 .text.handle_period_set
                0x00000000000344ac       0x88 examples/beaconing/CMakeFiles/beaconing_nrf52840_xxAA_s140_7.2.0.dir/__/__/models/foundation/health/src/health_server.c.obj
 .text.send_fault_status
                0x0000000000034534      0x1b8 examples/beaconing/CMakeFiles/beaconing_nrf52840_xxAA_s140_7.2.0.dir/__/__/models/foundation/health/src/health_server.c.obj
 .text.health_publish_timeout_handler
                0x00000000000346ec        0xc examples/beaconing/CMakeFiles/beaconing_nrf52840_xxAA_s140_7.2.0.dir/__/__/models/foundation/health/src/health_server.c.obj
 .text.handle_fault_test
                0x00000000000346f8       0x80 examples/beaconing/CMakeFiles/beaconing_nrf52840_xxAA_s140_7.2.0.dir/__/__/models/foundation/health/src/health_server.c.obj
 .text.handle_fault_clear
                0x0000000000034778       0x78 examples/beaconing/CMakeFiles/beaconing_nrf52840_xxAA_s140_7.2.0.dir/__/__/models/foundation/health/src/health_server.c.obj
 .text.handle_fault_get
                0x00000000000347f0       0x3c examples/beaconing/CMakeFiles/beaconing_nrf52840_xxAA_s140_7.2.0.dir/__/__/models/foundation/health/src/health_server.c.obj
 .text.handle_attention_get
                0x000000000003482c       0x40 examples/beaconing/CMakeFiles/beaconing_nrf52840_xxAA_s140_7.2.0.dir/__/__/models/foundation/health/src/health_server.c.obj
 .text.handle_period_get
                0x000000000003486c       0x40 examples/beaconing/CMakeFiles/beaconing_nrf52840_xxAA_s140_7.2.0.dir/__/__/models/foundation/health/src/health_server.c.obj
 .text.health_server_setter
                0x00000000000348ac      0x198 examples/beaconing/CMakeFiles/beaconing_nrf52840_xxAA_s140_7.2.0.dir/__/__/models/foundation/health/src/health_server.c.obj
 .text.health_server_init
                0x0000000000034a44       0x80 examples/beaconing/CMakeFiles/beaconing_nrf52840_xxAA_s140_7.2.0.dir/__/__/models/foundation/health/src/health_server.c.obj
                0x0000000000034a44                health_server_init
 .text.prov_beacon_unprov_packet_in
                0x0000000000034ac4       0xc8 examples/beaconing/CMakeFiles/beaconing_nrf52840_xxAA_s140_7.2.0.dir/__/__/mesh/prov/src/prov_beacon.c.obj
                0x0000000000034ac4                prov_beacon_unprov_packet_in
 .text.ecdh_setter
                0x0000000000034b8c       0x14 examples/beaconing/CMakeFiles/beaconing_nrf52840_xxAA_s140_7.2.0.dir/__/__/mesh/prov/src/prov_utils.c.obj
 .text.ecdh_getter
                0x0000000000034ba0       0x10 examples/beaconing/CMakeFiles/beaconing_nrf52840_xxAA_s140_7.2.0.dir/__/__/mesh/prov/src/prov_utils.c.obj
 .text.ecdh_deleter
                0x0000000000034bb0       0x10 examples/beaconing/CMakeFiles/beaconing_nrf52840_xxAA_s140_7.2.0.dir/__/__/mesh/prov/src/prov_utils.c.obj
 .text.close_link
                0x0000000000034bc0       0xcc examples/beaconing/CMakeFiles/beaconing_nrf52840_xxAA_s140_7.2.0.dir/__/__/mesh/prov/src/prov_bearer_adv.c.obj
 .text.send_link_ack
                0x0000000000034c8c       0x78 examples/beaconing/CMakeFiles/beaconing_nrf52840_xxAA_s140_7.2.0.dir/__/__/mesh/prov/src/prov_bearer_adv.c.obj
 .text.send_transaction_ack
                0x0000000000034d04       0x6c examples/beaconing/CMakeFiles/beaconing_nrf52840_xxAA_s140_7.2.0.dir/__/__/mesh/prov/src/prov_bearer_adv.c.obj
 .text.prov_buffer_rx
                0x0000000000034d70       0xa0 examples/beaconing/CMakeFiles/beaconing_nrf52840_xxAA_s140_7.2.0.dir/__/__/mesh/prov/src/prov_bearer_adv.c.obj
 .text.prov_bearer_adv_link_close
                0x0000000000034e10       0xdc examples/beaconing/CMakeFiles/beaconing_nrf52840_xxAA_s140_7.2.0.dir/__/__/mesh/prov/src/prov_bearer_adv.c.obj
 .text.packet_in
                0x0000000000034eec      0xac0 examples/beaconing/CMakeFiles/beaconing_nrf52840_xxAA_s140_7.2.0.dir/__/__/mesh/prov/src/prov_bearer_adv.c.obj
 .text.nrf_mesh_configure_device_uuid_set
                0x00000000000359ac       0x10 examples/beaconing/CMakeFiles/beaconing_nrf52840_xxAA_s140_7.2.0.dir/__/__/mesh/core/src/nrf_mesh_configure.c.obj
                0x00000000000359ac                nrf_mesh_configure_device_uuid_set
 .text.nrf_mesh_configure_device_uuid_reset
                0x00000000000359bc       0x40 examples/beaconing/CMakeFiles/beaconing_nrf52840_xxAA_s140_7.2.0.dir/__/__/mesh/core/src/nrf_mesh_configure.c.obj
                0x00000000000359bc                nrf_mesh_configure_device_uuid_reset
 .text.nrf_mesh_configure_device_uuid_get
                0x00000000000359fc        0x8 examples/beaconing/CMakeFiles/beaconing_nrf52840_xxAA_s140_7.2.0.dir/__/__/mesh/core/src/nrf_mesh_configure.c.obj
                0x00000000000359fc                nrf_mesh_configure_device_uuid_get
 .text.msg_cache_init
                0x0000000000035a04       0x24 examples/beaconing/CMakeFiles/beaconing_nrf52840_xxAA_s140_7.2.0.dir/__/__/mesh/core/src/msg_cache.c.obj
                0x0000000000035a04                msg_cache_init
 .text.msg_cache_entry_exists
                0x0000000000035a28       0x40 examples/beaconing/CMakeFiles/beaconing_nrf52840_xxAA_s140_7.2.0.dir/__/__/mesh/core/src/msg_cache.c.obj
                0x0000000000035a28                msg_cache_entry_exists
 .text.msg_cache_entry_add
                0x0000000000035a68       0x38 examples/beaconing/CMakeFiles/beaconing_nrf52840_xxAA_s140_7.2.0.dir/__/__/mesh/core/src/msg_cache.c.obj
                0x0000000000035a68                msg_cache_entry_add
 .text.tx_complete
                0x0000000000035aa0       0x34 examples/beaconing/CMakeFiles/beaconing_nrf52840_xxAA_s140_7.2.0.dir/__/__/mesh/core/src/transport.c.obj
 .text.upper_trs_packet_encrypt
                0x0000000000035ad4       0xa4 examples/beaconing/CMakeFiles/beaconing_nrf52840_xxAA_s140_7.2.0.dir/__/__/mesh/core/src/transport.c.obj
 .text.sar_ctx_alloc
                0x0000000000035b78       0xe4 examples/beaconing/CMakeFiles/beaconing_nrf52840_xxAA_s140_7.2.0.dir/__/__/mesh/core/src/transport.c.obj
 .text.trs_packet_header_build
                0x0000000000035c5c       0xb8 examples/beaconing/CMakeFiles/beaconing_nrf52840_xxAA_s140_7.2.0.dir/__/__/mesh/core/src/transport.c.obj
 .text.trs_sar_packet_out
                0x0000000000035d14      0x134 examples/beaconing/CMakeFiles/beaconing_nrf52840_xxAA_s140_7.2.0.dir/__/__/mesh/core/src/transport.c.obj
 .text.unsegmented_packet_tx
                0x0000000000035e48       0x8c examples/beaconing/CMakeFiles/beaconing_nrf52840_xxAA_s140_7.2.0.dir/__/__/mesh/core/src/transport.c.obj
 .text.sar_ctx_cancel
                0x0000000000035ed4      0x130 examples/beaconing/CMakeFiles/beaconing_nrf52840_xxAA_s140_7.2.0.dir/__/__/mesh/core/src/transport.c.obj
 .text.abort_timeout
                0x0000000000036004        0x8 examples/beaconing/CMakeFiles/beaconing_nrf52840_xxAA_s140_7.2.0.dir/__/__/mesh/core/src/transport.c.obj
 .text.retry_timeout
                0x000000000003600c       0xac examples/beaconing/CMakeFiles/beaconing_nrf52840_xxAA_s140_7.2.0.dir/__/__/mesh/core/src/transport.c.obj
 .text.upper_transport_access_packet_in
                0x00000000000360b8      0x360 examples/beaconing/CMakeFiles/beaconing_nrf52840_xxAA_s140_7.2.0.dir/__/__/mesh/core/src/transport.c.obj
 .text.upper_transport_packet_in.part.0
                0x0000000000036418      0x3fc examples/beaconing/CMakeFiles/beaconing_nrf52840_xxAA_s140_7.2.0.dir/__/__/mesh/core/src/transport.c.obj
 .text.segmented_packet_tx
                0x0000000000036814      0x234 examples/beaconing/CMakeFiles/beaconing_nrf52840_xxAA_s140_7.2.0.dir/__/__/mesh/core/src/transport.c.obj
 .text.sar_ack_send.part.0
                0x0000000000036a48      0x218 examples/beaconing/CMakeFiles/beaconing_nrf52840_xxAA_s140_7.2.0.dir/__/__/mesh/core/src/transport.c.obj
 .text.transport_sar_process
                0x0000000000036c60      0x264 examples/beaconing/CMakeFiles/beaconing_nrf52840_xxAA_s140_7.2.0.dir/__/__/mesh/core/src/transport.c.obj
 .text.ack_timeout
                0x0000000000036ec4       0x44 examples/beaconing/CMakeFiles/beaconing_nrf52840_xxAA_s140_7.2.0.dir/__/__/mesh/core/src/transport.c.obj
 .text.transport_init
                0x0000000000036f08       0x88 examples/beaconing/CMakeFiles/beaconing_nrf52840_xxAA_s140_7.2.0.dir/__/__/mesh/core/src/transport.c.obj
                0x0000000000036f08                transport_init
 .text.transport_enable
                0x0000000000036f90        0x4 examples/beaconing/CMakeFiles/beaconing_nrf52840_xxAA_s140_7.2.0.dir/__/__/mesh/core/src/transport.c.obj
                0x0000000000036f90                transport_enable
 .text.transport_packet_in
                0x0000000000036f94      0x70c examples/beaconing/CMakeFiles/beaconing_nrf52840_xxAA_s140_7.2.0.dir/__/__/mesh/core/src/transport.c.obj
                0x0000000000036f94                transport_packet_in
 .text.transport_tx
                0x00000000000376a0      0x164 examples/beaconing/CMakeFiles/beaconing_nrf52840_xxAA_s140_7.2.0.dir/__/__/mesh/core/src/transport.c.obj
                0x00000000000376a0                transport_tx
 .text.transport_control_tx
                0x0000000000037804      0x16c examples/beaconing/CMakeFiles/beaconing_nrf52840_xxAA_s140_7.2.0.dir/__/__/mesh/core/src/transport.c.obj
                0x0000000000037804                transport_control_tx
 .text.transport_control_packet_consumer_add
                0x0000000000037970       0x6c examples/beaconing/CMakeFiles/beaconing_nrf52840_xxAA_s140_7.2.0.dir/__/__/mesh/core/src/transport.c.obj
                0x0000000000037970                transport_control_packet_consumer_add
 .text.event_handle
                0x00000000000379dc       0x78 examples/beaconing/CMakeFiles/beaconing_nrf52840_xxAA_s140_7.2.0.dir/__/__/mesh/core/src/event.c.obj
                0x00000000000379dc                event_handle
 .text.event_handler_add
                0x0000000000037a54       0x24 examples/beaconing/CMakeFiles/beaconing_nrf52840_xxAA_s140_7.2.0.dir/__/__/mesh/core/src/event.c.obj
                0x0000000000037a54                event_handler_add
 .text.event_handler_remove
                0x0000000000037a78       0x38 examples/beaconing/CMakeFiles/beaconing_nrf52840_xxAA_s140_7.2.0.dir/__/__/mesh/core/src/event.c.obj
                0x0000000000037a78                event_handler_remove
 .text.packet_buffer_init
                0x0000000000037ab0       0xb8 examples/beaconing/CMakeFiles/beaconing_nrf52840_xxAA_s140_7.2.0.dir/__/__/mesh/core/src/packet_buffer.c.obj
                0x0000000000037ab0                packet_buffer_init
 .text.packet_buffer_flush
                0x0000000000037b68       0x64 examples/beaconing/CMakeFiles/beaconing_nrf52840_xxAA_s140_7.2.0.dir/__/__/mesh/core/src/packet_buffer.c.obj
                0x0000000000037b68                packet_buffer_flush
 .text.packet_buffer_reserve
                0x0000000000037bcc       0xb0 examples/beaconing/CMakeFiles/beaconing_nrf52840_xxAA_s140_7.2.0.dir/__/__/mesh/core/src/packet_buffer.c.obj
                0x0000000000037bcc                packet_buffer_reserve
 .text.packet_buffer_commit
                0x0000000000037c7c       0x88 examples/beaconing/CMakeFiles/beaconing_nrf52840_xxAA_s140_7.2.0.dir/__/__/mesh/core/src/packet_buffer.c.obj
                0x0000000000037c7c                packet_buffer_commit
 .text.packet_buffer_pop
                0x0000000000037d04       0x74 examples/beaconing/CMakeFiles/beaconing_nrf52840_xxAA_s140_7.2.0.dir/__/__/mesh/core/src/packet_buffer.c.obj
                0x0000000000037d04                packet_buffer_pop
 .text.packet_buffer_can_pop
                0x0000000000037d78       0x48 examples/beaconing/CMakeFiles/beaconing_nrf52840_xxAA_s140_7.2.0.dir/__/__/mesh/core/src/packet_buffer.c.obj
                0x0000000000037d78                packet_buffer_can_pop
 .text.packet_buffer_packets_ready_to_pop
                0x0000000000037dc0       0x5c examples/beaconing/CMakeFiles/beaconing_nrf52840_xxAA_s140_7.2.0.dir/__/__/mesh/core/src/packet_buffer.c.obj
                0x0000000000037dc0                packet_buffer_packets_ready_to_pop
 .text.packet_buffer_free
                0x0000000000037e1c       0x98 examples/beaconing/CMakeFiles/beaconing_nrf52840_xxAA_s140_7.2.0.dir/__/__/mesh/core/src/packet_buffer.c.obj
                0x0000000000037e1c                packet_buffer_free
 .text.packet_buffer_is_empty
                0x0000000000037eb4       0x3c examples/beaconing/CMakeFiles/beaconing_nrf52840_xxAA_s140_7.2.0.dir/__/__/mesh/core/src/packet_buffer.c.obj
                0x0000000000037eb4                packet_buffer_is_empty
 .text.freezing
                0x0000000000037ef0       0x10 examples/beaconing/CMakeFiles/beaconing_nrf52840_xxAA_s140_7.2.0.dir/__/__/mesh/core/src/flash_manager_defrag.c.obj
 .text.erase_source
                0x0000000000037f00       0x38 examples/beaconing/CMakeFiles/beaconing_nrf52840_xxAA_s140_7.2.0.dir/__/__/mesh/core/src/flash_manager_defrag.c.obj
 .text.erase_recovery_area
                0x0000000000037f38       0x38 examples/beaconing/CMakeFiles/beaconing_nrf52840_xxAA_s140_7.2.0.dir/__/__/mesh/core/src/flash_manager_defrag.c.obj
 .text.write_back
                0x0000000000037f70       0x44 examples/beaconing/CMakeFiles/beaconing_nrf52840_xxAA_s140_7.2.0.dir/__/__/mesh/core/src/flash_manager_defrag.c.obj
 .text.write_defrag_start_pointer
                0x0000000000037fb4       0x38 examples/beaconing/CMakeFiles/beaconing_nrf52840_xxAA_s140_7.2.0.dir/__/__/mesh/core/src/flash_manager_defrag.c.obj
 .text.copy_metadata
                0x0000000000037fec       0x54 examples/beaconing/CMakeFiles/beaconing_nrf52840_xxAA_s140_7.2.0.dir/__/__/mesh/core/src/flash_manager_defrag.c.obj
 .text.seal_storage_page
                0x0000000000038040       0x70 examples/beaconing/CMakeFiles/beaconing_nrf52840_xxAA_s140_7.2.0.dir/__/__/mesh/core/src/flash_manager_defrag.c.obj
 .text.post_process
                0x00000000000380b0       0x64 examples/beaconing/CMakeFiles/beaconing_nrf52840_xxAA_s140_7.2.0.dir/__/__/mesh/core/src/flash_manager_defrag.c.obj
 .text.check_for_invalid_entries
                0x0000000000038114       0x40 examples/beaconing/CMakeFiles/beaconing_nrf52840_xxAA_s140_7.2.0.dir/__/__/mesh/core/src/flash_manager_defrag.c.obj
 .text.execute_procedure_step
                0x0000000000038154       0x98 examples/beaconing/CMakeFiles/beaconing_nrf52840_xxAA_s140_7.2.0.dir/__/__/mesh/core/src/flash_manager_defrag.c.obj
 .text.on_flash_op_end
                0x00000000000381ec       0x50 examples/beaconing/CMakeFiles/beaconing_nrf52840_xxAA_s140_7.2.0.dir/__/__/mesh/core/src/flash_manager_defrag.c.obj
 .text.invalidate_duplicate_entries
                0x000000000003823c      0x160 examples/beaconing/CMakeFiles/beaconing_nrf52840_xxAA_s140_7.2.0.dir/__/__/mesh/core/src/flash_manager_defrag.c.obj
 .text.backup_entries
                0x000000000003839c      0x190 examples/beaconing/CMakeFiles/beaconing_nrf52840_xxAA_s140_7.2.0.dir/__/__/mesh/core/src/flash_manager_defrag.c.obj
 .text.flash_manager_defrag_init
                0x000000000003852c      0x110 examples/beaconing/CMakeFiles/beaconing_nrf52840_xxAA_s140_7.2.0.dir/__/__/mesh/core/src/flash_manager_defrag.c.obj
                0x000000000003852c                flash_manager_defrag_init
 .text.flash_manager_defragging
                0x000000000003863c       0x44 examples/beaconing/CMakeFiles/beaconing_nrf52840_xxAA_s140_7.2.0.dir/__/__/mesh/core/src/flash_manager_defrag.c.obj
                0x000000000003863c                flash_manager_defragging
 .text.flash_manager_defrag_is_running
                0x0000000000038680       0x10 examples/beaconing/CMakeFiles/beaconing_nrf52840_xxAA_s140_7.2.0.dir/__/__/mesh/core/src/flash_manager_defrag.c.obj
                0x0000000000038680                flash_manager_defrag_is_running
 .text.flash_manager_defrag
                0x0000000000038690       0x54 examples/beaconing/CMakeFiles/beaconing_nrf52840_xxAA_s140_7.2.0.dir/__/__/mesh/core/src/flash_manager_defrag.c.obj
                0x0000000000038690                flash_manager_defrag
 .text.flash_manager_defrag_recovery_page_get
                0x00000000000386e4        0xc examples/beaconing/CMakeFiles/beaconing_nrf52840_xxAA_s140_7.2.0.dir/__/__/mesh/core/src/flash_manager_defrag.c.obj
                0x00000000000386e4                flash_manager_defrag_recovery_page_get
 .text.fifo_init
                0x00000000000386f0       0x40 examples/beaconing/CMakeFiles/beaconing_nrf52840_xxAA_s140_7.2.0.dir/__/__/mesh/core/src/fifo.c.obj
                0x00000000000386f0                fifo_init
 .text.fifo_pop
                0x0000000000038730       0x5c examples/beaconing/CMakeFiles/beaconing_nrf52840_xxAA_s140_7.2.0.dir/__/__/mesh/core/src/fifo.c.obj
                0x0000000000038730                fifo_pop
 .text.nrf_flash_erase
                0x000000000003878c       0x6c examples/beaconing/CMakeFiles/beaconing_nrf52840_xxAA_s140_7.2.0.dir/__/__/mesh/core/src/nrf_flash.c.obj
                0x000000000003878c                nrf_flash_erase
 .text.nrf_flash_write
                0x00000000000387f8       0x80 examples/beaconing/CMakeFiles/beaconing_nrf52840_xxAA_s140_7.2.0.dir/__/__/mesh/core/src/nrf_flash.c.obj
                0x00000000000387f8                nrf_flash_write
 .text.seqnum_block_legacy_setter
                0x0000000000038878       0x3c examples/beaconing/CMakeFiles/beaconing_nrf52840_xxAA_s140_7.2.0.dir/__/__/mesh/core/src/net_state.c.obj
 .text.iv_index_legacy_setter
                0x00000000000388b4       0x3c examples/beaconing/CMakeFiles/beaconing_nrf52840_xxAA_s140_7.2.0.dir/__/__/mesh/core/src/net_state.c.obj
 .text.seqnum_block_deleter
                0x00000000000388f0       0x28 examples/beaconing/CMakeFiles/beaconing_nrf52840_xxAA_s140_7.2.0.dir/__/__/mesh/core/src/net_state.c.obj
 .text.iv_index_deleter
                0x0000000000038918       0x28 examples/beaconing/CMakeFiles/beaconing_nrf52840_xxAA_s140_7.2.0.dir/__/__/mesh/core/src/net_state.c.obj
 .text.seqnum_block_getter
                0x0000000000038940       0x28 examples/beaconing/CMakeFiles/beaconing_nrf52840_xxAA_s140_7.2.0.dir/__/__/mesh/core/src/net_state.c.obj
 .text.seqnum_block_setter
                0x0000000000038968       0x38 examples/beaconing/CMakeFiles/beaconing_nrf52840_xxAA_s140_7.2.0.dir/__/__/mesh/core/src/net_state.c.obj
 .text.iv_index_getter
                0x00000000000389a0       0x28 examples/beaconing/CMakeFiles/beaconing_nrf52840_xxAA_s140_7.2.0.dir/__/__/mesh/core/src/net_state.c.obj
 .text.iv_index_setter
                0x00000000000389c8       0x38 examples/beaconing/CMakeFiles/beaconing_nrf52840_xxAA_s140_7.2.0.dir/__/__/mesh/core/src/net_state.c.obj
 .text.persist_completed_notify
                0x0000000000038a00       0x2c examples/beaconing/CMakeFiles/beaconing_nrf52840_xxAA_s140_7.2.0.dir/__/__/mesh/core/src/net_state.c.obj
 .text.seqnum_block_allocate
                0x0000000000038a2c       0x60 examples/beaconing/CMakeFiles/beaconing_nrf52840_xxAA_s140_7.2.0.dir/__/__/mesh/core/src/net_state.c.obj
 .text.net_state_reset
                0x0000000000038a8c       0x6c examples/beaconing/CMakeFiles/beaconing_nrf52840_xxAA_s140_7.2.0.dir/__/__/mesh/core/src/net_state.c.obj
                0x0000000000038a8c                net_state_reset
 .text.net_state_init
                0x0000000000038af8       0x4c examples/beaconing/CMakeFiles/beaconing_nrf52840_xxAA_s140_7.2.0.dir/__/__/mesh/core/src/net_state.c.obj
                0x0000000000038af8                net_state_init
 .text.net_state_enable
                0x0000000000038b44       0xf8 examples/beaconing/CMakeFiles/beaconing_nrf52840_xxAA_s140_7.2.0.dir/__/__/mesh/core/src/net_state.c.obj
                0x0000000000038b44                net_state_enable
 .text.net_state_is_seqnum_block_ready
                0x0000000000038c3c       0x14 examples/beaconing/CMakeFiles/beaconing_nrf52840_xxAA_s140_7.2.0.dir/__/__/mesh/core/src/net_state.c.obj
                0x0000000000038c3c                net_state_is_seqnum_block_ready
 .text.net_state_iv_update_start
                0x0000000000038c50       0xa4 examples/beaconing/CMakeFiles/beaconing_nrf52840_xxAA_s140_7.2.0.dir/__/__/mesh/core/src/net_state.c.obj
                0x0000000000038c50                net_state_iv_update_start
 .text.iv_update_trigger_if_pending
                0x0000000000038cf4       0xc4 examples/beaconing/CMakeFiles/beaconing_nrf52840_xxAA_s140_7.2.0.dir/__/__/mesh/core/src/net_state.c.obj
 .text.iv_update_timer_handler
                0x0000000000038db8       0xc4 examples/beaconing/CMakeFiles/beaconing_nrf52840_xxAA_s140_7.2.0.dir/__/__/mesh/core/src/net_state.c.obj
 .text.net_state_iv_index_and_seqnum_alloc
                0x0000000000038e7c       0x90 examples/beaconing/CMakeFiles/beaconing_nrf52840_xxAA_s140_7.2.0.dir/__/__/mesh/core/src/net_state.c.obj
                0x0000000000038e7c                net_state_iv_index_and_seqnum_alloc
 .text.mesh_evt_handler
                0x0000000000038f0c       0xe0 examples/beaconing/CMakeFiles/beaconing_nrf52840_xxAA_s140_7.2.0.dir/__/__/mesh/core/src/net_state.c.obj
 .text.net_state_iv_index_lock
                0x0000000000038fec       0x48 examples/beaconing/CMakeFiles/beaconing_nrf52840_xxAA_s140_7.2.0.dir/__/__/mesh/core/src/net_state.c.obj
                0x0000000000038fec                net_state_iv_index_lock
 .text.net_state_key_refresh_phase_changed
                0x0000000000039034       0x24 examples/beaconing/CMakeFiles/beaconing_nrf52840_xxAA_s140_7.2.0.dir/__/__/mesh/core/src/net_state.c.obj
                0x0000000000039034                net_state_key_refresh_phase_changed
 .text.net_state_beacon_iv_index_get
                0x0000000000039058        0xc examples/beaconing/CMakeFiles/beaconing_nrf52840_xxAA_s140_7.2.0.dir/__/__/mesh/core/src/net_state.c.obj
                0x0000000000039058                net_state_beacon_iv_index_get
 .text.net_state_rx_iv_index_get
                0x0000000000039064       0x18 examples/beaconing/CMakeFiles/beaconing_nrf52840_xxAA_s140_7.2.0.dir/__/__/mesh/core/src/net_state.c.obj
                0x0000000000039064                net_state_rx_iv_index_get
 .text.net_state_iv_update_get
                0x000000000003907c        0xc examples/beaconing/CMakeFiles/beaconing_nrf52840_xxAA_s140_7.2.0.dir/__/__/mesh/core/src/net_state.c.obj
                0x000000000003907c                net_state_iv_update_get
 .text.send_end_events
                0x0000000000039088       0x8c examples/beaconing/CMakeFiles/beaconing_nrf52840_xxAA_s140_7.2.0.dir/__/__/mesh/core/src/mesh_flash.c.obj
 .text.flash_op_schedule
                0x0000000000039114       0x94 examples/beaconing/CMakeFiles/beaconing_nrf52840_xxAA_s140_7.2.0.dir/__/__/mesh/core/src/mesh_flash.c.obj
 .text.flash_op_start
                0x00000000000391a8      0x178 examples/beaconing/CMakeFiles/beaconing_nrf52840_xxAA_s140_7.2.0.dir/__/__/mesh/core/src/mesh_flash.c.obj
 .text.mesh_flash_init
                0x0000000000039320       0x48 examples/beaconing/CMakeFiles/beaconing_nrf52840_xxAA_s140_7.2.0.dir/__/__/mesh/core/src/mesh_flash.c.obj
                0x0000000000039320                mesh_flash_init
 .text.mesh_flash_user_callback_set
                0x0000000000039368       0x24 examples/beaconing/CMakeFiles/beaconing_nrf52840_xxAA_s140_7.2.0.dir/__/__/mesh/core/src/mesh_flash.c.obj
                0x0000000000039368                mesh_flash_user_callback_set
 .text.mesh_flash_op_push
                0x000000000003938c      0x1b8 examples/beaconing/CMakeFiles/beaconing_nrf52840_xxAA_s140_7.2.0.dir/__/__/mesh/core/src/mesh_flash.c.obj
                0x000000000003938c                mesh_flash_op_push
 .text.mesh_flash_set_suspended
                0x0000000000039544       0x88 examples/beaconing/CMakeFiles/beaconing_nrf52840_xxAA_s140_7.2.0.dir/__/__/mesh/core/src/mesh_flash.c.obj
                0x0000000000039544                mesh_flash_set_suspended
 .text.nrf_mesh_address_type_get
                0x00000000000395cc       0x10 examples/beaconing/CMakeFiles/beaconing_nrf52840_xxAA_s140_7.2.0.dir/__/__/mesh/core/src/nrf_mesh_utils.c.obj
                0x00000000000395cc                nrf_mesh_address_type_get
 .text.sd_softdevice_is_enabled
                0x00000000000395dc        0x4 examples/beaconing/CMakeFiles/beaconing_nrf52840_xxAA_s140_7.2.0.dir/__/__/mesh/core/src/nrf_mesh.c.obj
 .text.packet_in
                0x00000000000395e0       0x7c examples/beaconing/CMakeFiles/beaconing_nrf52840_xxAA_s140_7.2.0.dir/__/__/mesh/core/src/nrf_mesh.c.obj
 .text.scanner_packet_process_cb
                0x000000000003965c       0x9c examples/beaconing/CMakeFiles/beaconing_nrf52840_xxAA_s140_7.2.0.dir/__/__/mesh/core/src/nrf_mesh.c.obj
 .text.nrf_mesh_enabled_be_cb
                0x00000000000396f8       0x58 examples/beaconing/CMakeFiles/beaconing_nrf52840_xxAA_s140_7.2.0.dir/__/__/mesh/core/src/nrf_mesh.c.obj
 .text.config_stable_catch
                0x0000000000039750       0x24 examples/beaconing/CMakeFiles/beaconing_nrf52840_xxAA_s140_7.2.0.dir/__/__/mesh/core/src/nrf_mesh.c.obj
 .text.nrf_mesh_init
                0x0000000000039774       0xe8 examples/beaconing/CMakeFiles/beaconing_nrf52840_xxAA_s140_7.2.0.dir/__/__/mesh/core/src/nrf_mesh.c.obj
                0x0000000000039774                nrf_mesh_init
 .text.nrf_mesh_enable
                0x000000000003985c       0xd0 examples/beaconing/CMakeFiles/beaconing_nrf52840_xxAA_s140_7.2.0.dir/__/__/mesh/core/src/nrf_mesh.c.obj
                0x000000000003985c                nrf_mesh_enable
 .text.nrf_mesh_packet_send
                0x000000000003992c        0x4 examples/beaconing/CMakeFiles/beaconing_nrf52840_xxAA_s140_7.2.0.dir/__/__/mesh/core/src/nrf_mesh.c.obj
                0x000000000003992c                nrf_mesh_packet_send
 .text.nrf_mesh_evt_handler_add
                0x0000000000039930        0x4 examples/beaconing/CMakeFiles/beaconing_nrf52840_xxAA_s140_7.2.0.dir/__/__/mesh/core/src/nrf_mesh.c.obj
                0x0000000000039930                nrf_mesh_evt_handler_add
 .text.nrf_mesh_evt_handler_remove
                0x0000000000039934        0x4 examples/beaconing/CMakeFiles/beaconing_nrf52840_xxAA_s140_7.2.0.dir/__/__/mesh/core/src/nrf_mesh.c.obj
                0x0000000000039934                nrf_mesh_evt_handler_remove
 .text.nrf_mesh_on_sd_evt
                0x0000000000039938        0xc examples/beaconing/CMakeFiles/beaconing_nrf52840_xxAA_s140_7.2.0.dir/__/__/mesh/core/src/nrf_mesh.c.obj
                0x0000000000039938                nrf_mesh_on_sd_evt
 .text.nrf_mesh_rx_cb_set
                0x0000000000039944        0xc examples/beaconing/CMakeFiles/beaconing_nrf52840_xxAA_s140_7.2.0.dir/__/__/mesh/core/src/nrf_mesh.c.obj
                0x0000000000039944                nrf_mesh_rx_cb_set
 .text.nrf_mesh_subnet_added
                0x0000000000039950        0x4 examples/beaconing/CMakeFiles/beaconing_nrf52840_xxAA_s140_7.2.0.dir/__/__/mesh/core/src/nrf_mesh.c.obj
                0x0000000000039950                nrf_mesh_subnet_added
 .text.nrf_mesh_unique_token_get
                0x0000000000039954       0x18 examples/beaconing/CMakeFiles/beaconing_nrf52840_xxAA_s140_7.2.0.dir/__/__/mesh/core/src/nrf_mesh.c.obj
                0x0000000000039954                nrf_mesh_unique_token_get
 .text.queue_init
                0x000000000003996c       0x1c examples/beaconing/CMakeFiles/beaconing_nrf52840_xxAA_s140_7.2.0.dir/__/__/mesh/core/src/queue.c.obj
                0x000000000003996c                queue_init
 .text.queue_push
                0x0000000000039988       0x3c examples/beaconing/CMakeFiles/beaconing_nrf52840_xxAA_s140_7.2.0.dir/__/__/mesh/core/src/queue.c.obj
                0x0000000000039988                queue_push
 .text.queue_pop
                0x00000000000399c4       0x2c examples/beaconing/CMakeFiles/beaconing_nrf52840_xxAA_s140_7.2.0.dir/__/__/mesh/core/src/queue.c.obj
                0x00000000000399c4                queue_pop
 .text.queue_peek
                0x00000000000399f0       0x14 examples/beaconing/CMakeFiles/beaconing_nrf52840_xxAA_s140_7.2.0.dir/__/__/mesh/core/src/queue.c.obj
                0x00000000000399f0                queue_peek
 .text.sd_power_reset_reason_clr
                0x0000000000039a04        0x4 examples/beaconing/CMakeFiles/beaconing_nrf52840_xxAA_s140_7.2.0.dir/__/__/mesh/core/src/hal.c.obj
 .text.hal_device_reset
                0x0000000000039a08       0x2c examples/beaconing/CMakeFiles/beaconing_nrf52840_xxAA_s140_7.2.0.dir/__/__/mesh/core/src/hal.c.obj
                0x0000000000039a08                hal_device_reset
 .text.hal_lfclk_ppm_get
                0x0000000000039a34       0x14 examples/beaconing/CMakeFiles/beaconing_nrf52840_xxAA_s140_7.2.0.dir/__/__/mesh/core/src/hal.c.obj
                0x0000000000039a34                hal_lfclk_ppm_get
 .text.hal_irq_active_get
                0x0000000000039a48       0x10 examples/beaconing/CMakeFiles/beaconing_nrf52840_xxAA_s140_7.2.0.dir/__/__/mesh/core/src/hal.c.obj
                0x0000000000039a48                hal_irq_active_get
 .text.hal_irq_is_enabled
                0x0000000000039a58       0x30 examples/beaconing/CMakeFiles/beaconing_nrf52840_xxAA_s140_7.2.0.dir/__/__/mesh/core/src/hal.c.obj
                0x0000000000039a58                hal_irq_is_enabled
 .text.sd_ecb_block_encrypt
                0x0000000000039a88        0x4 examples/beaconing/CMakeFiles/beaconing_nrf52840_xxAA_s140_7.2.0.dir/__/__/mesh/core/src/aes_cmac.c.obj
 .text.aes_cmac
                0x0000000000039a8c      0x68c examples/beaconing/CMakeFiles/beaconing_nrf52840_xxAA_s140_7.2.0.dir/__/__/mesh/core/src/aes_cmac.c.obj
                0x0000000000039a8c                aes_cmac
 .text.timer_cb
                0x000000000003a118        0xc examples/beaconing/CMakeFiles/beaconing_nrf52840_xxAA_s140_7.2.0.dir/__/__/mesh/core/src/timer_scheduler.c.obj
 .text.flag_event_cb
                0x000000000003a124      0x110 examples/beaconing/CMakeFiles/beaconing_nrf52840_xxAA_s140_7.2.0.dir/__/__/mesh/core/src/timer_scheduler.c.obj
 .text.timer_sch_init
                0x000000000003a234       0x34 examples/beaconing/CMakeFiles/beaconing_nrf52840_xxAA_s140_7.2.0.dir/__/__/mesh/core/src/timer_scheduler.c.obj
                0x000000000003a234                timer_sch_init
 .text.timer_sch_schedule
                0x000000000003a268       0xdc examples/beaconing/CMakeFiles/beaconing_nrf52840_xxAA_s140_7.2.0.dir/__/__/mesh/core/src/timer_scheduler.c.obj
                0x000000000003a268                timer_sch_schedule
 .text.timer_sch_abort
                0x000000000003a344       0x98 examples/beaconing/CMakeFiles/beaconing_nrf52840_xxAA_s140_7.2.0.dir/__/__/mesh/core/src/timer_scheduler.c.obj
                0x000000000003a344                timer_sch_abort
 .text.timer_sch_reschedule
                0x000000000003a3dc      0x160 examples/beaconing/CMakeFiles/beaconing_nrf52840_xxAA_s140_7.2.0.dir/__/__/mesh/core/src/timer_scheduler.c.obj
                0x000000000003a3dc                timer_sch_reschedule
 .text.nrf_mesh_timer_tail_handle
                0x000000000003a53c       0x70 examples/beaconing/CMakeFiles/beaconing_nrf52840_xxAA_s140_7.2.0.dir/__/__/mesh/core/src/timer.c.obj
                0x000000000003a53c                nrf_mesh_timer_tail_handle
 .text.nrf_mesh_timer_ovfw_handle
                0x000000000003a5ac       0xd8 examples/beaconing/CMakeFiles/beaconing_nrf52840_xxAA_s140_7.2.0.dir/__/__/mesh/core/src/timer.c.obj
                0x000000000003a5ac                nrf_mesh_timer_ovfw_handle
 .text.timer_init
                0x000000000003a684       0x1c examples/beaconing/CMakeFiles/beaconing_nrf52840_xxAA_s140_7.2.0.dir/__/__/mesh/core/src/timer.c.obj
                0x000000000003a684                timer_init
 .text.timer_now
                0x000000000003a6a0       0x4c examples/beaconing/CMakeFiles/beaconing_nrf52840_xxAA_s140_7.2.0.dir/__/__/mesh/core/src/timer.c.obj
                0x000000000003a6a0                timer_now
 .text.timer_start
                0x000000000003a6ec       0xf0 examples/beaconing/CMakeFiles/beaconing_nrf52840_xxAA_s140_7.2.0.dir/__/__/mesh/core/src/timer.c.obj
                0x000000000003a6ec                timer_start
 .text.timer_stop
                0x000000000003a7dc       0x34 examples/beaconing/CMakeFiles/beaconing_nrf52840_xxAA_s140_7.2.0.dir/__/__/mesh/core/src/timer.c.obj
                0x000000000003a7dc                timer_stop
 .text.sd_rand_application_bytes_available_get
                0x000000000003a810        0x4 examples/beaconing/CMakeFiles/beaconing_nrf52840_xxAA_s140_7.2.0.dir/__/__/mesh/core/src/rand.c.obj
 .text.sd_rand_application_vector_get
                0x000000000003a814        0x4 examples/beaconing/CMakeFiles/beaconing_nrf52840_xxAA_s140_7.2.0.dir/__/__/mesh/core/src/rand.c.obj
 .text.rand_prng_seed
                0x000000000003a818       0x78 examples/beaconing/CMakeFiles/beaconing_nrf52840_xxAA_s140_7.2.0.dir/__/__/mesh/core/src/rand.c.obj
                0x000000000003a818                rand_prng_seed
 .text.rand_prng_get
                0x000000000003a890       0x28 examples/beaconing/CMakeFiles/beaconing_nrf52840_xxAA_s140_7.2.0.dir/__/__/mesh/core/src/rand.c.obj
                0x000000000003a890                rand_prng_get
 .text.rand_hw_rng_get
                0x000000000003a8b8       0x60 examples/beaconing/CMakeFiles/beaconing_nrf52840_xxAA_s140_7.2.0.dir/__/__/mesh/core/src/rand.c.obj
                0x000000000003a8b8                rand_hw_rng_get
 .text.mesh_opt_init
                0x000000000003a918        0x4 examples/beaconing/CMakeFiles/beaconing_nrf52840_xxAA_s140_7.2.0.dir/__/__/mesh/core/src/mesh_opt.c.obj
                0x000000000003a918                mesh_opt_init
 .text.mesh_opt_clear
                0x000000000003a91c        0x8 examples/beaconing/CMakeFiles/beaconing_nrf52840_xxAA_s140_7.2.0.dir/__/__/mesh/core/src/mesh_opt.c.obj
                0x000000000003a91c                mesh_opt_clear
 .text.sd_radio_session_open
                0x000000000003a924        0x4 examples/beaconing/CMakeFiles/beaconing_nrf52840_xxAA_s140_7.2.0.dir/__/__/mesh/core/src/timeslot.c.obj
 .text.sd_radio_session_close
                0x000000000003a928        0x4 examples/beaconing/CMakeFiles/beaconing_nrf52840_xxAA_s140_7.2.0.dir/__/__/mesh/core/src/timeslot.c.obj
 .text.sd_radio_request
                0x000000000003a92c        0x4 examples/beaconing/CMakeFiles/beaconing_nrf52840_xxAA_s140_7.2.0.dir/__/__/mesh/core/src/timeslot.c.obj